Component: ARM Compiler 5.06 update 7 (build 960) Tool: armlink [4d3601]

==============================================================================

Section Cross References

    main.o(i.ChangePeriod) refers to tasks.o(i.vTaskResume) for vTaskResume
    main.o(i.ChangePeriod) refers to printf3.o(i.__0printf$3) for __2printf
    main.o(i.ChangePeriod) refers to main.o(.bss) for RxBuffer
    main.o(i.ChangePeriod) refers to main.o(.data) for xGetDataDHT11Task
    main.o(i.Menu) refers to tasks.o(i.vTaskSuspend) for vTaskSuspend
    main.o(i.Menu) refers to printf3.o(i.__0printf$3) for __2printf
    main.o(i.Menu) refers to main.o(.data) for xGetDataDHT11Task
    main.o(i.Menu) refers to main.o(.conststring) for .conststring
    main.o(i.NewPeriod) refers to printf3.o(i.__0printf$3) for __2printf
    main.o(i.NewPeriod) refers to main.o(i.Menu) for Menu
    main.o(i.NewPeriod) refers to main.o(.data) for RxCounter
    main.o(i.NewPeriod) refers to main.o(.bss) for RxBuffer
    main.o(i.Project_Init) refers to my_timer.o(i.Timer2_StandardLibrary) for Timer2_StandardLibrary
    main.o(i.Project_Init) refers to my_i2c.o(i.I2C_Config) for I2C_Config
    main.o(i.Project_Init) refers to my_usart.o(i.GPIOUsart1_Config) for GPIOUsart1_Config
    main.o(i.Project_Init) refers to my_usart.o(i.USART1_Config) for USART1_Config
    main.o(i.Project_Init) refers to printf3.o(i.__0printf$3) for __2printf
    main.o(i.Project_Init) refers to lcd_i2c.o(i.I2C_LCD_Init) for I2C_LCD_Init
    main.o(i.Project_Init) refers to lcd_i2c.o(i.I2C_LCD_Clear) for I2C_LCD_Clear
    main.o(i.Project_Init) refers to lcd_i2c.o(i.I2C_LCD_BackLight) for I2C_LCD_BackLight
    main.o(i.Project_Init) refers to lcd_i2c.o(i.I2C_LCD_Puts) for I2C_LCD_Puts
    main.o(i.Project_Init) refers to lcd_i2c.o(i.I2C_LCD_WriteCmd) for I2C_LCD_WriteCmd
    main.o(i.Project_Init) refers to lcd_i2c.o(i.LCD_Write_Chr) for LCD_Write_Chr
    main.o(i.Project_Init) refers to lcd_i2c.o(i.I2C_LCD_NewLine) for I2C_LCD_NewLine
    main.o(i.main) refers to main.o(i.Project_Init) for Project_Init
    main.o(i.main) refers to queue.o(i.xQueueGenericCreate) for xQueueGenericCreate
    main.o(i.main) refers to tasks.o(i.xTaskCreate) for xTaskCreate
    main.o(i.main) refers to tasks.o(i.vTaskStartScheduler) for vTaskStartScheduler
    main.o(i.main) refers to main.o(.data) for xQueueLCD
    main.o(i.main) refers to main.o(i.vGetDataDHT11Task) for vGetDataDHT11Task
    main.o(i.main) refers to main.o(i.vGetDataDS18B20Task) for vGetDataDS18B20Task
    main.o(i.main) refers to main.o(i.vDisplayLCDTask) for vDisplayLCDTask
    main.o(i.main) refers to main.o(i.vSendToPCTask) for vSendToPCTask
    main.o(i.main) refers to main.o(i.vSetTimeTask) for vSetTimeTask
    main.o(i.vDisplayLCDTask) refers to queue.o(i.xQueueReceive) for xQueueReceive
    main.o(i.vDisplayLCDTask) refers to lcd_i2c.o(i.I2C_LCD_WriteCmd) for I2C_LCD_WriteCmd
    main.o(i.vDisplayLCDTask) refers to printf3.o(i.__0sprintf$3) for __2sprintf
    main.o(i.vDisplayLCDTask) refers to lcd_i2c.o(i.I2C_LCD_Puts) for I2C_LCD_Puts
    main.o(i.vDisplayLCDTask) refers to main.o(.data) for xQueueLCD
    main.o(i.vDisplayLCDTask) refers to main.o(.bss) for Str
    main.o(i.vGetDataDHT11Task) refers to port.o(i.vPortEnterCritical) for vPortEnterCritical
    main.o(i.vGetDataDHT11Task) refers to dht11.o(i.DHT11_GetData) for DHT11_GetData
    main.o(i.vGetDataDHT11Task) refers to port.o(i.vPortExitCritical) for vPortExitCritical
    main.o(i.vGetDataDHT11Task) refers to queue.o(i.xQueueGenericSend) for xQueueGenericSend
    main.o(i.vGetDataDHT11Task) refers to tasks.o(i.vTaskDelay) for vTaskDelay
    main.o(i.vGetDataDHT11Task) refers to main.o(.data) for DHT11_Data
    main.o(i.vGetDataDS18B20Task) refers to port.o(i.vPortEnterCritical) for vPortEnterCritical
    main.o(i.vGetDataDS18B20Task) refers to ds18b20.o(i.DS18B20_GetData) for DS18B20_GetData
    main.o(i.vGetDataDS18B20Task) refers to port.o(i.vPortExitCritical) for vPortExitCritical
    main.o(i.vGetDataDS18B20Task) refers to ffixui.o(.text) for __aeabi_f2uiz
    main.o(i.vGetDataDS18B20Task) refers to queue.o(i.xQueueGenericSend) for xQueueGenericSend
    main.o(i.vGetDataDS18B20Task) refers to tasks.o(i.vTaskDelay) for vTaskDelay
    main.o(i.vGetDataDS18B20Task) refers to ds18b20.o(.data) for TemperatureDS18B20
    main.o(i.vGetDataDS18B20Task) refers to main.o(.data) for xQueueLCD
    main.o(i.vSendToPCTask) refers to queue.o(i.xQueueReceive) for xQueueReceive
    main.o(i.vSendToPCTask) refers to printf3.o(i.__0printf$3) for __2printf
    main.o(i.vSendToPCTask) refers to main.o(.data) for xQueuePC
    main.o(i.vSetTimeTask) refers to tasks.o(i.xTaskGenericNotifyWait) for xTaskGenericNotifyWait
    main.o(i.vSetTimeTask) refers to printf3.o(i.__0printf$3) for __2printf
    main.o(i.vSetTimeTask) refers to main.o(i.Menu) for Menu
[...]
    Removing stm32f10x_tim.o(i.TIM_ForcedOC2Config), (26 bytes).
    Removing stm32f10x_tim.o(i.TIM_ForcedOC3Config), (18 bytes).
    Removing stm32f10x_tim.o(i.TIM_ForcedOC4Config), (26 bytes).
    Removing stm32f10x_tim.o(i.TIM_GenerateEvent), (4 bytes).
    Removing stm32f10x_tim.o(i.TIM_GetCapture1), (6 bytes).
    Removing stm32f10x_tim.o(i.TIM_GetCapture2), (6 bytes).
    Removing stm32f10x_tim.o(i.TIM_GetCapture3), (6 bytes).
    Removing stm32f10x_tim.o(i.TIM_GetCapture4), (8 bytes).
    Removing stm32f10x_tim.o(i.TIM_GetFlagStatus), (18 bytes).
    Removing stm32f10x_tim.o(i.TIM_GetITStatus), (34 bytes).
    Removing stm32f10x_tim.o(i.TIM_GetPrescaler), (6 bytes).
    Removing stm32f10x_tim.o(i.TIM_ICInit), (172 bytes).
    Removing stm32f10x_tim.o(i.TIM_ICStructInit), (18 bytes).
    Removing stm32f10x_tim.o(i.TIM_ITConfig), (18 bytes).
    Removing stm32f10x_tim.o(i.TIM_ITRxExternalClockConfig), (24 bytes).
    Removing stm32f10x_tim.o(i.TIM_InternalClockConfig), (12 bytes).
    Removing stm32f10x_tim.o(i.TIM_OC1FastConfig), (18 bytes).
    Removing stm32f10x_tim.o(i.TIM_OC1Init), (152 bytes).
    Removing stm32f10x_tim.o(i.TIM_OC1NPolarityConfig), (18 bytes).
    Removing stm32f10x_tim.o(i.TIM_OC1PolarityConfig), (18 bytes).
    Removing stm32f10x_tim.o(i.TIM_OC1PreloadConfig), (18 bytes).
    Removing stm32f10x_tim.o(i.TIM_OC2FastConfig), (26 bytes).
    Removing stm32f10x_tim.o(i.TIM_OC2Init), (164 bytes).
    Removing stm32f10x_tim.o(i.TIM_OC2NPolarityConfig), (26 bytes).
    Removing stm32f10x_tim.o(i.TIM_OC2PolarityConfig), (26 bytes).
    Removing stm32f10x_tim.o(i.TIM_OC2PreloadConfig), (26 bytes).
    Removing stm32f10x_tim.o(i.TIM_OC3FastConfig), (18 bytes).
    Removing stm32f10x_tim.o(i.TIM_OC3Init), (160 bytes).
    Removing stm32f10x_tim.o(i.TIM_OC3NPolarityConfig), (26 bytes).
    Removing stm32f10x_tim.o(i.TIM_OC3PolarityConfig), (26 bytes).
    Removing stm32f10x_tim.o(i.TIM_OC3PreloadConfig), (18 bytes).
    Removing stm32f10x_tim.o(i.TIM_OC4FastConfig), (26 bytes).
    Removing stm32f10x_tim.o(i.TIM_OC4Init), (124 bytes).
    Removing stm32f10x_tim.o(i.TIM_OC4PolarityConfig), (26 bytes).
    Removing stm32f10x_tim.o(i.TIM_OC4PreloadConfig), (26 bytes).
    Removing stm32f10x_tim.o(i.TIM_OCStructInit), (20 bytes).
    Removing stm32f10x_tim.o(i.TIM_PWMIConfig), (124 bytes).
    Removing stm32f10x_tim.o(i.TIM_PrescalerConfig), (6 bytes).
    Removing stm32f10x_tim.o(i.TIM_SelectCCDMA), (24 bytes).
    Removing stm32f10x_tim.o(i.TIM_SelectCOM), (24 bytes).
    Removing stm32f10x_tim.o(i.TIM_SelectHallSensor), (24 bytes).
    Removing stm32f10x_tim.o(i.TIM_SelectInputTrigger), (18 bytes).
    Removing stm32f10x_tim.o(i.TIM_SelectMasterSlaveMode), (18 bytes).
    Removing stm32f10x_tim.o(i.TIM_SelectOCxM), (82 bytes).
    Removing stm32f10x_tim.o(i.TIM_SelectOnePulseMode), (18 bytes).
    Removing stm32f10x_tim.o(i.TIM_SelectOutputTrigger), (18 bytes).
    Removing stm32f10x_tim.o(i.TIM_SelectSlaveMode), (18 bytes).
    Removing stm32f10x_tim.o(i.TIM_SetAutoreload), (4 bytes).
    Removing stm32f10x_tim.o(i.TIM_SetClockDivision), (18 bytes).
    Removing stm32f10x_tim.o(i.TIM_SetCompare1), (4 bytes).
    Removing stm32f10x_tim.o(i.TIM_SetCompare2), (4 bytes).
    Removing stm32f10x_tim.o(i.TIM_SetCompare3), (4 bytes).
    Removing stm32f10x_tim.o(i.TIM_SetCompare4), (6 bytes).
    Removing stm32f10x_tim.o(i.TIM_SetIC1Prescaler), (18 bytes).
    Removing stm32f10x_tim.o(i.TIM_SetIC2Prescaler), (26 bytes).
    Removing stm32f10x_tim.o(i.TIM_SetIC3Prescaler), (18 bytes).
    Removing stm32f10x_tim.o(i.TIM_SetIC4Prescaler), (26 bytes).
    Removing stm32f10x_tim.o(i.TIM_TIxExternalClockConfig), (62 bytes).
    Removing stm32f10x_tim.o(i.TIM_TimeBaseStructInit), (18 bytes).
    Removing stm32f10x_tim.o(i.TIM_UpdateDisableConfig), (24 bytes).
    Removing stm32f10x_tim.o(i.TIM_UpdateRequestConfig), (24 bytes).
    Removing my_i2c.o(i.I2C_ReadMulti), (60 bytes).
    Removing my_i2c.o(i.I2C_WriteMulti), (52 bytes).
    Removing my_i2c.o(i.ReadAck_I2C_Data), (44 bytes).
    Removing heap_4.o(i.vPortGetHeapStats), (128 bytes).
    Removing heap_4.o(i.vPortInitialiseBlocks), (2 bytes).
    Removing heap_4.o(i.xPortGetFreeHeapSize), (12 bytes).
    Removing heap_4.o(i.xPortGetMinimumEverFreeHeapSize), (12 bytes).
    Removing port.o(i.vPortEndScheduler), (2 bytes).
    Removing event_groups.o(i.prvTestWaitCondition), (30 bytes).
    Removing event_groups.o(i.vEventGroupClearBitsCallback), (16 bytes).
    Removing event_groups.o(i.vEventGroupDelete), (42 bytes).
    Removing event_groups.o(i.vEventGroupSetBitsCallback), (16 bytes).
    Removing event_groups.o(i.xEventGroupClearBits), (32 bytes).
    Removing event_groups.o(i.xEventGroupCreate), (26 bytes).
    Removing event_groups.o(i.xEventGroupGetBitsFromISR), (44 bytes).
    Removing event_groups.o(i.xEventGroupSetBits), (146 bytes).
    Removing event_groups.o(i.xEventGroupSync), (168 bytes).
    Removing event_groups.o(i.xEventGroupWaitBits), (204 bytes).
    Removing queue.o(i.uxQueueMessagesWaiting), (18 bytes).
    Removing queue.o(i.uxQueueMessagesWaitingFromISR), (8 bytes).
    Removing queue.o(i.uxQueueSpacesAvailable), (24 bytes).
    Removing queue.o(i.vQueueDelete), (14 bytes).
    Removing queue.o(i.xQueueCreateCountingSemaphore), (34 bytes).
    Removing queue.o(i.xQueueGenericSendFromISR), (138 bytes).
    Removing queue.o(i.xQueueGiveFromISR), (120 bytes).
    Removing queue.o(i.xQueueIsQueueEmptyFromISR), (16 bytes).
    Removing queue.o(i.xQueueIsQueueFullFromISR), (22 bytes).
    Removing queue.o(i.xQueuePeek), (268 bytes).
    Removing queue.o(i.xQueuePeekFromISR), (74 bytes).
    Removing queue.o(i.xQueueReceiveFromISR), (130 bytes).
    Removing queue.o(i.xQueueSemaphoreTake), (240 bytes).
    Removing tasks.o(i.pcTaskGetName), (24 bytes).
    Removing tasks.o(i.ulTaskGenericNotifyTake), (136 bytes).
    Removing tasks.o(i.ulTaskGenericNotifyValueClear), (64 bytes).
    Removing tasks.o(i.uxTaskGetNumberOfTasks), (12 bytes).
    Removing tasks.o(i.uxTaskPriorityGet), (36 bytes).
    Removing tasks.o(i.uxTaskPriorityGetFromISR), (56 bytes).
    Removing tasks.o(i.uxTaskResetEventItemValue), (28 bytes).
    Removing tasks.o(i.vTaskDelete), (204 bytes).
    Removing tasks.o(i.vTaskEndScheduler), (36 bytes).
    Removing tasks.o(i.vTaskGenericNotifyGiveFromISR), (336 bytes).
    Removing tasks.o(i.vTaskPlaceOnUnorderedEventList), (80 bytes).
    Removing tasks.o(i.vTaskPrioritySet), (284 bytes).
    Removing tasks.o(i.vTaskRemoveFromUnorderedEventList), (208 bytes).
    Removing tasks.o(i.vTaskSetTimeOutState), (36 bytes).
    Removing tasks.o(i.xTaskCatchUpTicks), (32 bytes).
    Removing tasks.o(i.xTaskDelayUntil), (116 bytes).
    Removing tasks.o(i.xTaskGenericNotify), (332 bytes).
    Removing tasks.o(i.xTaskGenericNotifyStateClear), (64 bytes).
    Removing tasks.o(i.xTaskGetTickCount), (12 bytes).
    Removing tasks.o(i.xTaskGetTickCountFromISR), (12 bytes).
    Removing tasks.o(i.xTaskResumeFromISR), (216 bytes).
    Removing dadd.o(.text), (334 bytes).
    Removing dmul.o(.text), (228 bytes).
    Removing ddiv.o(.text), (222 bytes).
    Removing dfixul.o(.text), (48 bytes).
    Removing cdrcmple.o(.text), (48 bytes).
    Removing depilogue.o(.text), (186 bytes).

249 unused section(s) (total 12892 bytes) removed from the image.

==============================================================================

Image Symbol Table

    Local Symbols

    Symbol Name                              Value     Ov Type        Size  Object(Section)

    ../clib/../cmprslib/zerorunl2.c          0x00000000   Number         0  __dczerorl2.o ABSOLUTE
    ../clib/microlib/division.c              0x00000000   Number         0  uidiv.o ABSOLUTE
    ../clib/microlib/division.c              0x00000000   Number         0  uldiv.o ABSOLUTE
    ../clib/microlib/init/entry.s            0x00000000   Number         0  entry9a.o ABSOLUTE
    ../clib/microlib/init/entry.s            0x00000000   Number         0  entry10a.o ABSOLUTE
    ../clib/microlib/init/entry.s            0x00000000   Number         0  entry9b.o ABSOLUTE
    ../clib/microlib/init/entry.s            0x00000000   Number         0  entry.o ABSOLUTE
    ../clib/microlib/init/entry.s            0x00000000   Number         0  entry8a.o ABSOLUTE
    ../clib/microlib/init/entry.s            0x00000000   Number         0  entry7b.o ABSOLUTE
    ../clib/microlib/init/entry.s            0x00000000   Number         0  entry7a.o ABSOLUTE
    ../clib/microlib/init/entry.s            0x00000000   Number         0  entry8b.o ABSOLUTE
    ../clib/microlib/init/entry.s            0x00000000   Number         0  entry2.o ABSOLUTE
    ../clib/microlib/init/entry.s            0x00000000   Number         0  entry12b.o ABSOLUTE
    ../clib/microlib/init/entry.s            0x00000000   Number         0  entry12a.o ABSOLUTE
    ../clib/microlib/init/entry.s            0x00000000   Number         0  entry11b.o ABSOLUTE
    ../clib/microlib/init/entry.s            0x00000000   Number         0  entry5.o ABSOLUTE
    ../clib/microlib/init/entry.s            0x00000000   Number         0  entry11a.o ABSOLUTE
    ../clib/microlib/init/entry.s            0x00000000   Number         0  entry10b.o ABSOLUTE
    ../clib/microlib/longlong.c              0x00000000   Number         0  llushr.o ABSOLUTE
    ../clib/microlib/longlong.c              0x00000000   Number         0  llsshr.o ABSOLUTE
    ../clib/microlib/longlong.c              0x00000000   Number         0  llshl.o ABSOLUTE
    ../clib/microlib/printf/printf.c         0x00000000   Number         0  printf6.o ABSOLUTE
    ../clib/microlib/printf/printf.c         0x00000000   Number         0  printf8.o ABSOLUTE
    ../clib/microlib/printf/printf.c         0x00000000   Number         0  printfa.o ABSOLUTE
    ../clib/microlib/printf/printf.c         0x00000000   Number         0  printf0.o ABSOLUTE
    ../clib/microlib/printf/printf.c         0x00000000   Number         0  printfb.o ABSOLUTE
    ../clib/microlib/printf/printf.c         0x00000000   Number         0  printf5.o ABSOLUTE
    ../clib/microlib/printf/printf.c         0x00000000   Number         0  printf1.o ABSOLUTE
    ../clib/microlib/printf/printf.c         0x00000000   Number         0  printf2.o ABSOLUTE
    ../clib/microlib/printf/printf.c         0x00000000   Number         0  printf3.o ABSOLUTE
    ../clib/microlib/printf/printf.c         0x00000000   Number         0  printf4.o ABSOLUTE
    ../clib/microlib/printf/printf.c         0x00000000   Number         0  printf7.o ABSOLUTE
    ../clib/microlib/printf/stubs.s          0x00000000   Number         0  stubs.o ABSOLUTE
    ../clib/microlib/stdio/streams.c         0x00000000   Number         0  stdout.o ABSOLUTE
    ../clib/microlib/string/memcpy.c         0x00000000   Number         0  memcpya.o ABSOLUTE
    ../clib/microlib/string/memcpy.c         0x00000000   Number         0  memcpyb.o ABSOLUTE
    ../clib/microlib/stubs.s                 0x00000000   Number         0  iusefp.o ABSOLUTE
    ../fplib/microlib/fpadd.c                0x00000000   Number         0  dadd.o ABSOLUTE
    ../fplib/microlib/fpdiv.c                0x00000000   Number         0  ddiv.o ABSOLUTE
    ../fplib/microlib/fpepilogue.c           0x00000000   Number         0  depilogue.o ABSOLUTE
    ../fplib/microlib/fpepilogue.c           0x00000000   Number         0  fepilogue.o ABSOLUTE
    ../fplib/microlib/fpfix.c                0x00000000   Number         0  dfixul.o ABSOLUTE
    ../fplib/microlib/fpfix.c                0x00000000   Number         0  ffixui.o ABSOLUTE
    ../fplib/microlib/fpflt.c                0x00000000   Number         0  fflti.o ABSOLUTE
    ../fplib/microlib/fpmul.c                0x00000000   Number         0  dmul.o ABSOLUTE
    ..\FreeRTOS\portable\MemMang\heap_4.c    0x00000000   Number         0  heap_4.o ABSOLUTE
    ..\FreeRTOS\portable\RVDS\ARM_CM3\port.c 0x00000000   Number         0  port.o ABSOLUTE
    ..\FreeRTOS\source\croutine.c            0x00000000   Number         0  croutine.o ABSOLUTE
    ..\FreeRTOS\source\event_groups.c        0x00000000   Number         0  event_groups.o ABSOLUTE
    ..\FreeRTOS\source\list.c                0x00000000   Number         0  list.o ABSOLUTE
    ..\FreeRTOS\source\queue.c               0x00000000   Number         0  queue.o ABSOLUTE
    ..\FreeRTOS\source\tasks.c               0x00000000   Number         0  tasks.o ABSOLUTE
    ..\FreeRTOS\source\timers.c              0x00000000   Number         0  timers.o ABSOLUTE
    ..\Standard_Libraries\CMSIS\CM3\CoreSupport\core_cm3.c 0x00000000   Number         0  core_cm3.o ABSOLUTE
    ..\Standard_Libraries\CMSIS\CM3\DeviceSupport\ST\STM32F10x\startup\arm\startup_stm32f10x_md.s 0x00000000   Number         0  startup_stm32f10x_md.o ABSOLUTE
    ..\Standard_Libraries\CMSIS\CM3\DeviceSupport\ST\STM32F10x\system_stm32f10x.c 0x00000000   Number         0  system_stm32f10x.o ABSOLUTE
    ..\Standard_Libraries\STM32F10x_StdPeriph_Driver\src\misc.c 0x00000000   Number         0  misc.o ABSOLUTE
    ..\Standard_Libraries\STM32F10x_StdPeriph_Driver\src\stm32f10x_exti.c 0x00000000   Number         0  stm32f10x_exti.o ABSOLUTE
    ..\Standard_Libraries\STM32F10x_StdPeriph_Driver\src\stm32f10x_gpio.c 0x00000000   Number         0  stm32f10x_gpio.o ABSOLUTE
    ..\Standard_Libraries\STM32F10x_StdPeriph_Driver\src\stm32f10x_i2c.c 0x00000000   Number         0  stm32f10x_i2c.o ABSOLUTE
    ..\Standard_Libraries\STM32F10x_StdPeriph_Driver\src\stm32f10x_rcc.c 0x00000000   Number         0  stm32f10x_rcc.o ABSOLUTE
    ..\Standard_Libraries\STM32F10x_StdPeriph_Driver\src\stm32f10x_tim.c 0x00000000   Number         0  stm32f10x_tim.o ABSOLUTE
    ..\Standard_Libraries\STM32F10x_StdPeriph_Driver\src\stm32f10x_usart.c 0x00000000   Number         0  stm32f10x_usart.o ABSOLUTE
    ..\User_Application\src\main.c           0x00000000   Number         0  main.o ABSOLUTE
    ..\User_Application\src\stm32f10x_it.c   0x00000000   Number         0  stm32f10x_it.o ABSOLUTE
    ..\User_Libraries\src\DHT11.c            0x00000000   Number         0  dht11.o ABSOLUTE
    ..\User_Libraries\src\DS18B20.c          0x00000000   Number         0  ds18b20.o ABSOLUTE
    ..\User_Libraries\src\LCD_I2C.c          0x00000000   Number         0  lcd_i2c.o ABSOLUTE
    ..\User_Libraries\src\my_i2c.c           0x00000000   Number         0  my_i2c.o ABSOLUTE
    ..\User_Libraries\src\my_timer.c         0x00000000   Number         0  my_timer.o ABSOLUTE
    ..\User_Libraries\src\my_usart.c         0x00000000   Number         0  my_usart.o ABSOLUTE
    ..\\FreeRTOS\\portable\\RVDS\\ARM_CM3\\port.c 0x00000000   Number         0  port.o ABSOLUTE
    ..\\Standard_Libraries\\CMSIS\\CM3\\CoreSupport\\core_cm3.c 0x00000000   Number         0  core_cm3.o ABSOLUTE
    cdrcmple.s                               0x00000000   Number         0  cdrcmple.o ABSOLUTE
    dc.s                                     0x00000000   Number         0  dc.o ABSOLUTE
    handlers.s                               0x00000000   Number         0  handlers.o ABSOLUTE
    init.s                                   0x00000000   Number         0  init.o ABSOLUTE
    RESET                                    0x08000000   Section      236  startup_stm32f10x_md.o(RESET)
    .ARM.Collect$$$$00000000                 0x080000ec   Section        0  entry.o(.ARM.Collect$$$$00000000)
    .ARM.Collect$$$$00000001                 0x080000ec   Section        4  entry2.o(.ARM.Collect$$$$00000001)
    .ARM.Collect$$$$00000004                 0x080000f0   Section        4  entry5.o(.ARM.Collect$$$$00000004)
    .ARM.Collect$$$$00000008                 0x080000f4   Section        0  entry7b.o(.ARM.Collect$$$$00000008)
    .ARM.Collect$$$$0000000A                 0x080000f4   Section        0  entry8b.o(.ARM.Collect$$$$0000000A)
    .ARM.Collect$$$$0000000B                 0x080000f4   Section        8  entry9a.o(.ARM.Collect$$$$0000000B)
    .ARM.Collect$$$$0000000E                 0x080000fc   Section        4  entry12b.o(.ARM.Collect$$$$0000000E)
    .ARM.Collect$$$$0000000F                 0x08000100   Section        0  entry10a.o(.ARM.Collect$$$$0000000F)
    .ARM.Collect$$$$00000011                 0x08000100   Section        0  entry11a.o(.ARM.Collect$$$$00000011)
    .ARM.Collect$$$$00002712                 0x08000100   Section        4  entry2.o(.ARM.Collect$$$$00002712)
    __lit__00000000                          0x08000100   Data           4  entry2.o(.ARM.Collect$$$$00002712)
    .emb_text                                0x08000104   Section      150  port.o(.emb_text)
    .text                                    0x0800019c   Section       36  startup_stm32f10x_md.o(.text)
    .text                                    0x080001c0   Section        0  memcpya.o(.text)
    .text                                    0x080001e4   Section        0  fflti.o(.text)
    .text                                    0x080001f6   Section        0  ffixui.o(.text)
    .text                                    0x0800021e   Section        0  uidiv.o(.text)
    .text                                    0x0800024a   Section        0  fepilogue.o(.text)
    .text                                    0x0800024a   Section        0  iusefp.o(.text)
    .text                                    0x080002b8   Section       36  init.o(.text)
    .text                                    0x080002dc   Section        0  __dczerorl2.o(.text)
    i.BusFault_Handler                       0x08000332   Section        0  stm32f10x_it.o(i.BusFault_Handler)
    i.ChangePeriod                           0x08000338   Section        0  main.o(i.ChangePeriod)
    ChangePeriod                             0x08000339   Thumb Code   134  main.o(i.ChangePeriod)
    i.DHT11_Check_Response                   0x080004bc   Section        0  dht11.o(i.DHT11_Check_Response)
    DHT11_Check_Response                     0x080004bd   Thumb Code    64  dht11.o(i.DHT11_Check_Response)
    i.DHT11_GetData                          0x08000500   Section        0  dht11.o(i.DHT11_GetData)
    i.DHT11_Read                             0x08000578   Section        0  dht11.o(i.DHT11_Read)
    DHT11_Read                               0x08000579   Thumb Code    86  dht11.o(i.DHT11_Read)
    i.DHT11_Start                            0x080005d4   Section        0  dht11.o(i.DHT11_Start)
    DHT11_Start                              0x080005d5   Thumb Code    36  dht11.o(i.DHT11_Start)
    i.DS18B20_GetData                        0x080005fc   Section        0  ds18b20.o(i.DS18B20_GetData)
    i.DS18B20_Read                           0x08000678   Section        0  ds18b20.o(i.DS18B20_Read)
    DS18B20_Read                             0x08000679   Thumb Code    68  ds18b20.o(i.DS18B20_Read)
    i.DS18B20_Start                          0x080006c0   Section        0  ds18b20.o(i.DS18B20_Start)
    DS18B20_Start                            0x080006c1   Thumb Code    62  ds18b20.o(i.DS18B20_Start)
    i.DS18B20_Write                          0x08000704   Section        0  ds18b20.o(i.DS18B20_Write)
    DS18B20_Write                            0x08000705   Thumb Code    80  ds18b20.o(i.DS18B20_Write)
    i.DebugMon_Handler                       0x08000758   Section        0  stm32f10x_it.o(i.DebugMon_Handler)
    i.Delay_Timer2_StandardLibrary_ms        0x0800075a   Section        0  my_timer.o(i.Delay_Timer2_StandardLibrary_ms)
    i.Delay_Timer2_StandardLibrary_us        0x08000782   Section        0  my_timer.o(i.Delay_Timer2_StandardLibrary_us)
    i.GPIOUsart1_Config                      0x080007a8   Section        0  my_usart.o(i.GPIOUsart1_Config)
    i.GPIO_DataDHT11_Input                   0x080007ec   Section        0  dht11.o(i.GPIO_DataDHT11_Input)
    GPIO_DataDHT11_Input                     0x080007ed   Thumb Code    38  dht11.o(i.GPIO_DataDHT11_Input)
    i.GPIO_DataDHT11_Output                  0x08000818   Section        0  dht11.o(i.GPIO_DataDHT11_Output)
    GPIO_DataDHT11_Output                    0x08000819   Thumb Code    38  dht11.o(i.GPIO_DataDHT11_Output)
    i.GPIO_DataDS18B20_Input                 0x08000844   Section        0  ds18b20.o(i.GPIO_DataDS18B20_Input)
    GPIO_DataDS18B20_Input                   0x08000845   Thumb Code    38  ds18b20.o(i.GPIO_DataDS18B20_Input)
    i.GPIO_DataDS18B20_Output                0x08000870   Section        0  ds18b20.o(i.GPIO_DataDS18B20_Output)
    GPIO_DataDS18B20_Output                  0x08000871   Thumb Code    38  ds18b20.o(i.GPIO_DataDS18B20_Output)
    i.GPIO_Init                              0x0800089c   Section        0  stm32f10x_gpio.o(i.GPIO_Init)
    i.GPIO_ReadInputDataBit                  0x080009b2   Section        0  stm32f10x_gpio.o(i.GPIO_ReadInputDataBit)
    i.GPIO_ResetBits                         0x080009c4   Section        0  stm32f10x_gpio.o(i.GPIO_ResetBits)
    i.GPIO_SetBits                           0x080009c8   Section        0  stm32f10x_gpio.o(i.GPIO_SetBits)
    i.HardFault_Handler                      0x080009cc   Section        0  stm32f10x_it.o(i.HardFault_Handler)
    i.I2C_AcknowledgeConfig                  0x080009d0   Section        0  stm32f10x_i2c.o(i.I2C_AcknowledgeConfig)
    i.I2C_CheckEvent                         0x080009e8   Section        0  stm32f10x_i2c.o(i.I2C_CheckEvent)
    i.I2C_Cmd                                0x08000a12   Section        0  stm32f10x_i2c.o(i.I2C_Cmd)
    i.I2C_Config                             0x08000a2c   Section        0  my_i2c.o(i.I2C_Config)
    i.I2C_GenerateSTART                      0x08000aa4   Section        0  stm32f10x_i2c.o(i.I2C_GenerateSTART)
    i.I2C_GenerateSTOP                       0x08000abc   Section        0  stm32f10x_i2c.o(i.I2C_GenerateSTOP)
    i.I2C_GetFlagStatus                      0x08000ad4   Section        0  stm32f10x_i2c.o(i.I2C_GetFlagStatus)
    i.I2C_Init                               0x08000b10   Section        0  stm32f10x_i2c.o(i.I2C_Init)
    i.I2C_LCD_BackLight                      0x08000bfc   Section        0  lcd_i2c.o(i.I2C_LCD_BackLight)
    i.I2C_LCD_Clear                          0x08000c1c   Section        0  lcd_i2c.o(i.I2C_LCD_Clear)
    i.I2C_LCD_FlushVal                       0x08000c28   Section        0  lcd_i2c.o(i.I2C_LCD_FlushVal)
    I2C_LCD_FlushVal                         0x08000c29   Thumb Code    54  lcd_i2c.o(i.I2C_LCD_FlushVal)
    i.I2C_LCD_Init                           0x08000c6c   Section        0  lcd_i2c.o(i.I2C_LCD_Init)
    i.I2C_LCD_NewLine                        0x08000ce8   Section        0  lcd_i2c.o(i.I2C_LCD_NewLine)
    i.I2C_LCD_Puts                           0x08000cf2   Section        0  lcd_i2c.o(i.I2C_LCD_Puts)
    i.I2C_LCD_WriteCmd                       0x08000d10   Section        0  lcd_i2c.o(i.I2C_LCD_WriteCmd)
    i.I2C_LCD_Write_4bit                     0x08000d40   Section        0  lcd_i2c.o(i.I2C_LCD_Write_4bit)
    I2C_LCD_Write_4bit                       0x08000d41   Thumb Code   106  lcd_i2c.o(i.I2C_LCD_Write_4bit)
    i.I2C_Read                               0x08000db0   Section        0  my_i2c.o(i.I2C_Read)
    i.I2C_ReceiveData                        0x08000dca   Section        0  stm32f10x_i2c.o(i.I2C_ReceiveData)
    i.I2C_Send7bitAddress                    0x08000dd2   Section        0  stm32f10x_i2c.o(i.I2C_Send7bitAddress)
    i.I2C_SendData                           0x08000de4   Section        0  stm32f10x_i2c.o(i.I2C_SendData)
    i.I2C_Write                              0x08000de8   Section        0  my_i2c.o(i.I2C_Write)
    i.LCD_WaitBusy                           0x08000e0c   Section        0  lcd_i2c.o(i.LCD_WaitBusy)
    i.LCD_Write_Chr                          0x08000e78   Section        0  lcd_i2c.o(i.LCD_Write_Chr)
    i.MemManage_Handler                      0x08000ea8   Section        0  stm32f10x_it.o(i.MemManage_Handler)
    i.Menu                                   0x08000eac   Section        0  main.o(i.Menu)
    Menu                                     0x08000ead   Thumb Code    74  main.o(i.Menu)
    i.NMI_Handler                            0x08000f1c   Section        0  stm32f10x_it.o(i.NMI_Handler)
    i.NewPeriod                              0x08000f20   Section        0  main.o(i.NewPeriod)
    NewPeriod                                0x08000f21   Thumb Code   162  main.o(i.NewPeriod)
    i.Project_Init                           0x08000fec   Section        0  main.o(i.Project_Init)
    Project_Init                             0x08000fed   Thumb Code    92  main.o(i.Project_Init)
    i.RCC_APB1PeriphClockCmd                 0x08001064   Section        0  stm32f10x_rcc.o(i.RCC_APB1PeriphClockCmd)
    i.RCC_APB2PeriphClockCmd                 0x08001084   Section        0  stm32f10x_rcc.o(i.RCC_APB2PeriphClockCmd)
    i.RCC_GetClocksFreq                      0x080010a4   Section        0  stm32f10x_rcc.o(i.RCC_GetClocksFreq)
    i.ReadNack_I2C_Data                      0x08001178   Section        0  my_i2c.o(i.ReadNack_I2C_Data)
    i.Send_I2C_Data                          0x080011ac   Section        0  my_i2c.o(i.Send_I2C_Data)
    i.SetSysClock                            0x080011e0   Section        0  system_stm32f10x.o(i.SetSysClock)
    SetSysClock                              0x080011e1   Thumb Code     8  system_stm32f10x.o(i.SetSysClock)
    i.SetSysClockTo72                        0x080011e8   Section        0  system_stm32f10x.o(i.SetSysClockTo72)
    SetSysClockTo72                          0x080011e9   Thumb Code   214  system_stm32f10x.o(i.SetSysClockTo72)
    i.Start_I2C_Receiving                    0x080012c8   Section        0  my_i2c.o(i.Start_I2C_Receiving)
    i.Start_I2C_Transmitting                 0x0800130c   Section        0  my_i2c.o(i.Start_I2C_Transmitting)
    i.SysTick_Handler                        0x08001354   Section        0  port.o(i.SysTick_Handler)
    i.SystemInit                             0x08001388   Section        0  system_stm32f10x.o(i.SystemInit)
    i.TIM_Cmd                                0x080013e8   Section        0  stm32f10x_tim.o(i.TIM_Cmd)
    i.TIM_GetCounter                         0x08001400   Section        0  stm32f10x_tim.o(i.TIM_GetCounter)
    i.TIM_SetCounter                         0x08001406   Section        0  stm32f10x_tim.o(i.TIM_SetCounter)
    i.TIM_TimeBaseInit                       0x0800140c   Section        0  stm32f10x_tim.o(i.TIM_TimeBaseInit)
    i.Timer2_StandardLibrary                 0x080014b0   Section        0  my_timer.o(i.Timer2_StandardLibrary)
    i.USART1_Config                          0x080014e4   Section        0  my_usart.o(i.USART1_Config)
    i.USART1_IRQHandler                      0x08001578   Section        0  stm32f10x_it.o(i.USART1_IRQHandler)
    i.USART_ClearFlag                        0x080015e4   Section        0  stm32f10x_usart.o(i.USART_ClearFlag)
    i.USART_Cmd                              0x080015f6   Section        0  stm32f10x_usart.o(i.USART_Cmd)
    i.USART_GetFlagStatus                    0x0800160e   Section        0  stm32f10x_usart.o(i.USART_GetFlagStatus)
    i.USART_GetITStatus                      0x08001628   Section        0  stm32f10x_usart.o(i.USART_GetITStatus)
    i.USART_ITConfig                         0x0800167c   Section        0  stm32f10x_usart.o(i.USART_ITConfig)
    i.USART_Init                             0x080016c8   Section        0  stm32f10x_usart.o(i.USART_Init)
    i.USART_ReceiveData                      0x080017a0   Section        0  stm32f10x_usart.o(i.USART_ReceiveData)
    i.USART_SendData                         0x080017aa   Section        0  stm32f10x_usart.o(i.USART_SendData)
    i.UsageFault_Handler                     0x080017b2   Section        0  stm32f10x_it.o(i.UsageFault_Handler)
    i.__0printf$3                            0x080017b8   Section        0  printf3.o(i.__0printf$3)
    i.__0sprintf$3                           0x080017d8   Section        0  printf3.o(i.__0sprintf$3)
    i.__scatterload_copy                     0x08001800   Section       14  handlers.o(i.__scatterload_copy)
    i.__scatterload_null                     0x0800180e   Section        2  handlers.o(i.__scatterload_null)
    i.__scatterload_zeroinit                 0x08001810   Section       14  handlers.o(i.__scatterload_zeroinit)
    i._printf_core                           0x08001820   Section        0  printf3.o(i._printf_core)
    _printf_core                             0x08001821   Thumb Code   436  printf3.o(i._printf_core)
    i._sputc                                 0x080019d8   Section        0  printf3.o(i._sputc)
    _sputc                                   0x080019d9   Thumb Code    10  printf3.o(i._sputc)
    i.fputc                                  0x080019e4   Section        0  my_usart.o(i.fputc)
    i.main                                   0x08001a08   Section        0  main.o(i.main)
    i.prvAddCurrentTaskToDelayedList         0x08001b38   Section        0  tasks.o(i.prvAddCurrentTaskToDelayedList)
    prvAddCurrentTaskToDelayedList           0x08001b39   Thumb Code   164  tasks.o(i.prvAddCurrentTaskToDelayedList)
    i.prvAddNewTaskToReadyList               0x08001bf8   Section        0  tasks.o(i.prvAddNewTaskToReadyList)
    prvAddNewTaskToReadyList                 0x08001bf9   Thumb Code   200  tasks.o(i.prvAddNewTaskToReadyList)
    i.prvCheckTasksWaitingTermination        0x08001cdc   Section        0  tasks.o(i.prvCheckTasksWaitingTermination)
    prvCheckTasksWaitingTermination          0x08001cdd   Thumb Code    60  tasks.o(i.prvCheckTasksWaitingTermination)
    i.prvCopyDataFromQueue                   0x08001d24   Section        0  queue.o(i.prvCopyDataFromQueue)
    prvCopyDataFromQueue                     0x08001d25   Thumb Code    42  queue.o(i.prvCopyDataFromQueue)
    i.prvCopyDataToQueue                     0x08001d4e   Section        0  queue.o(i.prvCopyDataToQueue)
    prvCopyDataToQueue                       0x08001d4f   Thumb Code   106  queue.o(i.prvCopyDataToQueue)
    i.prvDeleteTCB                           0x08001db8   Section        0  tasks.o(i.prvDeleteTCB)
    prvDeleteTCB                             0x08001db9   Thumb Code    18  tasks.o(i.prvDeleteTCB)
    i.prvHeapInit                            0x08001dcc   Section        0  heap_4.o(i.prvHeapInit)
    prvHeapInit                              0x08001dcd   Thumb Code    98  heap_4.o(i.prvHeapInit)
    i.prvIdleTask                            0x08001e48   Section        0  tasks.o(i.prvIdleTask)
    prvIdleTask                              0x08001e49   Thumb Code    36  tasks.o(i.prvIdleTask)
    i.prvInitialiseNewQueue                  0x08001e74   Section        0  queue.o(i.prvInitialiseNewQueue)
    prvInitialiseNewQueue                    0x08001e75   Thumb Code    38  queue.o(i.prvInitialiseNewQueue)
    i.prvInitialiseNewTask                   0x08001e9a   Section        0  tasks.o(i.prvInitialiseNewTask)
    prvInitialiseNewTask                     0x08001e9b   Thumb Code   138  tasks.o(i.prvInitialiseNewTask)
    i.prvInitialiseTaskLists                 0x08001f24   Section        0  tasks.o(i.prvInitialiseTaskLists)
    prvInitialiseTaskLists                   0x08001f25   Thumb Code    70  tasks.o(i.prvInitialiseTaskLists)
    i.prvInsertBlockIntoFreeList             0x08001f8c   Section        0  heap_4.o(i.prvInsertBlockIntoFreeList)
    prvInsertBlockIntoFreeList               0x08001f8d   Thumb Code    96  heap_4.o(i.prvInsertBlockIntoFreeList)
    i.prvIsQueueEmpty                        0x08001ff4   Section        0  queue.o(i.prvIsQueueEmpty)
    prvIsQueueEmpty                          0x08001ff5   Thumb Code    26  queue.o(i.prvIsQueueEmpty)
    i.prvIsQueueFull                         0x0800200e   Section        0  queue.o(i.prvIsQueueFull)
    prvIsQueueFull                           0x0800200f   Thumb Code    30  queue.o(i.prvIsQueueFull)
    i.prvResetNextTaskUnblockTime            0x0800202c   Section        0  tasks.o(i.prvResetNextTaskUnblockTime)
    prvResetNextTaskUnblockTime              0x0800202d   Thumb Code    40  tasks.o(i.prvResetNextTaskUnblockTime)
    i.prvTaskExitError                       0x0800205c   Section        0  port.o(i.prvTaskExitError)
    prvTaskExitError                         0x0800205d   Thumb Code    22  port.o(i.prvTaskExitError)
    i.prvTaskIsTaskSuspended                 0x08002074   Section        0  tasks.o(i.prvTaskIsTaskSuspended)
    prvTaskIsTaskSuspended                   0x08002075   Thumb Code    56  tasks.o(i.prvTaskIsTaskSuspended)
    i.prvUnlockQueue                         0x080020b4   Section        0  queue.o(i.prvUnlockQueue)
    prvUnlockQueue                           0x080020b5   Thumb Code   126  queue.o(i.prvUnlockQueue)
    i.pvPortMalloc                           0x08002134   Section        0  heap_4.o(i.pvPortMalloc)
    i.pxPortInitialiseStack                  0x08002230   Section        0  port.o(i.pxPortInitialiseStack)
    i.uxListRemove                           0x08002254   Section        0  list.o(i.uxListRemove)
    i.vApplicationIdleHook                   0x0800227c   Section        0  main.o(i.vApplicationIdleHook)
    i.vDisplayLCDTask                        0x08002280   Section        0  main.o(i.vDisplayLCDTask)
    vDisplayLCDTask                          0x08002281   Thumb Code    82  main.o(i.vDisplayLCDTask)
    i.vGetDataDHT11Task                      0x080022e0   Section        0  main.o(i.vGetDataDHT11Task)
    vGetDataDHT11Task                        0x080022e1   Thumb Code    82  main.o(i.vGetDataDHT11Task)
    i.vGetDataDS18B20Task                    0x08002344   Section        0  main.o(i.vGetDataDS18B20Task)
    vGetDataDS18B20Task                      0x08002345   Thumb Code    86  main.o(i.vGetDataDS18B20Task)
    i.vListInitialise                        0x080023ac   Section        0  list.o(i.vListInitialise)
    i.vListInitialiseItem                    0x080023c6   Section        0  list.o(i.vListInitialiseItem)
    i.vListInsert                            0x080023cc   Section        0  list.o(i.vListInsert)
    i.vListInsertEnd                         0x08002400   Section        0  list.o(i.vListInsertEnd)
    i.vPortEnterCritical                     0x08002418   Section        0  port.o(i.vPortEnterCritical)
    i.vPortExitCritical                      0x0800243c   Section        0  port.o(i.vPortExitCritical)
    i.vPortFree                              0x0800245c   Section        0  heap_4.o(i.vPortFree)
    i.vPortSetupTimerInterrupt               0x080024b4   Section        0  port.o(i.vPortSetupTimerInterrupt)
    i.vSendToPCTask                          0x080024cc   Section        0  main.o(i.vSendToPCTask)
    vSendToPCTask                            0x080024cd   Thumb Code    54  main.o(i.vSendToPCTask)
    i.vSetTimeTask                           0x08002524   Section        0  main.o(i.vSetTimeTask)
    vSetTimeTask                             0x08002525   Thumb Code   212  main.o(i.vSetTimeTask)
    i.vTaskDelay                             0x0800264c   Section        0  tasks.o(i.vTaskDelay)
    i.vTaskInternalSetTimeOutState           0x08002680   Section        0  tasks.o(i.vTaskInternalSetTimeOutState)
    i.vTaskMissedYield                       0x08002698   Section        0  tasks.o(i.vTaskMissedYield)
    i.vTaskPlaceOnEventList                  0x080026a4   Section        0  tasks.o(i.vTaskPlaceOnEventList)
    i.vTaskResume                            0x080026c4   Section        0  tasks.o(i.vTaskResume)
    i.vTaskStartScheduler                    0x08002770   Section        0  tasks.o(i.vTaskStartScheduler)
    i.vTaskSuspend                           0x080027dc   Section        0  tasks.o(i.vTaskSuspend)
    i.vTaskSuspendAll                        0x080028b4   Section        0  tasks.o(i.vTaskSuspendAll)
    i.vTaskSwitchContext                     0x080028c4   Section        0  tasks.o(i.vTaskSwitchContext)
    i.xPortStartScheduler                    0x08002924   Section        0  port.o(i.xPortStartScheduler)
    i.xQueueGenericCreate                    0x08002958   Section        0  queue.o(i.xQueueGenericCreate)
    i.xQueueGenericReset                     0x080029a4   Section        0  queue.o(i.xQueueGenericReset)
    i.xQueueGenericSend                      0x08002a44   Section        0  queue.o(i.xQueueGenericSend)
    i.xQueueReceive                          0x08002b5c   Section        0  queue.o(i.xQueueReceive)
    i.xTaskCheckForTimeOut                   0x08002c60   Section        0  tasks.o(i.xTaskCheckForTimeOut)
    i.xTaskCreate                            0x08002cc0   Section        0  tasks.o(i.xTaskCreate)
    i.xTaskGenericNotifyFromISR              0x08002d20   Section        0  tasks.o(i.xTaskGenericNotifyFromISR)
    i.xTaskGenericNotifyWait                 0x08002f18   Section        0  tasks.o(i.xTaskGenericNotifyWait)
    i.xTaskIncrementTick                     0x08002fc4   Section        0  tasks.o(i.xTaskIncrementTick)
    i.xTaskRemoveFromEventList               0x08003154   Section        0  tasks.o(i.xTaskRemoveFromEventList)
    i.xTaskResumeAll                         0x0800325c   Section        0  tasks.o(i.xTaskResumeAll)
    .conststring                             0x080033b8   Section       92  main.o(.conststring)
    .data                                    0x20000000   Section      200  main.o(.data)
    .data                                    0x200000c8   Section       20  stm32f10x_rcc.o(.data)
    APBAHBPrescTable                         0x200000c8   Data          16  stm32f10x_rcc.o(.data)
    ADCPrescTable                            0x200000d8   Data           4  stm32f10x_rcc.o(.data)
    .data                                    0x200000dc   Section        7  dht11.o(.data)
    Rh_byte1                                 0x200000dc   Data           1  dht11.o(.data)
    Rh_byte2                                 0x200000dd   Data           1  dht11.o(.data)
    Temp_byte1                               0x200000de   Data           1  dht11.o(.data)
    Temp_byte2                               0x200000df   Data           1  dht11.o(.data)
    SUM                                      0x200000e0   Data           2  dht11.o(.data)
    .data                                    0x200000e4   Section        8  ds18b20.o(.data)
    Temp_byte1                               0x200000e4   Data           1  ds18b20.o(.data)
    Temp_byte2                               0x200000e5   Data           1  ds18b20.o(.data)
    TEMP                                     0x200000e6   Data           2  ds18b20.o(.data)
    .data                                    0x200000ec   Section        9  lcd_i2c.o(.data)
    u8LCD_Buff                               0x200000ec   Data           8  lcd_i2c.o(.data)
    u8LcdTmp                                 0x200000f4   Data           1  lcd_i2c.o(.data)
    .data                                    0x200000f8   Section       32  heap_4.o(.data)
    xStart                                   0x200000f8   Data           8  heap_4.o(.data)
    pxEnd                                    0x20000100   Data           4  heap_4.o(.data)
    xFreeBytesRemaining                      0x20000104   Data           4  heap_4.o(.data)
    xMinimumEverFreeBytesRemaining           0x20000108   Data           4  heap_4.o(.data)
    xNumberOfSuccessfulAllocations           0x2000010c   Data           4  heap_4.o(.data)
    xNumberOfSuccessfulFrees                 0x20000110   Data           4  heap_4.o(.data)
    xBlockAllocatedBit                       0x20000114   Data           4  heap_4.o(.data)
    .data                                    0x20000118   Section        4  port.o(.data)
    uxCriticalNesting                        0x20000118   Data           4  port.o(.data)
    .data                                    0x2000011c   Section       64  tasks.o(.data)
    pxDelayedTaskList                        0x20000120   Data           4  tasks.o(.data)
    pxOverflowDelayedTaskList                0x20000124   Data           4  tasks.o(.data)
    uxDeletedTasksWaitingCleanUp             0x20000128   Data           4  tasks.o(.data)
    uxCurrentNumberOfTasks                   0x2000012c   Data           4  tasks.o(.data)
    xTickCount                               0x20000130   Data           4  tasks.o(.data)
    uxTopReadyPriority                       0x20000134   Data           4  tasks.o(.data)
    xSchedulerRunning                        0x20000138   Data           4  tasks.o(.data)
    xPendedTicks                             0x2000013c   Data           4  tasks.o(.data)
    xYieldPending                            0x20000140   Data           4  tasks.o(.data)
    xNumOfOverflows                          0x20000144   Data           4  tasks.o(.data)
    uxTaskNumber                             0x20000148   Data           4  tasks.o(.data)
    xNextTaskUnblockTime                     0x2000014c   Data           4  tasks.o(.data)
    xIdleTaskHandle                          0x20000150   Data           4  tasks.o(.data)
    uxSchedulerSuspended                     0x20000158   Data           4  tasks.o(.data)
    .data                                    0x2000015c   Section        4  stdout.o(.data)
    .bss                                     0x20000160   Section       30  main.o(.bss)
    .bss                                     0x2000017e   Section    17408  heap_4.o(.bss)
    ucHeap                                   0x2000017e   Data       17408  heap_4.o(.bss)
    .bss                                     0x20004580   Section      200  tasks.o(.bss)
    pxReadyTasksLists                        0x20004580   Data         100  tasks.o(.bss)
    xDelayedTaskList1                        0x200045e4   Data          20  tasks.o(.bss)
    xDelayedTaskList2                        0x200045f8   Data          20  tasks.o(.bss)
    xPendingReadyList                        0x2000460c   Data          20  tasks.o(.bss)
    xTasksWaitingTermination                 0x20004620   Data          20  tasks.o(.bss)
    xSuspendedTaskList                       0x20004634   Data          20  tasks.o(.bss)
    STACK                                    0x20004648   Section     1024  startup_stm32f10x_md.o(STACK)

    Global Symbols

    Symbol Name                              Value     Ov Type        Size  Object(Section)

    BuildAttributes$$THM_ISAv4$P$D$K$B$S$PE$A:L22UL41UL21$X:L11$S22US41US21$IEEE1$IW$USESV6$~STKCKD$USESV7$~SHL$OTIME$ROPI$EBA8$MICROLIB$REQ8$PRES8$EABIv2 0x00000000   Number         0  anon$$obj.o ABSOLUTE
    __ARM_use_no_argv                        0x00000000   Number         0  main.o ABSOLUTE
    _printf_a                                0x00000000   Number         0  stubs.o ABSOLUTE
    _printf_c                                0x00000000   Number         0  stubs.o ABSOLUTE
    _printf_charcount                        0x00000000   Number         0  stubs.o ABSOLUTE
    _printf_d                                0x00000000   Number         0  stubs.o ABSOLUTE
    _printf_e                                0x00000000   Number         0  stubs.o ABSOLUTE
    _printf_f                                0x00000000   Number         0  stubs.o ABSOLUTE
    _printf_flags                            0x00000000   Number         0  stubs.o ABSOLUTE
    _printf_fp_dec                           0x00000000   Number         0  stubs.o ABSOLUTE
    _printf_fp_hex                           0x00000000   Number         0  stubs.o ABSOLUTE
    _printf_g                                0x00000000   Number         0  stubs.o ABSOLUTE
    _printf_i                                0x00000000   Number         0  stubs.o ABSOLUTE
    _printf_int_dec                          0x00000000   Number         0  stubs.o ABSOLUTE
    _printf_l                                0x00000000   Number         0  stubs.o ABSOLUTE
    _printf_lc                               0x00000000   Number         0  stubs.o ABSOLUTE
    _printf_ll                               0x00000000   Number         0  stubs.o ABSOLUTE
    _printf_lld                              0x00000000   Number         0  stubs.o ABSOLUTE
    _printf_lli                              0x00000000   Number         0  stubs.o ABSOLUTE
    _printf_llo                              0x00000000   Number         0  stubs.o ABSOLUTE
    _printf_llu                              0x00000000   Number         0  stubs.o ABSOLUTE
    _printf_llx                              0x00000000   Number         0  stubs.o ABSOLUTE
    _printf_longlong_dec                     0x00000000   Number         0  stubs.o ABSOLUTE
    _printf_longlong_hex                     0x00000000   Number         0  stubs.o ABSOLUTE
    _printf_longlong_oct                     0x00000000   Number         0  stubs.o ABSOLUTE
    _printf_ls                               0x00000000   Number         0  stubs.o ABSOLUTE
    _printf_mbtowc                           0x00000000   Number         0  stubs.o ABSOLUTE
    _printf_n                                0x00000000   Number         0  stubs.o ABSOLUTE
    _printf_o                                0x00000000   Number         0  stubs.o ABSOLUTE
    _printf_p                                0x00000000   Number         0  stubs.o ABSOLUTE
    _printf_percent                          0x00000000   Number         0  stubs.o ABSOLUTE
    _printf_pre_padding                      0x00000000   Number         0  stubs.o ABSOLUTE
    _printf_return_value                     0x00000000   Number         0  stubs.o ABSOLUTE
    _printf_s                                0x00000000   Number         0  stubs.o ABSOLUTE
    _printf_sizespec                         0x00000000   Number         0  stubs.o ABSOLUTE
    _printf_str                              0x00000000   Number         0  stubs.o ABSOLUTE
    _printf_truncate_signed                  0x00000000   Number         0  stubs.o ABSOLUTE
    _printf_truncate_unsigned                0x00000000   Number         0  stubs.o ABSOLUTE
    _printf_u                                0x00000000   Number         0  stubs.o ABSOLUTE
    _printf_wc                               0x00000000   Number         0  stubs.o ABSOLUTE
    _printf_wctomb                           0x00000000   Number         0  stubs.o ABSOLUTE
    _printf_widthprec                        0x00000000   Number         0  stubs.o ABSOLUTE
    _printf_x                                0x00000000   Number         0  stubs.o ABSOLUTE
    __arm_fini_                               - Undefined Weak Reference
    __cpp_initialize__aeabi_                  - Undefined Weak Reference
    __cxa_finalize                            - Undefined Weak Reference
    _clock_init                               - Undefined Weak Reference
    _microlib_exit                            - Undefined Weak Reference
    __Vectors_Size                           0x000000ec   Number         0  startup_stm32f10x_md.o ABSOLUTE
    __Vectors                                0x08000000   Data           4  startup_stm32f10x_md.o(RESET)
    __Vectors_End                            0x080000ec   Data           0  startup_stm32f10x_md.o(RESET)
    __main                                   0x080000ed   Thumb Code     0  entry.o(.ARM.Collect$$$$00000000)
    _main_stk                                0x080000ed   Thumb Code     0  entry2.o(.ARM.Collect$$$$00000001)
    _main_scatterload                        0x080000f1   Thumb Code     0  entry5.o(.ARM.Collect$$$$00000004)
    __main_after_scatterload                 0x080000f5   Thumb Code     0  entry5.o(.ARM.Collect$$$$00000004)
    _main_clock                              0x080000f5   Thumb Code     0  entry7b.o(.ARM.Collect$$$$00000008)
    _main_cpp_init                           0x080000f5   Thumb Code     0  entry8b.o(.ARM.Collect$$$$0000000A)
    _main_init                               0x080000f5   Thumb Code     0  entry9a.o(.ARM.Collect$$$$0000000B)
    __rt_lib_shutdown_fini                   0x080000fd   Thumb Code     0  entry12b.o(.ARM.Collect$$$$0000000E)
    __rt_final_cpp                           0x08000101   Thumb Code     0  entry10a.o(.ARM.Collect$$$$0000000F)
    __rt_final_exit                          0x08000101   Thumb Code     0  entry11a.o(.ARM.Collect$$$$00000011)
    SVC_Handler                              0x08000105   Thumb Code    32  port.o(.emb_text)
    __asm___6_port_c_39a90d8d__prvStartFirstTask 0x08000129   Thumb Code    28  port.o(.emb_text)
    PendSV_Handler                           0x08000149   Thumb Code    72  port.o(.emb_text)
    vPortGetIPSR                             0x08000195   Thumb Code     6  port.o(.emb_text)
    Reset_Handler                            0x0800019d   Thumb Code     8  startup_stm32f10x_md.o(.text)
    ADC1_2_IRQHandler                        0x080001b7   Thumb Code     0  startup_stm32f10x_md.o(.text)
    CAN1_RX1_IRQHandler                      0x080001b7   Thumb Code     0  startup_stm32f10x_md.o(.text)
    CAN1_SCE_IRQHandler                      0x080001b7   Thumb Code     0  startup_stm32f10x_md.o(.text)
    DMA1_Channel1_IRQHandler                 0x080001b7   Thumb Code     0  startup_stm32f10x_md.o(.text)
    DMA1_Channel2_IRQHandler                 0x080001b7   Thumb Code     0  startup_stm32f10x_md.o(.text)
    DMA1_Channel3_IRQHandler                 0x080001b7   Thumb Code     0  startup_stm32f10x_md.o(.text)
    DMA1_Channel4_IRQHandler                 0x080001b7   Thumb Code     0  startup_stm32f10x_md.o(.text)
    DMA1_Channel5_IRQHandler                 0x080001b7   Thumb Code     0  startup_stm32f10x_md.o(.text)
    DMA1_Channel6_IRQHandler                 0x080001b7   Thumb Code     0  startup_stm32f10x_md.o(.text)
    DMA1_Channel7_IRQHandler                 0x080001b7   Thumb Code     0  startup_stm32f10x_md.o(.text)
    EXTI0_IRQHandler                         0x080001b7   Thumb Code     0  startup_stm32f10x_md.o(.text)
    EXTI15_10_IRQHandler                     0x080001b7   Thumb Code     0  startup_stm32f10x_md.o(.text)
    EXTI1_IRQHandler                         0x080001b7   Thumb Code     0  startup_stm32f10x_md.o(.text)
    EXTI2_IRQHandler                         0x080001b7   Thumb Code     0  startup_stm32f10x_md.o(.text)
    EXTI3_IRQHandler                         0x080001b7   Thumb Code     0  startup_stm32f10x_md.o(.text)
    EXTI4_IRQHandler                         0x080001b7   Thumb Code     0  startup_stm32f10x_md.o(.text)
    EXTI9_5_IRQHandler                       0x080001b7   Thumb Code     0  startup_stm32f10x_md.o(.text)
    FLASH_IRQHandler                         0x080001b7   Thumb Code     0  startup_stm32f10x_md.o(.text)
    I2C1_ER_IRQHandler                       0x080001b7   Thumb Code     0  startup_stm32f10x_md.o(.text)
    I2C1_EV_IRQHandler                       0x080001b7   Thumb Code     0  startup_stm32f10x_md.o(.text)
    I2C2_ER_IRQHandler                       0x080001b7   Thumb Code     0  startup_stm32f10x_md.o(.text)
    I2C2_EV_IRQHandler                       0x080001b7   Thumb Code     0  startup_stm32f10x_md.o(.text)
    PVD_IRQHandler                           0x080001b7   Thumb Code     0  startup_stm32f10x_md.o(.text)
    RCC_IRQHandler                           0x080001b7   Thumb Code     0  startup_stm32f10x_md.o(.text)
    RTCAlarm_IRQHandler                      0x080001b7   Thumb Code     0  startup_stm32f10x_md.o(.text)
    RTC_IRQHandler                           0x080001b7   Thumb Code     0  startup_stm32f10x_md.o(.text)
    SPI1_IRQHandler                          0x080001b7   Thumb Code     0  startup_stm32f10x_md.o(.text)
    SPI2_IRQHandler                          0x080001b7   Thumb Code     0  startup_stm32f10x_md.o(.text)
    TAMPER_IRQHandler                        0x080001b7   Thumb Code     0  startup_stm32f10x_md.o(.text)
    TIM1_BRK_IRQHandler                      0x080001b7   Thumb Code     0  startup_stm32f10x_md.o(.text)
    TIM1_CC_IRQHandler                       0x080001b7   Thumb Code     0  startup_stm32f10x_md.o(.text)
    TIM1_TRG_COM_IRQHandler                  0x080001b7   Thumb Code     0  startup_stm32f10x_md.o(.text)
    TIM1_UP_IRQHandler                       0x080001b7   Thumb Code     0  startup_stm32f10x_md.o(.text)
    TIM2_IRQHandler                          0x080001b7   Thumb Code     0  startup_stm32f10x_md.o(.text)
    TIM3_IRQHandler                          0x080001b7   Thumb Code     0  startup_stm32f10x_md.o(.text)
    TIM4_IRQHandler                          0x080001b7   Thumb Code     0  startup_stm32f10x_md.o(.text)
    USART2_IRQHandler                        0x080001b7   Thumb Code     0  startup_stm32f10x_md.o(.text)
    USART3_IRQHandler                        0x080001b7   Thumb Code     0  startup_stm32f10x_md.o(.text)
    USBWakeUp_IRQHandler                     0x080001b7   Thumb Code     0  startup_stm32f10x_md.o(.text)
    USB_HP_CAN1_TX_IRQHandler                0x080001b7   Thumb Code     0  startup_stm32f10x_md.o(.text)
    USB_LP_CAN1_RX0_IRQHandler               0x080001b7   Thumb Code     0  startup_stm32f10x_md.o(.text)
    WWDG_IRQHandler                          0x080001b7   Thumb Code     0  startup_stm32f10x_md.o(.text)
    __aeabi_memcpy                           0x080001c1   Thumb Code    36  memcpya.o(.text)
    __aeabi_memcpy4                          0x080001c1   Thumb Code     0  memcpya.o(.text)
    __aeabi_memcpy8                          0x080001c1   Thumb Code     0  memcpya.o(.text)
    __aeabi_i2f                              0x080001e5   Thumb Code    18  fflti.o(.text)
    __aeabi_f2uiz                            0x080001f7   Thumb Code    40  ffixui.o(.text)
    __aeabi_uidiv                            0x0800021f   Thumb Code     0  uidiv.o(.text)
    __aeabi_uidivmod                         0x0800021f   Thumb Code    44  uidiv.o(.text)
    __I$use$fp                               0x0800024b   Thumb Code     0  iusefp.o(.text)
    _float_round                             0x0800024b   Thumb Code    18  fepilogue.o(.text)
    _float_epilogue                          0x0800025d   Thumb Code    92  fepilogue.o(.text)
    __scatterload                            0x080002b9   Thumb Code    28  init.o(.text)
    __scatterload_rt2                        0x080002b9   Thumb Code     0  init.o(.text)
    __decompress                             0x080002dd   Thumb Code     0  __dczerorl2.o(.text)
    __decompress1                            0x080002dd   Thumb Code    86  __dczerorl2.o(.text)
    BusFault_Handler                         0x08000333   Thumb Code     4  stm32f10x_it.o(i.BusFault_Handler)
    DHT11_GetData                            0x08000501   Thumb Code    94  dht11.o(i.DHT11_GetData)
    DS18B20_GetData                          0x080005fd   Thumb Code   106  ds18b20.o(i.DS18B20_GetData)
    DebugMon_Handler                         0x08000759   Thumb Code     2  stm32f10x_it.o(i.DebugMon_Handler)
    Delay_Timer2_StandardLibrary_ms          0x0800075b   Thumb Code    40  my_timer.o(i.Delay_Timer2_StandardLibrary_ms)
    Delay_Timer2_StandardLibrary_us          0x08000783   Thumb Code    38  my_timer.o(i.Delay_Timer2_StandardLibrary_us)
    GPIOUsart1_Config                        0x080007a9   Thumb Code    62  my_usart.o(i.GPIOUsart1_Config)
    GPIO_Init                                0x0800089d   Thumb Code   278  stm32f10x_gpio.o(i.GPIO_Init)
    GPIO_ReadInputDataBit                    0x080009b3   Thumb Code    18  stm32f10x_gpio.o(i.GPIO_ReadInputDataBit)
    GPIO_ResetBits                           0x080009c5   Thumb Code     4  stm32f10x_gpio.o(i.GPIO_ResetBits)
    GPIO_SetBits                             0x080009c9   Thumb Code     4  stm32f10x_gpio.o(i.GPIO_SetBits)
    HardFault_Handler                        0x080009cd   Thumb Code     4  stm32f10x_it.o(i.HardFault_Handler)
    I2C_AcknowledgeConfig                    0x080009d1   Thumb Code    24  stm32f10x_i2c.o(i.I2C_AcknowledgeConfig)
    I2C_CheckEvent                           0x080009e9   Thumb Code    42  stm32f10x_i2c.o(i.I2C_CheckEvent)
    I2C_Cmd                                  0x08000a13   Thumb Code    24  stm32f10x_i2c.o(i.I2C_Cmd)
    I2C_Config                               0x08000a2d   Thumb Code   108  my_i2c.o(i.I2C_Config)
    I2C_GenerateSTART                        0x08000aa5   Thumb Code    24  stm32f10x_i2c.o(i.I2C_GenerateSTART)
    I2C_GenerateSTOP                         0x08000abd   Thumb Code    24  stm32f10x_i2c.o(i.I2C_GenerateSTOP)
    I2C_GetFlagStatus                        0x08000ad5   Thumb Code    58  stm32f10x_i2c.o(i.I2C_GetFlagStatus)
    I2C_Init                                 0x08000b11   Thumb Code   222  stm32f10x_i2c.o(i.I2C_Init)
    I2C_LCD_BackLight                        0x08000bfd   Thumb Code    26  lcd_i2c.o(i.I2C_LCD_BackLight)
    I2C_LCD_Clear                            0x08000c1d   Thumb Code    10  lcd_i2c.o(i.I2C_LCD_Clear)
    I2C_LCD_Init                             0x08000c6d   Thumb Code   118  lcd_i2c.o(i.I2C_LCD_Init)
    I2C_LCD_NewLine                          0x08000ce9   Thumb Code    10  lcd_i2c.o(i.I2C_LCD_NewLine)
    I2C_LCD_Puts                             0x08000cf3   Thumb Code    28  lcd_i2c.o(i.I2C_LCD_Puts)
    I2C_LCD_WriteCmd                         0x08000d11   Thumb Code    42  lcd_i2c.o(i.I2C_LCD_WriteCmd)
    I2C_Read                                 0x08000db1   Thumb Code    26  my_i2c.o(i.I2C_Read)
    I2C_ReceiveData                          0x08000dcb   Thumb Code     8  stm32f10x_i2c.o(i.I2C_ReceiveData)
    I2C_Send7bitAddress                      0x08000dd3   Thumb Code    18  stm32f10x_i2c.o(i.I2C_Send7bitAddress)
    I2C_SendData                             0x08000de5   Thumb Code     4  stm32f10x_i2c.o(i.I2C_SendData)
    I2C_Write                                0x08000de9   Thumb Code    34  my_i2c.o(i.I2C_Write)
    LCD_WaitBusy                             0x08000e0d   Thumb Code   100  lcd_i2c.o(i.LCD_WaitBusy)
    LCD_Write_Chr                            0x08000e79   Thumb Code    42  lcd_i2c.o(i.LCD_Write_Chr)
    MemManage_Handler                        0x08000ea9   Thumb Code     4  stm32f10x_it.o(i.MemManage_Handler)
    NMI_Handler                              0x08000f1d   Thumb Code     2  stm32f10x_it.o(i.NMI_Handler)
    RCC_APB1PeriphClockCmd                   0x08001065   Thumb Code    26  stm32f10x_rcc.o(i.RCC_APB1PeriphClockCmd)
    RCC_APB2PeriphClockCmd                   0x08001085   Thumb Code    26  stm32f10x_rcc.o(i.RCC_APB2PeriphClockCmd)
    RCC_GetClocksFreq                        0x080010a5   Thumb Code   192  stm32f10x_rcc.o(i.RCC_GetClocksFreq)
    ReadNack_I2C_Data                        0x08001179   Thumb Code    46  my_i2c.o(i.ReadNack_I2C_Data)
    Send_I2C_Data                            0x080011ad   Thumb Code    44  my_i2c.o(i.Send_I2C_Data)
    Start_I2C_Receiving                      0x080012c9   Thumb Code    64  my_i2c.o(i.Start_I2C_Receiving)
    Start_I2C_Transmitting                   0x0800130d   Thumb Code    62  my_i2c.o(i.Start_I2C_Transmitting)
    SysTick_Handler                          0x08001355   Thumb Code    46  port.o(i.SysTick_Handler)
    SystemInit                               0x08001389   Thumb Code    78  system_stm32f10x.o(i.SystemInit)
    TIM_Cmd                                  0x080013e9   Thumb Code    24  stm32f10x_tim.o(i.TIM_Cmd)
    TIM_GetCounter                           0x08001401   Thumb Code     6  stm32f10x_tim.o(i.TIM_GetCounter)
    TIM_SetCounter                           0x08001407   Thumb Code     4  stm32f10x_tim.o(i.TIM_SetCounter)
    TIM_TimeBaseInit                         0x0800140d   Thumb Code   122  stm32f10x_tim.o(i.TIM_TimeBaseInit)
    Timer2_StandardLibrary                   0x080014b1   Thumb Code    50  my_timer.o(i.Timer2_StandardLibrary)
    USART1_Config                            0x080014e5   Thumb Code   136  my_usart.o(i.USART1_Config)
    USART1_IRQHandler                        0x08001579   Thumb Code    88  stm32f10x_it.o(i.USART1_IRQHandler)
    USART_ClearFlag                          0x080015e5   Thumb Code    18  stm32f10x_usart.o(i.USART_ClearFlag)
    USART_Cmd                                0x080015f7   Thumb Code    24  stm32f10x_usart.o(i.USART_Cmd)
    USART_GetFlagStatus                      0x0800160f   Thumb Code    26  stm32f10x_usart.o(i.USART_GetFlagStatus)
    USART_GetITStatus                        0x08001629   Thumb Code    84  stm32f10x_usart.o(i.USART_GetITStatus)
    USART_ITConfig                           0x0800167d   Thumb Code    74  stm32f10x_usart.o(i.USART_ITConfig)
    USART_Init                               0x080016c9   Thumb Code   210  stm32f10x_usart.o(i.USART_Init)
    USART_ReceiveData                        0x080017a1   Thumb Code    10  stm32f10x_usart.o(i.USART_ReceiveData)
    USART_SendData                           0x080017ab   Thumb Code     8  stm32f10x_usart.o(i.USART_SendData)
    UsageFault_Handler                       0x080017b3   Thumb Code     4  stm32f10x_it.o(i.UsageFault_Handler)
    __0printf$3                              0x080017b9   Thumb Code    22  printf3.o(i.__0printf$3)
    __1printf$3                              0x080017b9   Thumb Code     0  printf3.o(i.__0printf$3)
    __2printf                                0x080017b9   Thumb Code     0  printf3.o(i.__0printf$3)
    __0sprintf$3                             0x080017d9   Thumb Code    34  printf3.o(i.__0sprintf$3)
    __1sprintf$3                             0x080017d9   Thumb Code     0  printf3.o(i.__0sprintf$3)
    __2sprintf                               0x080017d9   Thumb Code     0  printf3.o(i.__0sprintf$3)
    __scatterload_copy                       0x08001801   Thumb Code    14  handlers.o(i.__scatterload_copy)
    __scatterload_null                       0x0800180f   Thumb Code     2  handlers.o(i.__scatterload_null)
    __scatterload_zeroinit                   0x08001811   Thumb Code    14  handlers.o(i.__scatterload_zeroinit)
    fputc                                    0x080019e5   Thumb Code    32  my_usart.o(i.fputc)
    main                                     0x08001a09   Thumb Code   168  main.o(i.main)
    pvPortMalloc                             0x08002135   Thumb Code   228  heap_4.o(i.pvPortMalloc)
    pxPortInitialiseStack                    0x08002231   Thumb Code    30  port.o(i.pxPortInitialiseStack)
    uxListRemove                             0x08002255   Thumb Code    40  list.o(i.uxListRemove)
    vApplicationIdleHook                     0x0800227d   Thumb Code     4  main.o(i.vApplicationIdleHook)
    vListInitialise                          0x080023ad   Thumb Code    26  list.o(i.vListInitialise)
    vListInitialiseItem                      0x080023c7   Thumb Code     6  list.o(i.vListInitialiseItem)
    vListInsert                              0x080023cd   Thumb Code    52  list.o(i.vListInsert)
    vListInsertEnd                           0x08002401   Thumb Code    24  list.o(i.vListInsertEnd)
    vPortEnterCritical                       0x08002419   Thumb Code    30  port.o(i.vPortEnterCritical)
    vPortExitCritical                        0x0800243d   Thumb Code    28  port.o(i.vPortExitCritical)
    vPortFree                                0x0800245d   Thumb Code    74  heap_4.o(i.vPortFree)
    vPortSetupTimerInterrupt                 0x080024b5   Thumb Code    20  port.o(i.vPortSetupTimerInterrupt)
    vTaskDelay                               0x0800264d   Thumb Code    46  tasks.o(i.vTaskDelay)
    vTaskInternalSetTimeOutState             0x08002681   Thumb Code    14  tasks.o(i.vTaskInternalSetTimeOutState)
    vTaskMissedYield                         0x08002699   Thumb Code     8  tasks.o(i.vTaskMissedYield)
    vTaskPlaceOnEventList                    0x080026a5   Thumb Code    28  tasks.o(i.vTaskPlaceOnEventList)
    vTaskResume                              0x080026c5   Thumb Code   156  tasks.o(i.vTaskResume)
    vTaskStartScheduler                      0x08002771   Thumb Code    76  tasks.o(i.vTaskStartScheduler)
    vTaskSuspend                             0x080027dd   Thumb Code   188  tasks.o(i.vTaskSuspend)
    vTaskSuspendAll                          0x080028b5   Thumb Code    12  tasks.o(i.vTaskSuspendAll)
    vTaskSwitchContext                       0x080028c5   Thumb Code    76  tasks.o(i.vTaskSwitchContext)
    xPortStartScheduler                      0x08002925   Thumb Code    42  port.o(i.xPortStartScheduler)
    xQueueGenericCreate                      0x08002959   Thumb Code    76  queue.o(i.xQueueGenericCreate)
    xQueueGenericReset                       0x080029a5   Thumb Code   156  queue.o(i.xQueueGenericReset)
    xQueueGenericSend                        0x08002a45   Thumb Code   276  queue.o(i.xQueueGenericSend)
    xQueueReceive                            0x08002b5d   Thumb Code   256  queue.o(i.xQueueReceive)
    xTaskCheckForTimeOut                     0x08002c61   Thumb Code    88  tasks.o(i.xTaskCheckForTimeOut)
    xTaskCreate                              0x08002cc1   Thumb Code    96  tasks.o(i.xTaskCreate)
    xTaskGenericNotifyFromISR                0x08002d21   Thumb Code   480  tasks.o(i.xTaskGenericNotifyFromISR)
    xTaskGenericNotifyWait                   0x08002f19   Thumb Code   164  tasks.o(i.xTaskGenericNotifyWait)
    xTaskIncrementTick                       0x08002fc5   Thumb Code   356  tasks.o(i.xTaskIncrementTick)
    xTaskRemoveFromEventList                 0x08003155   Thumb Code   240  tasks.o(i.xTaskRemoveFromEventList)
    xTaskResumeAll                           0x0800325d   Thumb Code   310  tasks.o(i.xTaskResumeAll)
    Region$$Table$$Base                      0x08003414   Number         0  anon$$obj.o(Region$$Table)
    Region$$Table$$Limit                     0x08003434   Number         0  anon$$obj.o(Region$$Table)
    DHT11_Data                               0x20000000   Data           1  main.o(.data)
    RxCounter                                0x20000001   Data           1  main.o(.data)
    Time                                     0x20000002   Data           2  main.o(.data)
    Time1                                    0x20000004   Data           4  main.o(.data)
    Time2                                    0x20000008   Data           4  main.o(.data)
    menu                                     0x2000000c   Data         157  main.o(.data)
    Flag                                     0x200000a9   Data           1  main.o(.data)
    Flag2                                    0x200000aa   Data           1  main.o(.data)
    xQueueLCD                                0x200000ac   Data           4  main.o(.data)
    xQueuePC                                 0x200000b0   Data           4  main.o(.data)
    xGetDataDHT11Task                        0x200000b4   Data           4  main.o(.data)
    xGetDataDS18B20Task                      0x200000b8   Data           4  main.o(.data)
    xDisplayLCDTask                          0x200000bc   Data           4  main.o(.data)
    xSendToPCTask                            0x200000c0   Data           4  main.o(.data)
    xSetTimeTask                             0x200000c4   Data           4  main.o(.data)
    Presence                                 0x200000e2   Data           1  dht11.o(.data)
    TemperatureDS18B20                       0x200000e8   Data           4  ds18b20.o(.data)
    pxCurrentTCB                             0x2000011c   Data           4  tasks.o(.data)
    uxTopUsedPriority                        0x20000154   Data           4  tasks.o(.data)
    __stdout                                 0x2000015c   Data           4  stdout.o(.data)
    RxBuffer                                 0x20000160   Data          20  main.o(.bss)
    Str                                      0x20000174   Data          10  main.o(.bss)
    __initial_sp                             0x20004a48   Data           0  startup_stm32f10x_md.o(STACK)



==============================================================================

Memory Map of the image

  Image Entry point : 0x0800019d

  Load Region LR_1 (Base: 0x08000000, Size: 0x00003594, Max: 0xffffffff, ABSOLUTE, COMPRESSED[0x000034c0])

    Execution Region ER_RO (Exec base: 0x08000000, Load base: 0x08000000, Size: 0x00003434, Max: 0xffffffff, ABSOLUTE)

    Exec Addr    Load Addr    Size         Type   Attr      Idx    E Section Name        Object

    0x08000000   0x08000000   0x000000ec   Data   RO          331    RESET               startup_stm32f10x_md.o
    0x080000ec   0x080000ec   0x00000000   Code   RO         2665  * .ARM.Collect$$$$00000000  mc_w.l(entry.o)
    0x080000ec   0x080000ec   0x00000004   Code   RO         2937    .ARM.Collect$$$$00000001  mc_w.l(entry2.o)
    0x080000f0   0x080000f0   0x00000004   Code   RO         2940    .ARM.Collect$$$$00000004  mc_w.l(entry5.o)
    0x080000f4   0x080000f4   0x00000000   Code   RO         2942    .ARM.Collect$$$$00000008  mc_w.l(entry7b.o)
    0x080000f4   0x080000f4   0x00000000   Code   RO         2944    .ARM.Collect$$$$0000000A  mc_w.l(entry8b.o)
    0x080000f4   0x080000f4   0x00000008   Code   RO         2945    .ARM.Collect$$$$0000000B  mc_w.l(entry9a.o)
    0x080000fc   0x080000fc   0x00000004   Code   RO         2952    .ARM.Collect$$$$0000000E  mc_w.l(entry12b.o)
    0x08000100   0x08000100   0x00000000   Code   RO         2947    .ARM.Collect$$$$0000000F  mc_w.l(entry10a.o)
    0x08000100   0x08000100   0x00000000   Code   RO         2949    .ARM.Collect$$$$00000011  mc_w.l(entry11a.o)
    0x08000100   0x08000100   0x00000004   Code   RO         2938    .ARM.Collect$$$$00002712  mc_w.l(entry2.o)
    0x08000104   0x08000104   0x00000096   Code   RO         2027    .emb_text           port.o
    0x0800019a   0x0800019a   0x00000002   PAD
    0x0800019c   0x0800019c   0x00000024   Code   RO          332  * .text               startup_stm32f10x_md.o
    0x080001c0   0x080001c0   0x00000024   Code   RO         2668    .text               mc_w.l(memcpya.o)
    0x080001e4   0x080001e4   0x00000012   Code   RO         2933    .text               mf_w.l(fflti.o)
    0x080001f6   0x080001f6   0x00000028   Code   RO         2935    .text               mf_w.l(ffixui.o)
    0x0800021e   0x0800021e   0x0000002c   Code   RO         2954    .text               mc_w.l(uidiv.o)
    0x0800024a   0x0800024a   0x00000000   Code   RO         2958    .text               mc_w.l(iusefp.o)
    0x0800024a   0x0800024a   0x0000006e   Code   RO         2959    .text               mf_w.l(fepilogue.o)
    0x080002b8   0x080002b8   0x00000024   Code   RO         2971    .text               mc_w.l(init.o)
    0x080002dc   0x080002dc   0x00000056   Code   RO         2989    .text               mc_w.l(__dczerorl2.o)
    0x08000332   0x08000332   0x00000004   Code   RO          228    i.BusFault_Handler  stm32f10x_it.o
    0x08000336   0x08000336   0x00000002   PAD
    0x08000338   0x08000338   0x00000184   Code   RO            1    i.ChangePeriod      main.o
    0x080004bc   0x080004bc   0x00000044   Code   RO         1704    i.DHT11_Check_Response  dht11.o
    0x08000500   0x08000500   0x00000078   Code   RO         1705    i.DHT11_GetData     dht11.o
    0x08000578   0x08000578   0x0000005c   Code   RO         1706    i.DHT11_Read        dht11.o
    0x080005d4   0x080005d4   0x00000028   Code   RO         1707    i.DHT11_Start       dht11.o
    0x080005fc   0x080005fc   0x0000007c   Code   RO         1748    i.DS18B20_GetData   ds18b20.o
    0x08000678   0x08000678   0x00000048   Code   RO         1749    i.DS18B20_Read      ds18b20.o
    0x080006c0   0x080006c0   0x00000044   Code   RO         1750    i.DS18B20_Start     ds18b20.o
    0x08000704   0x08000704   0x00000054   Code   RO         1751    i.DS18B20_Write     ds18b20.o
    0x08000758   0x08000758   0x00000002   Code   RO          229    i.DebugMon_Handler  stm32f10x_it.o
    0x0800075a   0x0800075a   0x00000028   Code   RO         1932    i.Delay_Timer2_StandardLibrary_ms  my_timer.o
    0x08000782   0x08000782   0x00000026   Code   RO         1933    i.Delay_Timer2_StandardLibrary_us  my_timer.o
    0x080007a8   0x080007a8   0x00000044   Code   RO         1672    i.GPIOUsart1_Config  my_usart.o
    0x080007ec   0x080007ec   0x0000002c   Code   RO         1708    i.GPIO_DataDHT11_Input  dht11.o
    0x08000818   0x08000818   0x0000002c   Code   RO         1709    i.GPIO_DataDHT11_Output  dht11.o
    0x08000844   0x08000844   0x0000002c   Code   RO         1752    i.GPIO_DataDS18B20_Input  ds18b20.o
    0x08000870   0x08000870   0x0000002c   Code   RO         1753    i.GPIO_DataDS18B20_Output  ds18b20.o
    0x0800089c   0x0800089c   0x00000116   Code   RO          432    i.GPIO_Init         stm32f10x_gpio.o
    0x080009b2   0x080009b2   0x00000012   Code   RO          436    i.GPIO_ReadInputDataBit  stm32f10x_gpio.o
    0x080009c4   0x080009c4   0x00000004   Code   RO          439    i.GPIO_ResetBits    stm32f10x_gpio.o
    0x080009c8   0x080009c8   0x00000004   Code   RO          440    i.GPIO_SetBits      stm32f10x_gpio.o
    0x080009cc   0x080009cc   0x00000004   Code   RO          230    i.HardFault_Handler  stm32f10x_it.o
    0x080009d0   0x080009d0   0x00000018   Code   RO          921    i.I2C_AcknowledgeConfig  stm32f10x_i2c.o
    0x080009e8   0x080009e8   0x0000002a   Code   RO          923    i.I2C_CheckEvent    stm32f10x_i2c.o
    0x08000a12   0x08000a12   0x00000018   Code   RO          926    i.I2C_Cmd           stm32f10x_i2c.o
    0x08000a2a   0x08000a2a   0x00000002   PAD
    0x08000a2c   0x08000a2c   0x00000078   Code   RO         1862    i.I2C_Config        my_i2c.o
    0x08000aa4   0x08000aa4   0x00000018   Code   RO          933    i.I2C_GenerateSTART  stm32f10x_i2c.o
    0x08000abc   0x08000abc   0x00000018   Code   RO          934    i.I2C_GenerateSTOP  stm32f10x_i2c.o
    0x08000ad4   0x08000ad4   0x0000003a   Code   RO          935    i.I2C_GetFlagStatus  stm32f10x_i2c.o
    0x08000b0e   0x08000b0e   0x00000002   PAD
    0x08000b10   0x08000b10   0x000000ec   Code   RO          940    i.I2C_Init          stm32f10x_i2c.o
    0x08000bfc   0x08000bfc   0x00000020   Code   RO         1792    i.I2C_LCD_BackLight  lcd_i2c.o
    0x08000c1c   0x08000c1c   0x0000000a   Code   RO         1793    i.I2C_LCD_Clear     lcd_i2c.o
    0x08000c26   0x08000c26   0x00000002   PAD
    0x08000c28   0x08000c28   0x00000044   Code   RO         1794    i.I2C_LCD_FlushVal  lcd_i2c.o
    0x08000c6c   0x08000c6c   0x0000007c   Code   RO         1795    i.I2C_LCD_Init      lcd_i2c.o
    0x08000ce8   0x08000ce8   0x0000000a   Code   RO         1796    i.I2C_LCD_NewLine   lcd_i2c.o
    0x08000cf2   0x08000cf2   0x0000001c   Code   RO         1797    i.I2C_LCD_Puts      lcd_i2c.o
    0x08000d0e   0x08000d0e   0x00000002   PAD
    0x08000d10   0x08000d10   0x00000030   Code   RO         1798    i.I2C_LCD_WriteCmd  lcd_i2c.o
    0x08000d40   0x08000d40   0x00000070   Code   RO         1799    i.I2C_LCD_Write_4bit  lcd_i2c.o
    0x08000db0   0x08000db0   0x0000001a   Code   RO         1863    i.I2C_Read          my_i2c.o
    0x08000dca   0x08000dca   0x00000008   Code   RO          945    i.I2C_ReceiveData   stm32f10x_i2c.o
    0x08000dd2   0x08000dd2   0x00000012   Code   RO          947    i.I2C_Send7bitAddress  stm32f10x_i2c.o
    0x08000de4   0x08000de4   0x00000004   Code   RO          948    i.I2C_SendData      stm32f10x_i2c.o
    0x08000de8   0x08000de8   0x00000022   Code   RO         1865    i.I2C_Write         my_i2c.o
    0x08000e0a   0x08000e0a   0x00000002   PAD
    0x08000e0c   0x08000e0c   0x0000006c   Code   RO         1800    i.LCD_WaitBusy      lcd_i2c.o
    0x08000e78   0x08000e78   0x00000030   Code   RO         1801    i.LCD_Write_Chr     lcd_i2c.o
    0x08000ea8   0x08000ea8   0x00000004   Code   RO          231    i.MemManage_Handler  stm32f10x_it.o
    0x08000eac   0x08000eac   0x00000070   Code   RO            2    i.Menu              main.o
    0x08000f1c   0x08000f1c   0x00000002   Code   RO          232    i.NMI_Handler       stm32f10x_it.o
    0x08000f1e   0x08000f1e   0x00000002   PAD
    0x08000f20   0x08000f20   0x000000cc   Code   RO            3    i.NewPeriod         main.o
    0x08000fec   0x08000fec   0x00000078   Code   RO            4    i.Project_Init      main.o
    0x08001064   0x08001064   0x00000020   Code   RO          542    i.RCC_APB1PeriphClockCmd  stm32f10x_rcc.o
    0x08001084   0x08001084   0x00000020   Code   RO          544    i.RCC_APB2PeriphClockCmd  stm32f10x_rcc.o
    0x080010a4   0x080010a4   0x000000d4   Code   RO          552    i.RCC_GetClocksFreq  stm32f10x_rcc.o
    0x08001178   0x08001178   0x00000034   Code   RO         1868    i.ReadNack_I2C_Data  my_i2c.o
    0x080011ac   0x080011ac   0x00000034   Code   RO         1869    i.Send_I2C_Data     my_i2c.o
    0x080011e0   0x080011e0   0x00000008   Code   RO          295    i.SetSysClock       system_stm32f10x.o
    0x080011e8   0x080011e8   0x000000e0   Code   RO          296    i.SetSysClockTo72   system_stm32f10x.o
    0x080012c8   0x080012c8   0x00000044   Code   RO         1870    i.Start_I2C_Receiving  my_i2c.o
    0x0800130c   0x0800130c   0x00000048   Code   RO         1871    i.Start_I2C_Transmitting  my_i2c.o
    0x08001354   0x08001354   0x00000034   Code   RO         2028    i.SysTick_Handler   port.o
    0x08001388   0x08001388   0x00000060   Code   RO          298    i.SystemInit        system_stm32f10x.o
    0x080013e8   0x080013e8   0x00000018   Code   RO         1140    i.TIM_Cmd           stm32f10x_tim.o
    0x08001400   0x08001400   0x00000006   Code   RO         1159    i.TIM_GetCounter    stm32f10x_tim.o
    0x08001406   0x08001406   0x00000004   Code   RO         1205    i.TIM_SetCounter    stm32f10x_tim.o
    0x0800140a   0x0800140a   0x00000002   PAD
    0x0800140c   0x0800140c   0x000000a4   Code   RO         1211    i.TIM_TimeBaseInit  stm32f10x_tim.o
    0x080014b0   0x080014b0   0x00000032   Code   RO         1934    i.Timer2_StandardLibrary  my_timer.o
    0x080014e2   0x080014e2   0x00000002   PAD
    0x080014e4   0x080014e4   0x00000094   Code   RO         1673    i.USART1_Config     my_usart.o
    0x08001578   0x08001578   0x0000006c   Code   RO          233    i.USART1_IRQHandler  stm32f10x_it.o
    0x080015e4   0x080015e4   0x00000012   Code   RO          740    i.USART_ClearFlag   stm32f10x_usart.o
    0x080015f6   0x080015f6   0x00000018   Code   RO          744    i.USART_Cmd         stm32f10x_usart.o
    0x0800160e   0x0800160e   0x0000001a   Code   RO          747    i.USART_GetFlagStatus  stm32f10x_usart.o
    0x08001628   0x08001628   0x00000054   Code   RO          748    i.USART_GetITStatus  stm32f10x_usart.o
    0x0800167c   0x0800167c   0x0000004a   Code   RO          750    i.USART_ITConfig    stm32f10x_usart.o
    0x080016c6   0x080016c6   0x00000002   PAD
    0x080016c8   0x080016c8   0x000000d8   Code   RO          751    i.USART_Init        stm32f10x_usart.o
    0x080017a0   0x080017a0   0x0000000a   Code   RO          758    i.USART_ReceiveData  stm32f10x_usart.o
    0x080017aa   0x080017aa   0x00000008   Code   RO          761    i.USART_SendData    stm32f10x_usart.o
    0x080017b2   0x080017b2   0x00000004   Code   RO          234    i.UsageFault_Handler  stm32f10x_it.o
    0x080017b6   0x080017b6   0x00000002   PAD
    0x080017b8   0x080017b8   0x00000020   Code   RO         2761    i.__0printf$3       mc_w.l(printf3.o)
    0x080017d8   0x080017d8   0x00000028   Code   RO         2763    i.__0sprintf$3      mc_w.l(printf3.o)
    0x08001800   0x08001800   0x0000000e   Code   RO         2983    i.__scatterload_copy  mc_w.l(handlers.o)
    0x0800180e   0x0800180e   0x00000002   Code   RO         2984    i.__scatterload_null  mc_w.l(handlers.o)
    0x08001810   0x08001810   0x0000000e   Code   RO         2985    i.__scatterload_zeroinit  mc_w.l(handlers.o)
    0x0800181e   0x0800181e   0x00000002   PAD
    0x08001820   0x08001820   0x000001b8   Code   RO         2768    i._printf_core      mc_w.l(printf3.o)
    0x080019d8   0x080019d8   0x0000000a   Code   RO         2770    i._sputc            mc_w.l(printf3.o)
    0x080019e2   0x080019e2   0x00000002   PAD
    0x080019e4   0x080019e4   0x00000024   Code   RO         1674    i.fputc             my_usart.o
    0x08001a08   0x08001a08   0x00000130   Code   RO            5    i.main              main.o
    0x08001b38   0x08001b38   0x000000c0   Code   RO         2368    i.prvAddCurrentTaskToDelayedList  tasks.o
    0x08001bf8   0x08001bf8   0x000000e4   Code   RO         2369    i.prvAddNewTaskToReadyList  tasks.o
    0x08001cdc   0x08001cdc   0x00000048   Code   RO         2370    i.prvCheckTasksWaitingTermination  tasks.o
    0x08001d24   0x08001d24   0x0000002a   Code   RO         2223    i.prvCopyDataFromQueue  queue.o
    0x08001d4e   0x08001d4e   0x0000006a   Code   RO         2224    i.prvCopyDataToQueue  queue.o
    0x08001db8   0x08001db8   0x00000012   Code   RO         2371    i.prvDeleteTCB      tasks.o
    0x08001dca   0x08001dca   0x00000002   PAD
    0x08001dcc   0x08001dcc   0x0000007c   Code   RO         1960    i.prvHeapInit       heap_4.o
    0x08001e48   0x08001e48   0x0000002c   Code   RO         2372    i.prvIdleTask       tasks.o
    0x08001e74   0x08001e74   0x00000026   Code   RO         2225    i.prvInitialiseNewQueue  queue.o
    0x08001e9a   0x08001e9a   0x0000008a   Code   RO         2373    i.prvInitialiseNewTask  tasks.o
    0x08001f24   0x08001f24   0x00000068   Code   RO         2374    i.prvInitialiseTaskLists  tasks.o
    0x08001f8c   0x08001f8c   0x00000068   Code   RO         1961    i.prvInsertBlockIntoFreeList  heap_4.o
    0x08001ff4   0x08001ff4   0x0000001a   Code   RO         2226    i.prvIsQueueEmpty   queue.o
    0x0800200e   0x0800200e   0x0000001e   Code   RO         2227    i.prvIsQueueFull    queue.o
    0x0800202c   0x0800202c   0x00000030   Code   RO         2375    i.prvResetNextTaskUnblockTime  tasks.o
    0x0800205c   0x0800205c   0x00000016   Code   RO         2029    i.prvTaskExitError  port.o
    0x08002072   0x08002072   0x00000002   PAD
    0x08002074   0x08002074   0x00000040   Code   RO         2376    i.prvTaskIsTaskSuspended  tasks.o
    0x080020b4   0x080020b4   0x0000007e   Code   RO         2228    i.prvUnlockQueue    queue.o
    0x08002132   0x08002132   0x00000002   PAD
    0x08002134   0x08002134   0x000000fc   Code   RO         1962    i.pvPortMalloc      heap_4.o
    0x08002230   0x08002230   0x00000024   Code   RO         2030    i.pxPortInitialiseStack  port.o
    0x08002254   0x08002254   0x00000028   Code   RO         2187    i.uxListRemove      list.o
    0x0800227c   0x0800227c   0x00000004   Code   RO            6    i.vApplicationIdleHook  main.o
    0x08002280   0x08002280   0x00000060   Code   RO            7    i.vDisplayLCDTask   main.o
    0x080022e0   0x080022e0   0x00000064   Code   RO            8    i.vGetDataDHT11Task  main.o
    0x08002344   0x08002344   0x00000068   Code   RO            9    i.vGetDataDS18B20Task  main.o
    0x080023ac   0x080023ac   0x0000001a   Code   RO         2188    i.vListInitialise   list.o
    0x080023c6   0x080023c6   0x00000006   Code   RO         2189    i.vListInitialiseItem  list.o
    0x080023cc   0x080023cc   0x00000034   Code   RO         2190    i.vListInsert       list.o
    0x08002400   0x08002400   0x00000018   Code   RO         2191    i.vListInsertEnd    list.o
    0x08002418   0x08002418   0x00000024   Code   RO         2032    i.vPortEnterCritical  port.o
    0x0800243c   0x0800243c   0x00000020   Code   RO         2033    i.vPortExitCritical  port.o
    0x0800245c   0x0800245c   0x00000058   Code   RO         1963    i.vPortFree         heap_4.o
    0x080024b4   0x080024b4   0x00000018   Code   RO         2034    i.vPortSetupTimerInterrupt  port.o
    0x080024cc   0x080024cc   0x00000058   Code   RO           10    i.vSendToPCTask     main.o
    0x08002524   0x08002524   0x00000128   Code   RO           11    i.vSetTimeTask      main.o
    0x0800264c   0x0800264c   0x00000034   Code   RO         2383    i.vTaskDelay        tasks.o
    0x08002680   0x08002680   0x00000018   Code   RO         2387    i.vTaskInternalSetTimeOutState  tasks.o
    0x08002698   0x08002698   0x0000000c   Code   RO         2388    i.vTaskMissedYield  tasks.o
    0x080026a4   0x080026a4   0x00000020   Code   RO         2389    i.vTaskPlaceOnEventList  tasks.o
    0x080026c4   0x080026c4   0x000000ac   Code   RO         2393    i.vTaskResume       tasks.o
    0x08002770   0x08002770   0x0000006c   Code   RO         2395    i.vTaskStartScheduler  tasks.o
    0x080027dc   0x080027dc   0x000000d8   Code   RO         2396    i.vTaskSuspend      tasks.o
    0x080028b4   0x080028b4   0x00000010   Code   RO         2397    i.vTaskSuspendAll   tasks.o
    0x080028c4   0x080028c4   0x00000060   Code   RO         2398    i.vTaskSwitchContext  tasks.o
    0x08002924   0x08002924   0x00000034   Code   RO         2035    i.xPortStartScheduler  port.o
    0x08002958   0x08002958   0x0000004c   Code   RO         2234    i.xQueueGenericCreate  queue.o
    0x080029a4   0x080029a4   0x000000a0   Code   RO         2235    i.xQueueGenericReset  queue.o
    0x08002a44   0x08002a44   0x00000118   Code   RO         2236    i.xQueueGenericSend  queue.o
    0x08002b5c   0x08002b5c   0x00000104   Code   RO         2243    i.xQueueReceive     queue.o
    0x08002c60   0x08002c60   0x00000060   Code   RO         2400    i.xTaskCheckForTimeOut  tasks.o
    0x08002cc0   0x08002cc0   0x00000060   Code   RO         2401    i.xTaskCreate       tasks.o
    0x08002d20   0x08002d20   0x000001f8   Code   RO         2404    i.xTaskGenericNotifyFromISR  tasks.o
    0x08002f18   0x08002f18   0x000000ac   Code   RO         2406    i.xTaskGenericNotifyWait  tasks.o
    0x08002fc4   0x08002fc4   0x00000190   Code   RO         2409    i.xTaskIncrementTick  tasks.o
    0x08003154   0x08003154   0x00000108   Code   RO         2410    i.xTaskRemoveFromEventList  tasks.o
    0x0800325c   0x0800325c   0x0000015c   Code   RO         2411    i.xTaskResumeAll    tasks.o
    0x080033b8   0x080033b8   0x0000005c   Data   RO           13    .conststring        main.o
    0x08003414   0x08003414   0x00000020   Data   RO         2981    Region$$Table       anon$$obj.o


    Execution Region ER_RW (Exec base: 0x20000000, Load base: 0x08003434, Size: 0x00000160, Max: 0xffffffff, ABSOLUTE, COMPRESSED[0x0000008c])

    Exec Addr    Load Addr    Size         Type   Attr      Idx    E Section Name        Object

    0x20000000   COMPRESSED   0x000000c8   Data   RW           14    .data               main.o
    0x200000c8   COMPRESSED   0x00000014   Data   RW          572    .data               stm32f10x_rcc.o
    0x200000dc   COMPRESSED   0x00000007   Data   RW         1710    .data               dht11.o
    0x200000e3   COMPRESSED   0x00000001   PAD
    0x200000e4   COMPRESSED   0x00000008   Data   RW         1754    .data               ds18b20.o
    0x200000ec   COMPRESSED   0x00000009   Data   RW         1802    .data               lcd_i2c.o
    0x200000f5   COMPRESSED   0x00000003   PAD
    0x200000f8   COMPRESSED   0x00000020   Data   RW         1969    .data               heap_4.o
    0x20000118   COMPRESSED   0x00000004   Data   RW         2036    .data               port.o
    0x2000011c   COMPRESSED   0x00000040   Data   RW         2414    .data               tasks.o
    0x2000015c   COMPRESSED   0x00000004   Data   RW         2953    .data               mc_w.l(stdout.o)


    Execution Region ER_ZI (Exec base: 0x20000160, Load base: 0x080034c0, Size: 0x000048e8, Max: 0xffffffff, ABSOLUTE)

    Exec Addr    Load Addr    Size         Type   Attr      Idx    E Section Name        Object

    0x20000160        -       0x0000001e   Zero   RW           12    .bss                main.o
    0x2000017e        -       0x00004400   Zero   RW         1968    .bss                heap_4.o
    0x2000457e   0x080034c0   0x00000002   PAD
    0x20004580        -       0x000000c8   Zero   RW         2413    .bss                tasks.o
    0x20004648        -       0x00000400   Zero   RW          329    STACK               startup_stm32f10x_md.o


==============================================================================

Image component sizes


      Code (inc. data)   RO Data    RW Data    ZI Data      Debug   Object Name

         0          0          0          0          0         32   core_cm3.o
       408         52          0          7          0       4199   dht11.o
       436         44          0          8          0       3875   ds18b20.o
         0          0          0          0          0      12216   event_groups.o
       568         72          0         32      17408       6843   heap_4.o
       588         52          0          9          0       6682   lcd_i2c.o
       148          0          0          0          0       3630   list.o
      1816        666         92        200         30     283836   main.o
       424         40          0          0          0       5055   my_i2c.o
       128          0          0          0          0       1845   my_timer.o
       252         22          0          0          0      18959   my_usart.o
       404         48          0          4          0       9712   port.o
      1144         12          0          0          0      12163   queue.o
        36          8        236          0       1024        976   startup_stm32f10x_md.o
       304          0          0          0          0       4356   stm32f10x_gpio.o
       462         14          0          0          0       9072   stm32f10x_i2c.o
       128         20          0          0          0       3693   stm32f10x_it.o
       276         32          0         20          0       5110   stm32f10x_rcc.o
       198         42          0          0          0       3519   stm32f10x_tim.o
       460          6          0          0          0       7871   stm32f10x_usart.o
       328         28          0          0          0       2661   system_stm32f10x.o
      3516        402          0         64        200      35389   tasks.o

    ----------------------------------------------------------------------
     12054       1560        360        348      18664     441694   Object Totals
         0          0         32          0          0          0   (incl. Generated)
        30          0          0          4          2          0   (incl. Padding)

    ----------------------------------------------------------------------

      Code (inc. data)   RO Data    RW Data    ZI Data      Debug   Library Member Name

        86          0          0          0          0          0   __dczerorl2.o
         0          0          0          0          0          0   entry.o
         0          0          0          0          0          0   entry10a.o
         0          0          0          0          0          0   entry11a.o
         4          0          0          0          0          0   entry12b.o
         8          4          0          0          0          0   entry2.o
         4          0          0          0          0          0   entry5.o
         0          0          0          0          0          0   entry7b.o
         0          0          0          0          0          0   entry8b.o
         8          4          0          0          0          0   entry9a.o
        30          0          0          0          0          0   handlers.o
        36          8          0          0          0         68   init.o
         0          0          0          0          0          0   iusefp.o
        36          0          0          0          0         68   memcpya.o
       522         20          0          0          0        336   printf3.o
         0          0          0          4          0          0   stdout.o
        44          0          0          0          0         80   uidiv.o
       110          0          0          0          0        168   fepilogue.o
        40          0          0          0          0         68   ffixui.o
        18          0          0          0          0         68   fflti.o

    ----------------------------------------------------------------------
       950         36          0          4          0        856   Library Totals
         4          0          0          0          0          0   (incl. Padding)

    ----------------------------------------------------------------------

      Code (inc. data)   RO Data    RW Data    ZI Data      Debug   Library Name

       778         36          0          4          0        552   mc_w.l
       168          0          0          0          0        304   mf_w.l

    ----------------------------------------------------------------------
       950         36          0          4          0        856   Library Totals

    ----------------------------------------------------------------------

==============================================================================


      Code (inc. data)   RO Data    RW Data    ZI Data      Debug   

     13004       1596        360        352      18664     435450   Grand Totals
     13004       1596        360        140      18664     435450   ELF Image Totals (compressed)
     13004       1596        360        140          0          0   ROM Totals

==============================================================================

    Total RO  Size (Code + RO Data)                13364 (  13.05kB)
    Total RW  Size (RW Data + ZI Data)             19016 (  18.57kB)
    Total ROM Size (Code + RO Data + RW Data)      13504 (  13.19kB)

==============================================================================

