Component: ARM Compiler 5.06 update 7 (build 960) Tool: armlink [4d3601]

==============================================================================

Section Cross References

    system_stm32f10x.o(i.SetSysClock) refers to system_stm32f10x.o(i.SetSysClockTo72) for SetSysClockTo72
    system_stm32f10x.o(i.SystemCoreClockUpdate) refers to system_stm32f10x.o(.data) for SystemCoreClock
    system_stm32f10x.o(i.SystemInit) refers to system_stm32f10x.o(i.SetSysClock) for SetSysClock
    startup_stm32f10x_md.o(RESET) refers to startup_stm32f10x_md.o(STACK) for __initial_sp
    startup_stm32f10x_md.o(RESET) refers to startup_stm32f10x_md.o(.text) for Reset_Handler
    startup_stm32f10x_md.o(RESET) refers to stm32f10x_it.o(i.NMI_Handler) for NMI_Handler
    startup_stm32f10x_md.o(RESET) refers to stm32f10x_it.o(i.HardFault_Handler) for HardFault_Handler
    startup_stm32f10x_md.o(RESET) refers to stm32f10x_it.o(i.MemManage_Handler) for MemManage_Handler
    startup_stm32f10x_md.o(RESET) refers to stm32f10x_it.o(i.BusFault_Handler) for BusFault_Handler
    startup_stm32f10x_md.o(RESET) refers to stm32f10x_it.o(i.UsageFault_Handler) for UsageFault_Handler
    startup_stm32f10x_md.o(RESET) refers to stm32f10x_it.o(i.SVC_Handler) for SVC_Handler
    startup_stm32f10x_md.o(RESET) refers to stm32f10x_it.o(i.DebugMon_Handler) for DebugMon_Handler
    startup_stm32f10x_md.o(RESET) refers to stm32f10x_it.o(i.PendSV_Handler) for PendSV_Handler
    startup_stm32f10x_md.o(RESET) refers to stm32f10x_it.o(i.SysTick_Handler) for SysTick_Handler
    startup_stm32f10x_md.o(.text) refers to system_stm32f10x.o(i.SystemInit) for SystemInit
    startup_stm32f10x_md.o(.text) refers to entry.o(.ARM.Collect$$$$00000000) for __main
    main.o(i.Flash_Write) refers to stm32f10x_flash.o(i.FLASH_ProgramHalfWord) for FLASH_ProgramHalfWord
    main.o(i.GPIOLed_Config) refers to stm32f10x_rcc.o(i.RCC_APB2PeriphClockCmd) for RCC_APB2PeriphClockCmd
    main.o(i.GPIOLed_Config) refers to stm32f10x_gpio.o(i.GPIO_Init) for GPIO_Init
    main.o(i.main) refers to main.o(i.GPIOLed_Config) for GPIOLed_Config
    main.o(i.main) refers to my_usart.o(i.GPIOUsart1_Config) for GPIOUsart1_Config
    main.o(i.main) refers to my_usart.o(i.USART1_Config) for USART1_Config
    main.o(i.main) refers to stm32f10x_flash.o(i.FLASH_Unlock) for FLASH_Unlock
    main.o(i.main) refers to stm32f10x_flash.o(i.FLASH_ErasePage) for FLASH_ErasePage
    main.o(i.main) refers to printfb.o(i.__0printf$bare) for __2printf
    main.o(i.main) refers to main.o(i.Flash_Write) for Flash_Write
    main.o(i.main) refers to main.o(i.Flash_Read) for Flash_Read
    main.o(i.main) refers to stm32f10x_gpio.o(i.GPIO_SetBits) for GPIO_SetBits
    main.o(i.main) refers to main.o(i.Delay_ms) for Delay_ms
    main.o(i.main) refers to stm32f10x_gpio.o(i.GPIO_ResetBits) for GPIO_ResetBits
    main.o(i.main) refers to main.o(.data) for u8DataWrite
    stm32f10x_flash.o(i.FLASH_EnableWriteProtection) refers to stm32f10x_flash.o(i.FLASH_WaitForLastOperation) for FLASH_WaitForLastOperation
    stm32f10x_flash.o(i.FLASH_EraseAllBank1Pages) refers to stm32f10x_flash.o(i.FLASH_WaitForLastBank1Operation) for FLASH_WaitForLastBank1Operation
    stm32f10x_flash.o(i.FLASH_EraseAllPages) refers to stm32f10x_flash.o(i.FLASH_WaitForLastOperation) for FLASH_WaitForLastOperation
    stm32f10x_flash.o(i.FLASH_EraseOptionBytes) refers to stm32f10x_flash.o(i.FLASH_GetReadOutProtectionStatus) for FLASH_GetReadOutProtectionStatus
    stm32f10x_flash.o(i.FLASH_EraseOptionBytes) refers to stm32f10x_flash.o(i.FLASH_WaitForLastOperation) for FLASH_WaitForLastOperation
    stm32f10x_flash.o(i.FLASH_ErasePage) refers to stm32f10x_flash.o(i.FLASH_WaitForLastOperation) for FLASH_WaitForLastOperation
    stm32f10x_flash.o(i.FLASH_ProgramHalfWord) refers to stm32f10x_flash.o(i.FLASH_WaitForLastOperation) for FLASH_WaitForLastOperation
    stm32f10x_flash.o(i.FLASH_ProgramOptionByteData) refers to stm32f10x_flash.o(i.FLASH_WaitForLastOperation) for FLASH_WaitForLastOperation
    stm32f10x_flash.o(i.FLASH_ProgramWord) refers to stm32f10x_flash.o(i.FLASH_WaitForLastOperation) for FLASH_WaitForLastOperation
    stm32f10x_flash.o(i.FLASH_ReadOutProtection) refers to stm32f10x_flash.o(i.FLASH_WaitForLastOperation) for FLASH_WaitForLastOperation
    stm32f10x_flash.o(i.FLASH_UserOptionByteConfig) refers to stm32f10x_flash.o(i.FLASH_WaitForLastOperation) for FLASH_WaitForLastOperation
    stm32f10x_flash.o(i.FLASH_WaitForLastBank1Operation) refers to stm32f10x_flash.o(i.FLASH_GetBank1Status) for FLASH_GetBank1Status
    stm32f10x_flash.o(i.FLASH_WaitForLastOperation) refers to stm32f10x_flash.o(i.FLASH_GetBank1Status) for FLASH_GetBank1Status
    stm32f10x_gpio.o(i.GPIO_AFIODeInit) refers to stm32f10x_rcc.o(i.RCC_APB2PeriphResetCmd) for RCC_APB2PeriphResetCmd
    stm32f10x_gpio.o(i.GPIO_DeInit) refers to stm32f10x_rcc.o(i.RCC_APB2PeriphResetCmd) for RCC_APB2PeriphResetCmd
    stm32f10x_rcc.o(i.RCC_GetClocksFreq) refers to stm32f10x_rcc.o(.data) for APBAHBPrescTable
    stm32f10x_rcc.o(i.RCC_WaitForHSEStartUp) refers to stm32f10x_rcc.o(i.RCC_GetFlagStatus) for RCC_GetFlagStatus
    stm32f10x_usart.o(i.USART_DeInit) refers to stm32f10x_rcc.o(i.RCC_APB2PeriphResetCmd) for RCC_APB2PeriphResetCmd
    stm32f10x_usart.o(i.USART_DeInit) refers to stm32f10x_rcc.o(i.RCC_APB1PeriphResetCmd) for RCC_APB1PeriphResetCmd
    stm32f10x_usart.o(i.USART_Init) refers to stm32f10x_rcc.o(i.RCC_GetClocksFreq) for RCC_GetClocksFreq
    my_usart.o(i.GPIOUsart1_Config) refers to stm32f10x_rcc.o(i.RCC_APB2PeriphClockCmd) for RCC_APB2PeriphClockCmd
    my_usart.o(i.GPIOUsart1_Config) refers to stm32f10x_gpio.o(i.GPIO_Init) for GPIO_Init
    my_usart.o(i.USART1_Config) refers to stm32f10x_rcc.o(i.RCC_APB2PeriphClockCmd) for RCC_APB2PeriphClockCmd
    my_usart.o(i.USART1_Config) refers to stm32f10x_usart.o(i.USART_Init) for USART_Init
    my_usart.o(i.USART1_Config) refers to stm32f10x_usart.o(i.USART_ClearFlag) for USART_ClearFlag
    my_usart.o(i.USART1_Config) refers to stm32f10x_usart.o(i.USART_ITConfig) for USART_ITConfig
    my_usart.o(i.USART1_Config) refers to stm32f10x_usart.o(i.USART_Cmd) for USART_Cmd
    my_usart.o(i.fputc) refers to stm32f10x_usart.o(i.USART_SendData) for USART_SendData
    my_usart.o(i.fputc) refers to stm32f10x_usart.o(i.USART_GetFlagStatus) for USART_GetFlagStatus
    entry.o(.ARM.Collect$$$$00000000) refers (Special) to entry10a.o(.ARM.Collect$$$$0000000F) for __rt_final_cpp
    entry.o(.ARM.Collect$$$$00000000) refers (Special) to entry11a.o(.ARM.Collect$$$$00000011) for __rt_final_exit
    entry.o(.ARM.Collect$$$$00000000) refers (Special) to entry12b.o(.ARM.Collect$$$$0000000E) for __rt_lib_shutdown_fini
    entry.o(.ARM.Collect$$$$00000000) refers (Special) to entry7b.o(.ARM.Collect$$$$00000008) for _main_clock
    entry.o(.ARM.Collect$$$$00000000) refers (Special) to entry8b.o(.ARM.Collect$$$$0000000A) for _main_cpp_init
    entry.o(.ARM.Collect$$$$00000000) refers (Special) to entry9a.o(.ARM.Collect$$$$0000000B) for _main_init
    entry.o(.ARM.Collect$$$$00000000) refers (Special) to entry5.o(.ARM.Collect$$$$00000004) for _main_scatterload
    entry.o(.ARM.Collect$$$$00000000) refers (Special) to entry2.o(.ARM.Collect$$$$00000001) for _main_stk
    printfb.o(i.__0fprintf$bare) refers to printfb.o(i._printf_core) for _printf_core
    printfb.o(i.__0fprintf$bare) refers to my_usart.o(i.fputc) for fputc
    printfb.o(i.__0printf$bare) refers to printfb.o(i._printf_core) for _printf_core
    printfb.o(i.__0printf$bare) refers to my_usart.o(i.fputc) for fputc
    printfb.o(i.__0printf$bare) refers to stdout.o(.data) for __stdout
    printfb.o(i.__0snprintf$bare) refers to printfb.o(i._printf_core) for _printf_core
    printfb.o(i.__0snprintf$bare) refers to printfb.o(i._snputc) for _snputc
    printfb.o(i.__0sprintf$bare) refers to printfb.o(i._printf_core) for _printf_core
    printfb.o(i.__0sprintf$bare) refers to printfb.o(i._sputc) for _sputc
    printfb.o(i.__0vfprintf$bare) refers to printfb.o(i._printf_core) for _printf_core
    printfb.o(i.__0vfprintf$bare) refers to my_usart.o(i.fputc) for fputc
    printfb.o(i.__0vprintf$bare) refers to printfb.o(i._printf_core) for _printf_core
    printfb.o(i.__0vprintf$bare) refers to my_usart.o(i.fputc) for fputc
    printfb.o(i.__0vprintf$bare) refers to stdout.o(.data) for __stdout
    printfb.o(i.__0vsnprintf$bare) refers to printfb.o(i._printf_core) for _printf_core
    printfb.o(i.__0vsnprintf$bare) refers to printfb.o(i._snputc) for _snputc
    printfb.o(i.__0vsprintf$bare) refers to printfb.o(i._printf_core) for _printf_core
    printfb.o(i.__0vsprintf$bare) refers to printfb.o(i._sputc) for _sputc
    printf0.o(i.__0fprintf$0) refers to printf0.o(i._printf_core) for _printf_core
    printf0.o(i.__0fprintf$0) refers to my_usart.o(i.fputc) for fputc
    printf0.o(i.__0printf$0) refers to printf0.o(i._printf_core) for _printf_core
    printf0.o(i.__0printf$0) refers to my_usart.o(i.fputc) for fputc
    printf0.o(i.__0printf$0) refers to stdout.o(.data) for __stdout
    printf0.o(i.__0snprintf$0) refers to printf0.o(i._printf_core) for _printf_core
    printf0.o(i.__0snprintf$0) refers to printf0.o(i._snputc) for _snputc
    printf0.o(i.__0sprintf$0) refers to printf0.o(i._printf_core) for _printf_core
    printf0.o(i.__0sprintf$0) refers to printf0.o(i._sputc) for _sputc
    printf0.o(i.__0vfprintf$0) refers to printf0.o(i._printf_core) for _printf_core
    printf0.o(i.__0vfprintf$0) refers to my_usart.o(i.fputc) for fputc
    printf0.o(i.__0vprintf$0) refers to printf0.o(i._printf_core) for _printf_core
    printf0.o(i.__0vprintf$0) refers to my_usart.o(i.fputc) for fputc
    printf0.o(i.__0vprintf$0) refers to stdout.o(.data) for __stdout
    printf0.o(i.__0vsnprintf$0) refers to printf0.o(i._printf_core) for _printf_core
    printf0.o(i.__0vsnprintf$0) refers to printf0.o(i._snputc) for _snputc
    printf0.o(i.__0vsprintf$0) refers to printf0.o(i._printf_core) for _printf_core
    printf0.o(i.__0vsprintf$0) refers to printf0.o(i._sputc) for _sputc
    printf1.o(i.__0fprintf$1) refers to printf1.o(i._printf_core) for _printf_core
    printf1.o(i.__0fprintf$1) refers to my_usart.o(i.fputc) for fputc
    printf1.o(i.__0printf$1) refers to printf1.o(i._printf_core) for _printf_core
    printf1.o(i.__0printf$1) refers to my_usart.o(i.fputc) for fputc
    printf1.o(i.__0printf$1) refers to stdout.o(.data) for __stdout
    printf1.o(i.__0snprintf$1) refers to printf1.o(i._printf_core) for _printf_core
    printf1.o(i.__0snprintf$1) refers to printf1.o(i._snputc) for _snputc
    printf1.o(i.__0sprintf$1) refers to printf1.o(i._printf_core) for _printf_core
    printf1.o(i.__0sprintf$1) refers to printf1.o(i._sputc) for _sputc
    printf1.o(i.__0vfprintf$1) refers to printf1.o(i._printf_core) for _printf_core
    printf1.o(i.__0vfprintf$1) refers to my_usart.o(i.fputc) for fputc
    printf1.o(i.__0vprintf$1) refers to printf1.o(i._printf_core) for _printf_core
    printf1.o(i.__0vprintf$1) refers to my_usart.o(i.fputc) for fputc
    printf1.o(i.__0vprintf$1) refers to stdout.o(.data) for __stdout
    printf1.o(i.__0vsnprintf$1) refers to printf1.o(i._printf_core) for _printf_core
    printf1.o(i.__0vsnprintf$1) refers to printf1.o(i._snputc) for _snputc
    printf1.o(i.__0vsprintf$1) refers to printf1.o(i._printf_core) for _printf_core
    printf1.o(i.__0vsprintf$1) refers to printf1.o(i._sputc) for _sputc
    printf1.o(i._printf_core) refers to uidiv.o(.text) for __aeabi_uidivmod
    printf2.o(i.__0fprintf$2) refers to printf2.o(i._printf_core) for _printf_core
    printf2.o(i.__0fprintf$2) refers to my_usart.o(i.fputc) for fputc
    printf2.o(i.__0printf$2) refers to printf2.o(i._printf_core) for _printf_core
    printf2.o(i.__0printf$2) refers to my_usart.o(i.fputc) for fputc
    printf2.o(i.__0printf$2) refers to stdout.o(.data) for __stdout
    printf2.o(i.__0snprintf$2) refers to printf2.o(i._printf_core) for _printf_core
    printf2.o(i.__0snprintf$2) refers to printf2.o(i._snputc) for _snputc
    printf2.o(i.__0sprintf$2) refers to printf2.o(i._printf_core) for _printf_core
    printf2.o(i.__0sprintf$2) refers to printf2.o(i._sputc) for _sputc
    printf2.o(i.__0vfprintf$2) refers to printf2.o(i._printf_core) for _printf_core
    printf2.o(i.__0vfprintf$2) refers to my_usart.o(i.fputc) for fputc
    printf2.o(i.__0vprintf$2) refers to printf2.o(i._printf_core) for _printf_core
    printf2.o(i.__0vprintf$2) refers to my_usart.o(i.fputc) for fputc
    printf2.o(i.__0vprintf$2) refers to stdout.o(.data) for __stdout
    printf2.o(i.__0vsnprintf$2) refers to printf2.o(i._printf_core) for _printf_core
    printf2.o(i.__0vsnprintf$2) refers to printf2.o(i._snputc) for _snputc
    printf2.o(i.__0vsprintf$2) refers to printf2.o(i._printf_core) for _printf_core
    printf2.o(i.__0vsprintf$2) refers to printf2.o(i._sputc) for _sputc
    printf3.o(i.__0fprintf$3) refers to printf3.o(i._printf_core) for _printf_core
    printf3.o(i.__0fprintf$3) refers to my_usart.o(i.fputc) for fputc
    printf3.o(i.__0printf$3) refers to printf3.o(i._printf_core) for _printf_core
    printf3.o(i.__0printf$3) refers to my_usart.o(i.fputc) for fputc
    printf3.o(i.__0printf$3) refers to stdout.o(.data) for __stdout
    printf3.o(i.__0snprintf$3) refers to printf3.o(i._printf_core) for _printf_core
    printf3.o(i.__0snprintf$3) refers to printf3.o(i._snputc) for _snputc
    printf3.o(i.__0sprintf$3) refers to printf3.o(i._printf_core) for _printf_core
    printf3.o(i.__0sprintf$3) refers to printf3.o(i._sputc) for _sputc
    printf3.o(i.__0vfprintf$3) refers to printf3.o(i._printf_core) for _printf_core
    printf3.o(i.__0vfprintf$3) refers to my_usart.o(i.fputc) for fputc
    printf3.o(i.__0vprintf$3) refers to printf3.o(i._printf_core) for _printf_core
    printf3.o(i.__0vprintf$3) refers to my_usart.o(i.fputc) for fputc
    printf3.o(i.__0vprintf$3) refers to stdout.o(.data) for __stdout
    printf3.o(i.__0vsnprintf$3) refers to printf3.o(i._printf_core) for _printf_core
    printf3.o(i.__0vsnprintf$3) refers to printf3.o(i._snputc) for _snputc
    printf3.o(i.__0vsprintf$3) refers to printf3.o(i._printf_core) for _printf_core
    printf3.o(i.__0vsprintf$3) refers to printf3.o(i._sputc) for _sputc
    printf3.o(i._printf_core) refers to uidiv.o(.text) for __aeabi_uidivmod
    printf4.o(i.__0fprintf$4) refers to printf4.o(i._printf_core) for _printf_core
    printf4.o(i.__0fprintf$4) refers to my_usart.o(i.fputc) for fputc
    printf4.o(i.__0printf$4) refers to printf4.o(i._printf_core) for _printf_core
    printf4.o(i.__0printf$4) refers to my_usart.o(i.fputc) for fputc
    printf4.o(i.__0printf$4) refers to stdout.o(.data) for __stdout
    printf4.o(i.__0snprintf$4) refers to printf4.o(i._printf_core) for _printf_core
    printf4.o(i.__0snprintf$4) refers to printf4.o(i._snputc) for _snputc
    printf4.o(i.__0sprintf$4) refers to printf4.o(i._printf_core) for _printf_core
    printf4.o(i.__0sprintf$4) refers to printf4.o(i._sputc) for _sputc
    printf4.o(i.__0vfprintf$4) refers to printf4.o(i._printf_core) for _printf_core
    printf4.o(i.__0vfprintf$4) refers to my_usart.o(i.fputc) for fputc
    printf4.o(i.__0vprintf$4) refers to printf4.o(i._printf_core) for _printf_core
    printf4.o(i.__0vprintf$4) refers to my_usart.o(i.fputc) for fputc
    printf4.o(i.__0vprintf$4) refers to stdout.o(.data) for __stdout
    printf4.o(i.__0vsnprintf$4) refers to printf4.o(i._printf_core) for _printf_core
    printf4.o(i.__0vsnprintf$4) refers to printf4.o(i._snputc) for _snputc
    printf4.o(i.__0vsprintf$4) refers to printf4.o(i._printf_core) for _printf_core
    printf4.o(i.__0vsprintf$4) refers to printf4.o(i._sputc) for _sputc
    printf4.o(i._printf_core) refers to uldiv.o(.text) for __aeabi_uldivmod
    printf5.o(i.__0fprintf$5) refers to printf5.o(i._printf_core) for _printf_core
    printf5.o(i.__0fprintf$5) refers to my_usart.o(i.fputc) for fputc
    printf5.o(i.__0printf$5) refers to printf5.o(i._printf_core) for _printf_core
    printf5.o(i.__0printf$5) refers to my_usart.o(i.fputc) for fputc
    printf5.o(i.__0printf$5) refers to stdout.o(.data) for __stdout
    printf5.o(i.__0snprintf$5) refers to printf5.o(i._printf_core) for _printf_core
    printf5.o(i.__0snprintf$5) refers to printf5.o(i._snputc) for _snputc
    printf5.o(i.__0sprintf$5) refers to printf5.o(i._printf_core) for _printf_core
    printf5.o(i.__0sprintf$5) refers to printf5.o(i._sputc) for _sputc
    printf5.o(i.__0vfprintf$5) refers to printf5.o(i._printf_core) for _printf_core
    printf5.o(i.__0vfprintf$5) refers to my_usart.o(i.fputc) for fputc
    printf5.o(i.__0vprintf$5) refers to printf5.o(i._printf_core) for _printf_core
    printf5.o(i.__0vprintf$5) refers to my_usart.o(i.fputc) for fputc
    printf5.o(i.__0vprintf$5) refers to stdout.o(.data) for __stdout
    printf5.o(i.__0vsnprintf$5) refers to printf5.o(i._printf_core) for _printf_core
    printf5.o(i.__0vsnprintf$5) refers to printf5.o(i._snputc) for _snputc
    printf5.o(i.__0vsprintf$5) refers to printf5.o(i._printf_core) for _printf_core
    printf5.o(i.__0vsprintf$5) refers to printf5.o(i._sputc) for _sputc
    printf5.o(i._printf_core) refers to uldiv.o(.text) for __aeabi_uldivmod
    printf6.o(i.__0fprintf$6) refers to printf6.o(i._printf_core) for _printf_core
    printf6.o(i.__0fprintf$6) refers to my_usart.o(i.fputc) for fputc
    printf6.o(i.__0printf$6) refers to printf6.o(i._printf_core) for _printf_core
    printf6.o(i.__0printf$6) refers to my_usart.o(i.fputc) for fputc
    printf6.o(i.__0printf$6) refers to stdout.o(.data) for __stdout
    printf6.o(i.__0snprintf$6) refers to printf6.o(i._printf_core) for _printf_core
    printf6.o(i.__0snprintf$6) refers to printf6.o(i._snputc) for _snputc
    printf6.o(i.__0sprintf$6) refers to printf6.o(i._printf_core) for _printf_core
    printf6.o(i.__0sprintf$6) refers to printf6.o(i._sputc) for _sputc
    printf6.o(i.__0vfprintf$6) refers to printf6.o(i._printf_core) for _printf_core
    printf6.o(i.__0vfprintf$6) refers to my_usart.o(i.fputc) for fputc
    printf6.o(i.__0vprintf$6) refers to printf6.o(i._printf_core) for _printf_core
    printf6.o(i.__0vprintf$6) refers to my_usart.o(i.fputc) for fputc
    printf6.o(i.__0vprintf$6) refers to stdout.o(.data) for __stdout
    printf6.o(i.__0vsnprintf$6) refers to printf6.o(i._printf_core) for _printf_core
    printf6.o(i.__0vsnprintf$6) refers to printf6.o(i._snputc) for _snputc
    printf6.o(i.__0vsprintf$6) refers to printf6.o(i._printf_core) for _printf_core
    printf6.o(i.__0vsprintf$6) refers to printf6.o(i._sputc) for _sputc
    printf6.o(i._printf_core) refers to printf6.o(i._printf_pre_padding) for _printf_pre_padding
    printf6.o(i._printf_core) refers to uidiv.o(.text) for __aeabi_uidivmod
    printf6.o(i._printf_core) refers to printf6.o(i._printf_post_padding) for _printf_post_padding
    printf7.o(i.__0fprintf$7) refers to printf7.o(i._printf_core) for _printf_core
    printf7.o(i.__0fprintf$7) refers to my_usart.o(i.fputc) for fputc
    printf7.o(i.__0printf$7) refers to printf7.o(i._printf_core) for _printf_core
    printf7.o(i.__0printf$7) refers to my_usart.o(i.fputc) for fputc
    printf7.o(i.__0printf$7) refers to stdout.o(.data) for __stdout
    printf7.o(i.__0snprintf$7) refers to printf7.o(i._printf_core) for _printf_core
    printf7.o(i.__0snprintf$7) refers to printf7.o(i._snputc) for _snputc
    printf7.o(i.__0sprintf$7) refers to printf7.o(i._printf_core) for _printf_core
    printf7.o(i.__0sprintf$7) refers to printf7.o(i._sputc) for _sputc
    printf7.o(i.__0vfprintf$7) refers to printf7.o(i._printf_core) for _printf_core
    printf7.o(i.__0vfprintf$7) refers to my_usart.o(i.fputc) for fputc
    printf7.o(i.__0vprintf$7) refers to printf7.o(i._printf_core) for _printf_core
    printf7.o(i.__0vprintf$7) refers to my_usart.o(i.fputc) for fputc
    printf7.o(i.__0vprintf$7) refers to stdout.o(.data) for __stdout
    printf7.o(i.__0vsnprintf$7) refers to printf7.o(i._printf_core) for _printf_core
    printf7.o(i.__0vsnprintf$7) refers to printf7.o(i._snputc) for _snputc
    printf7.o(i.__0vsprintf$7) refers to printf7.o(i._printf_core) for _printf_core
    printf7.o(i.__0vsprintf$7) refers to printf7.o(i._sputc) for _sputc
    printf7.o(i._printf_core) refers to printf7.o(i._printf_pre_padding) for _printf_pre_padding
    printf7.o(i._printf_core) refers to uldiv.o(.text) for __aeabi_uldivmod
    printf7.o(i._printf_core) refers to printf7.o(i._printf_post_padding) for _printf_post_padding
    printf8.o(i.__0fprintf$8) refers to printf8.o(i._printf_core) for _printf_core
    printf8.o(i.__0fprintf$8) refers to my_usart.o(i.fputc) for fputc
    printf8.o(i.__0printf$8) refers to printf8.o(i._printf_core) for _printf_core
    printf8.o(i.__0printf$8) refers to my_usart.o(i.fputc) for fputc
    printf8.o(i.__0printf$8) refers to stdout.o(.data) for __stdout
    printf8.o(i.__0snprintf$8) refers to printf8.o(i._printf_core) for _printf_core
    printf8.o(i.__0snprintf$8) refers to printf8.o(i._snputc) for _snputc
    printf8.o(i.__0sprintf$8) refers to printf8.o(i._printf_core) for _printf_core
    printf8.o(i.__0sprintf$8) refers to printf8.o(i._sputc) for _sputc
    printf8.o(i.__0vfprintf$8) refers to printf8.o(i._printf_core) for _printf_core
    printf8.o(i.__0vfprintf$8) refers to my_usart.o(i.fputc) for fputc
    printf8.o(i.__0vprintf$8) refers to printf8.o(i._printf_core) for _printf_core
    printf8.o(i.__0vprintf$8) refers to my_usart.o(i.fputc) for fputc
    printf8.o(i.__0vprintf$8) refers to stdout.o(.data) for __stdout
    printf8.o(i.__0vsnprintf$8) refers to printf8.o(i._printf_core) for _printf_core
    printf8.o(i.__0vsnprintf$8) refers to printf8.o(i._snputc) for _snputc
    printf8.o(i.__0vsprintf$8) refers to printf8.o(i._printf_core) for _printf_core
    printf8.o(i.__0vsprintf$8) refers to printf8.o(i._sputc) for _sputc
    printf8.o(i._printf_core) refers to printf8.o(i._printf_pre_padding) for _printf_pre_padding
    printf8.o(i._printf_core) refers to uldiv.o(.text) for __aeabi_uldivmod
    printf8.o(i._printf_core) refers to printf8.o(i._printf_post_padding) for _printf_post_padding
    printfa.o(i.__0fprintf) refers (Special) to iusefp.o(.text) for __I$use$fp
    printfa.o(i.__0fprintf) refers to printfa.o(i._printf_core) for _printf_core
    printfa.o(i.__0fprintf) refers to my_usart.o(i.fputc) for fputc
    printfa.o(i.__0printf) refers (Special) to iusefp.o(.text) for __I$use$fp
    printfa.o(i.__0printf) refers to printfa.o(i._printf_core) for _printf_core
    printfa.o(i.__0printf) refers to my_usart.o(i.fputc) for fputc
    printfa.o(i.__0printf) refers to stdout.o(.data) for __stdout
    printfa.o(i.__0snprintf) refers (Special) to iusefp.o(.text) for __I$use$fp
    printfa.o(i.__0snprintf) refers to printfa.o(i._printf_core) for _printf_core
    printfa.o(i.__0snprintf) refers to printfa.o(i._snputc) for _snputc
    printfa.o(i.__0sprintf) refers (Special) to iusefp.o(.text) for __I$use$fp
    printfa.o(i.__0sprintf) refers to printfa.o(i._printf_core) for _printf_core
    printfa.o(i.__0sprintf) refers to printfa.o(i._sputc) for _sputc
    printfa.o(i.__0vfprintf) refers (Special) to iusefp.o(.text) for __I$use$fp
    printfa.o(i.__0vfprintf) refers to printfa.o(i._printf_core) for _printf_core
    printfa.o(i.__0vfprintf) refers to my_usart.o(i.fputc) for fputc
    printfa.o(i.__0vprintf) refers (Special) to iusefp.o(.text) for __I$use$fp
    printfa.o(i.__0vprintf) refers to printfa.o(i._printf_core) for _printf_core
    printfa.o(i.__0vprintf) refers to my_usart.o(i.fputc) for fputc
    printfa.o(i.__0vprintf) refers to stdout.o(.data) for __stdout
    printfa.o(i.__0vsnprintf) refers (Special) to iusefp.o(.text) for __I$use$fp
    printfa.o(i.__0vsnprintf) refers to printfa.o(i._printf_core) for _printf_core
    printfa.o(i.__0vsnprintf) refers to printfa.o(i._snputc) for _snputc
    printfa.o(i.__0vsprintf) refers (Special) to iusefp.o(.text) for __I$use$fp
    printfa.o(i.__0vsprintf) refers to printfa.o(i._printf_core) for _printf_core
    printfa.o(i.__0vsprintf) refers to printfa.o(i._sputc) for _sputc
    printfa.o(i._fp_digits) refers (Special) to iusefp.o(.text) for __I$use$fp
    printfa.o(i._fp_digits) refers to dmul.o(.text) for __aeabi_dmul
    printfa.o(i._fp_digits) refers to ddiv.o(.text) for __aeabi_ddiv
    printfa.o(i._fp_digits) refers to cdrcmple.o(.text) for __aeabi_cdrcmple
    printfa.o(i._fp_digits) refers to dadd.o(.text) for __aeabi_dadd
    printfa.o(i._fp_digits) refers to dfixul.o(.text) for __aeabi_d2ulz
    printfa.o(i._fp_digits) refers to uldiv.o(.text) for __aeabi_uldivmod
    printfa.o(i._printf_core) refers (Special) to iusefp.o(.text) for __I$use$fp
    printfa.o(i._printf_core) refers to printfa.o(i._printf_pre_padding) for _printf_pre_padding
    printfa.o(i._printf_core) refers to uldiv.o(.text) for __aeabi_uldivmod
    printfa.o(i._printf_core) refers to printfa.o(i._printf_post_padding) for _printf_post_padding
    printfa.o(i._printf_core) refers to printfa.o(i._fp_digits) for _fp_digits
    printfa.o(i._printf_core) refers to uidiv.o(.text) for __aeabi_uidivmod
    printfa.o(i._printf_post_padding) refers (Special) to iusefp.o(.text) for __I$use$fp
    printfa.o(i._printf_pre_padding) refers (Special) to iusefp.o(.text) for __I$use$fp
    printfa.o(i._snputc) refers (Special) to iusefp.o(.text) for __I$use$fp
    printfa.o(i._sputc) refers (Special) to iusefp.o(.text) for __I$use$fp
    entry2.o(.ARM.Collect$$$$00000001) refers to entry2.o(.ARM.Collect$$$$00002712) for __lit__00000000
    entry2.o(.ARM.Collect$$$$00002712) refers to startup_stm32f10x_md.o(STACK) for __initial_sp
    entry2.o(__vectab_stack_and_reset_area) refers to startup_stm32f10x_md.o(STACK) for __initial_sp
    entry2.o(__vectab_stack_and_reset_area) refers to entry.o(.ARM.Collect$$$$00000000) for __main
    entry5.o(.ARM.Collect$$$$00000004) refers to init.o(.text) for __scatterload
    entry9a.o(.ARM.Collect$$$$0000000B) refers to main.o(i.main) for main
    entry9b.o(.ARM.Collect$$$$0000000C) refers to main.o(i.main) for main
    uldiv.o(.text) refers to llushr.o(.text) for __aeabi_llsr
    uldiv.o(.text) refers to llshl.o(.text) for __aeabi_llsl
    dadd.o(.text) refers to llshl.o(.text) for __aeabi_llsl
    dadd.o(.text) refers to llsshr.o(.text) for __aeabi_lasr
    dadd.o(.text) refers to depilogue.o(.text) for _double_epilogue
    dmul.o(.text) refers to depilogue.o(.text) for _double_epilogue
    ddiv.o(.text) refers to depilogue.o(.text) for _double_round
    dfixul.o(.text) refers to llushr.o(.text) for __aeabi_llsr
    dfixul.o(.text) refers to llshl.o(.text) for __aeabi_llsl
    init.o(.text) refers to entry5.o(.ARM.Collect$$$$00000004) for __main_after_scatterload
    depilogue.o(.text) refers to llshl.o(.text) for __aeabi_llsl
    depilogue.o(.text) refers to llushr.o(.text) for __aeabi_llsr


==============================================================================

Removing Unused input sections from the image.

    Removing core_cm3.o(.emb_text), (32 bytes).
    Removing system_stm32f10x.o(i.SystemCoreClockUpdate), (164 bytes).
    Removing system_stm32f10x.o(.data), (20 bytes).
    Removing startup_stm32f10x_md.o(HEAP), (512 bytes).
    Removing misc.o(i.NVIC_Init), (112 bytes).
    Removing misc.o(i.NVIC_PriorityGroupConfig), (20 bytes).
    Removing misc.o(i.NVIC_SetVectorTable), (20 bytes).
    Removing misc.o(i.NVIC_SystemLPConfig), (32 bytes).
    Removing misc.o(i.SysTick_CLKSourceConfig), (40 bytes).
    Removing stm32f10x_flash.o(i.FLASH_ClearFlag), (12 bytes).
    Removing stm32f10x_flash.o(i.FLASH_EnableWriteProtection), (196 bytes).
    Removing stm32f10x_flash.o(i.FLASH_EraseAllBank1Pages), (72 bytes).
    Removing stm32f10x_flash.o(i.FLASH_EraseAllPages), (72 bytes).
    Removing stm32f10x_flash.o(i.FLASH_EraseOptionBytes), (168 bytes).
    Removing stm32f10x_flash.o(i.FLASH_GetFlagStatus), (48 bytes).
    Removing stm32f10x_flash.o(i.FLASH_GetPrefetchBufferStatus), (24 bytes).
    Removing stm32f10x_flash.o(i.FLASH_GetReadOutProtectionStatus), (24 bytes).
    Removing stm32f10x_flash.o(i.FLASH_GetStatus), (52 bytes).
    Removing stm32f10x_flash.o(i.FLASH_GetUserOptionByte), (12 bytes).
    Removing stm32f10x_flash.o(i.FLASH_GetWriteProtectionOptionByte), (12 bytes).
    Removing stm32f10x_flash.o(i.FLASH_HalfCycleAccessCmd), (28 bytes).
    Removing stm32f10x_flash.o(i.FLASH_ITConfig), (32 bytes).
    Removing stm32f10x_flash.o(i.FLASH_Lock), (20 bytes).
    Removing stm32f10x_flash.o(i.FLASH_LockBank1), (20 bytes).
    Removing stm32f10x_flash.o(i.FLASH_PrefetchBufferCmd), (28 bytes).
    Removing stm32f10x_flash.o(i.FLASH_ProgramOptionByteData), (84 bytes).
    Removing stm32f10x_flash.o(i.FLASH_ProgramWord), (108 bytes).
    Removing stm32f10x_flash.o(i.FLASH_ReadOutProtection), (172 bytes).
    Removing stm32f10x_flash.o(i.FLASH_SetLatency), (24 bytes).
    Removing stm32f10x_flash.o(i.FLASH_UnlockBank1), (24 bytes).
    Removing stm32f10x_flash.o(i.FLASH_UserOptionByteConfig), (104 bytes).
    Removing stm32f10x_flash.o(i.FLASH_WaitForLastBank1Operation), (38 bytes).
    Removing stm32f10x_gpio.o(i.GPIO_AFIODeInit), (20 bytes).
    Removing stm32f10x_gpio.o(i.GPIO_DeInit), (200 bytes).
    Removing stm32f10x_gpio.o(i.GPIO_ETH_MediaInterfaceConfig), (12 bytes).
    Removing stm32f10x_gpio.o(i.GPIO_EXTILineConfig), (64 bytes).
    Removing stm32f10x_gpio.o(i.GPIO_EventOutputCmd), (12 bytes).
    Removing stm32f10x_gpio.o(i.GPIO_EventOutputConfig), (32 bytes).
    Removing stm32f10x_gpio.o(i.GPIO_PinLockConfig), (18 bytes).
    Removing stm32f10x_gpio.o(i.GPIO_PinRemapConfig), (144 bytes).
    Removing stm32f10x_gpio.o(i.GPIO_ReadInputData), (8 bytes).
    Removing stm32f10x_gpio.o(i.GPIO_ReadInputDataBit), (18 bytes).
    Removing stm32f10x_gpio.o(i.GPIO_ReadOutputData), (8 bytes).
    Removing stm32f10x_gpio.o(i.GPIO_ReadOutputDataBit), (18 bytes).
    Removing stm32f10x_gpio.o(i.GPIO_StructInit), (16 bytes).
    Removing stm32f10x_gpio.o(i.GPIO_Write), (4 bytes).
    Removing stm32f10x_gpio.o(i.GPIO_WriteBit), (10 bytes).
    Removing stm32f10x_rcc.o(i.RCC_ADCCLKConfig), (24 bytes).
    Removing stm32f10x_rcc.o(i.RCC_AHBPeriphClockCmd), (32 bytes).
    Removing stm32f10x_rcc.o(i.RCC_APB1PeriphClockCmd), (32 bytes).
    Removing stm32f10x_rcc.o(i.RCC_APB1PeriphResetCmd), (32 bytes).
    Removing stm32f10x_rcc.o(i.RCC_APB2PeriphResetCmd), (32 bytes).
    Removing stm32f10x_rcc.o(i.RCC_AdjustHSICalibrationValue), (24 bytes).
    Removing stm32f10x_rcc.o(i.RCC_BackupResetCmd), (12 bytes).
    Removing stm32f10x_rcc.o(i.RCC_ClearFlag), (20 bytes).
    Removing stm32f10x_rcc.o(i.RCC_ClearITPendingBit), (12 bytes).
    Removing stm32f10x_rcc.o(i.RCC_ClockSecuritySystemCmd), (12 bytes).
    Removing stm32f10x_rcc.o(i.RCC_DeInit), (76 bytes).
    Removing stm32f10x_rcc.o(i.RCC_GetFlagStatus), (60 bytes).
    Removing stm32f10x_rcc.o(i.RCC_GetITStatus), (24 bytes).
    Removing stm32f10x_rcc.o(i.RCC_GetSYSCLKSource), (16 bytes).
    Removing stm32f10x_rcc.o(i.RCC_HCLKConfig), (24 bytes).
    Removing stm32f10x_rcc.o(i.RCC_HSEConfig), (76 bytes).
    Removing stm32f10x_rcc.o(i.RCC_HSICmd), (12 bytes).
    Removing stm32f10x_rcc.o(i.RCC_ITConfig), (32 bytes).
    Removing stm32f10x_rcc.o(i.RCC_LSEConfig), (52 bytes).
    Removing stm32f10x_rcc.o(i.RCC_LSICmd), (12 bytes).
    Removing stm32f10x_rcc.o(i.RCC_MCOConfig), (12 bytes).
    Removing stm32f10x_rcc.o(i.RCC_PCLK1Config), (24 bytes).
    Removing stm32f10x_rcc.o(i.RCC_PCLK2Config), (24 bytes).
    Removing stm32f10x_rcc.o(i.RCC_PLLCmd), (12 bytes).
    Removing stm32f10x_rcc.o(i.RCC_PLLConfig), (28 bytes).
    Removing stm32f10x_rcc.o(i.RCC_RTCCLKCmd), (12 bytes).
    Removing stm32f10x_rcc.o(i.RCC_RTCCLKConfig), (16 bytes).
    Removing stm32f10x_rcc.o(i.RCC_SYSCLKConfig), (24 bytes).
    Removing stm32f10x_rcc.o(i.RCC_USBCLKConfig), (12 bytes).
    Removing stm32f10x_rcc.o(i.RCC_WaitForHSEStartUp), (56 bytes).
    Removing stm32f10x_usart.o(i.USART_ClearITPendingBit), (30 bytes).
    Removing stm32f10x_usart.o(i.USART_ClockInit), (34 bytes).
    Removing stm32f10x_usart.o(i.USART_ClockStructInit), (12 bytes).
    Removing stm32f10x_usart.o(i.USART_DMACmd), (18 bytes).
    Removing stm32f10x_usart.o(i.USART_DeInit), (156 bytes).
    Removing stm32f10x_usart.o(i.USART_GetITStatus), (84 bytes).
    Removing stm32f10x_usart.o(i.USART_HalfDuplexCmd), (24 bytes).
    Removing stm32f10x_usart.o(i.USART_IrDACmd), (24 bytes).
    Removing stm32f10x_usart.o(i.USART_IrDAConfig), (18 bytes).
    Removing stm32f10x_usart.o(i.USART_LINBreakDetectLengthConfig), (18 bytes).
    Removing stm32f10x_usart.o(i.USART_LINCmd), (24 bytes).
    Removing stm32f10x_usart.o(i.USART_OneBitMethodCmd), (24 bytes).
    Removing stm32f10x_usart.o(i.USART_OverSampling8Cmd), (22 bytes).
    Removing stm32f10x_usart.o(i.USART_ReceiveData), (10 bytes).
    Removing stm32f10x_usart.o(i.USART_ReceiverWakeUpCmd), (24 bytes).
    Removing stm32f10x_usart.o(i.USART_SendBreak), (10 bytes).
    Removing stm32f10x_usart.o(i.USART_SetAddress), (18 bytes).
    Removing stm32f10x_usart.o(i.USART_SetGuardTime), (16 bytes).
    Removing stm32f10x_usart.o(i.USART_SetPrescaler), (16 bytes).
    Removing stm32f10x_usart.o(i.USART_SmartCardCmd), (24 bytes).
    Removing stm32f10x_usart.o(i.USART_SmartCardNACKCmd), (24 bytes).
    Removing stm32f10x_usart.o(i.USART_StructInit), (24 bytes).
    Removing stm32f10x_usart.o(i.USART_WakeUpConfig), (18 bytes).
    Removing dadd.o(.text), (334 bytes).
    Removing dmul.o(.text), (228 bytes).
    Removing ddiv.o(.text), (222 bytes).
    Removing dfixul.o(.text), (48 bytes).
    Removing cdrcmple.o(.text), (48 bytes).
    Removing depilogue.o(.text), (186 bytes).

106 unused section(s) (total 5484 bytes) removed from the image.

==============================================================================

Image Symbol Table

    Local Symbols

    Symbol Name                              Value     Ov Type        Size  Object(Section)

    ../clib/microlib/division.c              0x00000000   Number         0  uldiv.o ABSOLUTE
    ../clib/microlib/division.c              0x00000000   Number         0  uidiv.o ABSOLUTE
    ../clib/microlib/init/entry.s            0x00000000   Number         0  entry10a.o ABSOLUTE
    ../clib/microlib/init/entry.s            0x00000000   Number         0  entry9b.o ABSOLUTE
    ../clib/microlib/init/entry.s            0x00000000   Number         0  entry9a.o ABSOLUTE
    ../clib/microlib/init/entry.s            0x00000000   Number         0  entry8b.o ABSOLUTE
    ../clib/microlib/init/entry.s            0x00000000   Number         0  entry8a.o ABSOLUTE
    ../clib/microlib/init/entry.s            0x00000000   Number         0  entry7b.o ABSOLUTE
    ../clib/microlib/init/entry.s            0x00000000   Number         0  entry11b.o ABSOLUTE
    ../clib/microlib/init/entry.s            0x00000000   Number         0  entry7a.o ABSOLUTE
    ../clib/microlib/init/entry.s            0x00000000   Number         0  entry5.o ABSOLUTE
    ../clib/microlib/init/entry.s            0x00000000   Number         0  entry2.o ABSOLUTE
    ../clib/microlib/init/entry.s            0x00000000   Number         0  entry.o ABSOLUTE
    ../clib/microlib/init/entry.s            0x00000000   Number         0  entry12b.o ABSOLUTE
    ../clib/microlib/init/entry.s            0x00000000   Number         0  entry12a.o ABSOLUTE
    ../clib/microlib/init/entry.s            0x00000000   Number         0  entry11a.o ABSOLUTE
    ../clib/microlib/init/entry.s            0x00000000   Number         0  entry10b.o ABSOLUTE
    ../clib/microlib/longlong.c              0x00000000   Number         0  llshl.o ABSOLUTE
    ../clib/microlib/longlong.c              0x00000000   Number         0  llsshr.o ABSOLUTE
    ../clib/microlib/longlong.c              0x00000000   Number         0  llushr.o ABSOLUTE
    ../clib/microlib/printf/printf.c         0x00000000   Number         0  printf2.o ABSOLUTE
    ../clib/microlib/printf/printf.c         0x00000000   Number         0  printf8.o ABSOLUTE
    ../clib/microlib/printf/printf.c         0x00000000   Number         0  printf7.o ABSOLUTE
    ../clib/microlib/printf/printf.c         0x00000000   Number         0  printf4.o ABSOLUTE
    ../clib/microlib/printf/printf.c         0x00000000   Number         0  printf3.o ABSOLUTE
    ../clib/microlib/printf/printf.c         0x00000000   Number         0  printf6.o ABSOLUTE
    ../clib/microlib/printf/printf.c         0x00000000   Number         0  printf1.o ABSOLUTE
    ../clib/microlib/printf/printf.c         0x00000000   Number         0  printf5.o ABSOLUTE
    ../clib/microlib/printf/printf.c         0x00000000   Number         0  printf0.o ABSOLUTE
    ../clib/microlib/printf/printf.c         0x00000000   Number         0  printfb.o ABSOLUTE
    ../clib/microlib/printf/printf.c         0x00000000   Number         0  printfa.o ABSOLUTE
    ../clib/microlib/stdio/streams.c         0x00000000   Number         0  stdout.o ABSOLUTE
    ../clib/microlib/stubs.s                 0x00000000   Number         0  iusefp.o ABSOLUTE
    ../fplib/microlib/fpadd.c                0x00000000   Number         0  dadd.o ABSOLUTE
    ../fplib/microlib/fpdiv.c                0x00000000   Number         0  ddiv.o ABSOLUTE
    ../fplib/microlib/fpepilogue.c           0x00000000   Number         0  depilogue.o ABSOLUTE
    ../fplib/microlib/fpfix.c                0x00000000   Number         0  dfixul.o ABSOLUTE
    ../fplib/microlib/fpmul.c                0x00000000   Number         0  dmul.o ABSOLUTE
    ..\..\Libraries\CMSIS\CM3\CoreSupport\core_cm3.c 0x00000000   Number         0  core_cm3.o ABSOLUTE
    ..\..\Libraries\CMSIS\CM3\DeviceSupport\ST\STM32F10x\startup\arm\startup_stm32f10x_md.s 0x00000000   Number         0  startup_stm32f10x_md.o ABSOLUTE
    ..\..\Libraries\CMSIS\CM3\DeviceSupport\ST\STM32F10x\system_stm32f10x.c 0x00000000   Number         0  system_stm32f10x.o ABSOLUTE
    ..\..\Libraries\STM32F10x_StdPeriph_Driver\src\misc.c 0x00000000   Number         0  misc.o ABSOLUTE
    ..\..\Libraries\STM32F10x_StdPeriph_Driver\src\stm32f10x_flash.c 0x00000000   Number         0  stm32f10x_flash.o ABSOLUTE
    ..\..\Libraries\STM32F10x_StdPeriph_Driver\src\stm32f10x_gpio.c 0x00000000   Number         0  stm32f10x_gpio.o ABSOLUTE
    ..\..\Libraries\STM32F10x_StdPeriph_Driver\src\stm32f10x_rcc.c 0x00000000   Number         0  stm32f10x_rcc.o ABSOLUTE
    ..\..\Libraries\STM32F10x_StdPeriph_Driver\src\stm32f10x_usart.c 0x00000000   Number         0  stm32f10x_usart.o ABSOLUTE
    ..\..\User_Lib\my_usart.c                0x00000000   Number         0  my_usart.o ABSOLUTE
    ..\\..\\Libraries\\CMSIS\\CM3\\CoreSupport\\core_cm3.c 0x00000000   Number         0  core_cm3.o ABSOLUTE
    ..\main.c                                0x00000000   Number         0  main.o ABSOLUTE
    ..\stm32f10x_it.c                        0x00000000   Number         0  stm32f10x_it.o ABSOLUTE
    cdrcmple.s                               0x00000000   Number         0  cdrcmple.o ABSOLUTE
    dc.s                                     0x00000000   Number         0  dc.o ABSOLUTE
    handlers.s                               0x00000000   Number         0  handlers.o ABSOLUTE
    init.s                                   0x00000000   Number         0  init.o ABSOLUTE
    RESET                                    0x08000000   Section      236  startup_stm32f10x_md.o(RESET)
    .ARM.Collect$$$$00000000                 0x080000ec   Section        0  entry.o(.ARM.Collect$$$$00000000)
    .ARM.Collect$$$$00000001                 0x080000ec   Section        4  entry2.o(.ARM.Collect$$$$00000001)
    .ARM.Collect$$$$00000004                 0x080000f0   Section        4  entry5.o(.ARM.Collect$$$$00000004)
    .ARM.Collect$$$$00000008                 0x080000f4   Section        0  entry7b.o(.ARM.Collect$$$$00000008)
    .ARM.Collect$$$$0000000A                 0x080000f4   Section        0  entry8b.o(.ARM.Collect$$$$0000000A)
    .ARM.Collect$$$$0000000B                 0x080000f4   Section        8  entry9a.o(.ARM.Collect$$$$0000000B)
    .ARM.Collect$$$$0000000E                 0x080000fc   Section        4  entry12b.o(.ARM.Collect$$$$0000000E)
    .ARM.Collect$$$$0000000F                 0x08000100   Section        0  entry10a.o(.ARM.Collect$$$$0000000F)
    .ARM.Collect$$$$00000011                 0x08000100   Section        0  entry11a.o(.ARM.Collect$$$$00000011)
    .ARM.Collect$$$$00002712                 0x08000100   Section        4  entry2.o(.ARM.Collect$$$$00002712)
    __lit__00000000                          0x08000100   Data           4  entry2.o(.ARM.Collect$$$$00002712)
    .text                                    0x08000104   Section       36  startup_stm32f10x_md.o(.text)
    .text                                    0x08000128   Section       36  init.o(.text)
    i.BusFault_Handler                       0x0800014c   Section        0  stm32f10x_it.o(i.BusFault_Handler)
    i.DebugMon_Handler                       0x08000150   Section        0  stm32f10x_it.o(i.DebugMon_Handler)
    i.Delay_ms                               0x08000154   Section        0  main.o(i.Delay_ms)
    i.FLASH_ErasePage                        0x08000184   Section        0  stm32f10x_flash.o(i.FLASH_ErasePage)
    i.FLASH_GetBank1Status                   0x080001d0   Section        0  stm32f10x_flash.o(i.FLASH_GetBank1Status)
    i.FLASH_ProgramHalfWord                  0x08000204   Section        0  stm32f10x_flash.o(i.FLASH_ProgramHalfWord)
    i.FLASH_Unlock                           0x08000244   Section        0  stm32f10x_flash.o(i.FLASH_Unlock)
    i.FLASH_WaitForLastOperation             0x0800025c   Section        0  stm32f10x_flash.o(i.FLASH_WaitForLastOperation)
    i.Flash_Read                             0x08000282   Section        0  main.o(i.Flash_Read)
    i.Flash_Write                            0x0800029a   Section        0  main.o(i.Flash_Write)
    i.GPIOLed_Config                         0x080002d8   Section        0  main.o(i.GPIOLed_Config)
    i.GPIOUsart1_Config                      0x08000304   Section        0  my_usart.o(i.GPIOUsart1_Config)
    i.GPIO_Init                              0x08000348   Section        0  stm32f10x_gpio.o(i.GPIO_Init)
    i.GPIO_ResetBits                         0x0800045e   Section        0  stm32f10x_gpio.o(i.GPIO_ResetBits)
    i.GPIO_SetBits                           0x08000462   Section        0  stm32f10x_gpio.o(i.GPIO_SetBits)
    i.HardFault_Handler                      0x08000466   Section        0  stm32f10x_it.o(i.HardFault_Handler)
    i.MemManage_Handler                      0x0800046a   Section        0  stm32f10x_it.o(i.MemManage_Handler)
    i.NMI_Handler                            0x0800046e   Section        0  stm32f10x_it.o(i.NMI_Handler)
    i.PendSV_Handler                         0x08000470   Section        0  stm32f10x_it.o(i.PendSV_Handler)
    i.RCC_APB2PeriphClockCmd                 0x08000474   Section        0  stm32f10x_rcc.o(i.RCC_APB2PeriphClockCmd)
    i.RCC_GetClocksFreq                      0x08000494   Section        0  stm32f10x_rcc.o(i.RCC_GetClocksFreq)
    i.SVC_Handler                            0x08000568   Section        0  stm32f10x_it.o(i.SVC_Handler)
    i.SetSysClock                            0x0800056a   Section        0  system_stm32f10x.o(i.SetSysClock)
    SetSysClock                              0x0800056b   Thumb Code     8  system_stm32f10x.o(i.SetSysClock)
    i.SetSysClockTo72                        0x08000574   Section        0  system_stm32f10x.o(i.SetSysClockTo72)
    SetSysClockTo72                          0x08000575   Thumb Code   214  system_stm32f10x.o(i.SetSysClockTo72)
    i.SysTick_Handler                        0x08000654   Section        0  stm32f10x_it.o(i.SysTick_Handler)
    i.SystemInit                             0x08000658   Section        0  system_stm32f10x.o(i.SystemInit)
    i.USART1_Config                          0x080006b8   Section        0  my_usart.o(i.USART1_Config)
    i.USART_ClearFlag                        0x0800074c   Section        0  stm32f10x_usart.o(i.USART_ClearFlag)
    i.USART_Cmd                              0x0800075e   Section        0  stm32f10x_usart.o(i.USART_Cmd)
    i.USART_GetFlagStatus                    0x08000776   Section        0  stm32f10x_usart.o(i.USART_GetFlagStatus)
    i.USART_ITConfig                         0x08000790   Section        0  stm32f10x_usart.o(i.USART_ITConfig)
    i.USART_Init                             0x080007dc   Section        0  stm32f10x_usart.o(i.USART_Init)
    i.USART_SendData                         0x080008b4   Section        0  stm32f10x_usart.o(i.USART_SendData)
    i.UsageFault_Handler                     0x080008bc   Section        0  stm32f10x_it.o(i.UsageFault_Handler)
    i.__0printf$bare                         0x080008c0   Section        0  printfb.o(i.__0printf$bare)
    i.__scatterload_copy                     0x080008d0   Section       14  handlers.o(i.__scatterload_copy)
    i.__scatterload_null                     0x080008de   Section        2  handlers.o(i.__scatterload_null)
    i.__scatterload_zeroinit                 0x080008e0   Section       14  handlers.o(i.__scatterload_zeroinit)
    i._printf_core                           0x080008ee   Section        0  printfb.o(i._printf_core)
    _printf_core                             0x080008ef   Thumb Code    34  printfb.o(i._printf_core)
    i.fputc                                  0x08000910   Section        0  my_usart.o(i.fputc)
    i.main                                   0x08000934   Section        0  main.o(i.main)
    .data                                    0x20000000   Section       10  main.o(.data)
    .data                                    0x2000000a   Section       20  stm32f10x_rcc.o(.data)
    APBAHBPrescTable                         0x2000000a   Data          16  stm32f10x_rcc.o(.data)
    ADCPrescTable                            0x2000001a   Data           4  stm32f10x_rcc.o(.data)
    .data                                    0x20000020   Section        4  stdout.o(.data)
    STACK                                    0x20000028   Section     1024  startup_stm32f10x_md.o(STACK)

    Global Symbols

    Symbol Name                              Value     Ov Type        Size  Object(Section)

    BuildAttributes$$THM_ISAv4$P$D$K$B$S$PE$A:L22UL41UL21$X:L11$S22US41US21$IEEE1$IW$USESV6$~STKCKD$USESV7$~SHL$OSPACE$ROPI$EBA8$MICROLIB$REQ8$PRES8$EABIv2 0x00000000   Number         0  anon$$obj.o ABSOLUTE
    __ARM_use_no_argv                        0x00000000   Number         0  main.o ABSOLUTE
    __arm_fini_                               - Undefined Weak Reference
    __cpp_initialize__aeabi_                  - Undefined Weak Reference
    __cxa_finalize                            - Undefined Weak Reference
    __decompress                              - Undefined Weak Reference
    _clock_init                               - Undefined Weak Reference
    _microlib_exit                            - Undefined Weak Reference
    __Vectors_Size                           0x000000ec   Number         0  startup_stm32f10x_md.o ABSOLUTE
    __Vectors                                0x08000000   Data           4  startup_stm32f10x_md.o(RESET)
    __Vectors_End                            0x080000ec   Data           0  startup_stm32f10x_md.o(RESET)
    __main                                   0x080000ed   Thumb Code     0  entry.o(.ARM.Collect$$$$00000000)
    _main_stk                                0x080000ed   Thumb Code     0  entry2.o(.ARM.Collect$$$$00000001)
    _main_scatterload                        0x080000f1   Thumb Code     0  entry5.o(.ARM.Collect$$$$00000004)
    __main_after_scatterload                 0x080000f5   Thumb Code     0  entry5.o(.ARM.Collect$$$$00000004)
    _main_clock                              0x080000f5   Thumb Code     0  entry7b.o(.ARM.Collect$$$$00000008)
    _main_cpp_init                           0x080000f5   Thumb Code     0  entry8b.o(.ARM.Collect$$$$0000000A)
    _main_init                               0x080000f5   Thumb Code     0  entry9a.o(.ARM.Collect$$$$0000000B)
    __rt_lib_shutdown_fini                   0x080000fd   Thumb Code     0  entry12b.o(.ARM.Collect$$$$0000000E)
    __rt_final_cpp                           0x08000101   Thumb Code     0  entry10a.o(.ARM.Collect$$$$0000000F)
    __rt_final_exit                          0x08000101   Thumb Code     0  entry11a.o(.ARM.Collect$$$$00000011)
    Reset_Handler                            0x08000105   Thumb Code     8  startup_stm32f10x_md.o(.text)
    ADC1_2_IRQHandler                        0x0800011f   Thumb Code     0  startup_stm32f10x_md.o(.text)
    CAN1_RX1_IRQHandler                      0x0800011f   Thumb Code     0  startup_stm32f10x_md.o(.text)
    CAN1_SCE_IRQHandler                      0x0800011f   Thumb Code     0  startup_stm32f10x_md.o(.text)
    DMA1_Channel1_IRQHandler                 0x0800011f   Thumb Code     0  startup_stm32f10x_md.o(.text)
    DMA1_Channel2_IRQHandler                 0x0800011f   Thumb Code     0  startup_stm32f10x_md.o(.text)
    DMA1_Channel3_IRQHandler                 0x0800011f   Thumb Code     0  startup_stm32f10x_md.o(.text)
    DMA1_Channel4_IRQHandler                 0x0800011f   Thumb Code     0  startup_stm32f10x_md.o(.text)
    DMA1_Channel5_IRQHandler                 0x0800011f   Thumb Code     0  startup_stm32f10x_md.o(.text)
    DMA1_Channel6_IRQHandler                 0x0800011f   Thumb Code     0  startup_stm32f10x_md.o(.text)
    DMA1_Channel7_IRQHandler                 0x0800011f   Thumb Code     0  startup_stm32f10x_md.o(.text)
    EXTI0_IRQHandler                         0x0800011f   Thumb Code     0  startup_stm32f10x_md.o(.text)
    EXTI15_10_IRQHandler                     0x0800011f   Thumb Code     0  startup_stm32f10x_md.o(.text)
    EXTI1_IRQHandler                         0x0800011f   Thumb Code     0  startup_stm32f10x_md.o(.text)
    EXTI2_IRQHandler                         0x0800011f   Thumb Code     0  startup_stm32f10x_md.o(.text)
    EXTI3_IRQHandler                         0x0800011f   Thumb Code     0  startup_stm32f10x_md.o(.text)
    EXTI4_IRQHandler                         0x0800011f   Thumb Code     0  startup_stm32f10x_md.o(.text)
    EXTI9_5_IRQHandler                       0x0800011f   Thumb Code     0  startup_stm32f10x_md.o(.text)
    FLASH_IRQHandler                         0x0800011f   Thumb Code     0  startup_stm32f10x_md.o(.text)
    I2C1_ER_IRQHandler                       0x0800011f   Thumb Code     0  startup_stm32f10x_md.o(.text)
    I2C1_EV_IRQHandler                       0x0800011f   Thumb Code     0  startup_stm32f10x_md.o(.text)
    I2C2_ER_IRQHandler                       0x0800011f   Thumb Code     0  startup_stm32f10x_md.o(.text)
    I2C2_EV_IRQHandler                       0x0800011f   Thumb Code     0  startup_stm32f10x_md.o(.text)
    PVD_IRQHandler                           0x0800011f   Thumb Code     0  startup_stm32f10x_md.o(.text)
    RCC_IRQHandler                           0x0800011f   Thumb Code     0  startup_stm32f10x_md.o(.text)
    RTCAlarm_IRQHandler                      0x0800011f   Thumb Code     0  startup_stm32f10x_md.o(.text)
    RTC_IRQHandler                           0x0800011f   Thumb Code     0  startup_stm32f10x_md.o(.text)
    SPI1_IRQHandler                          0x0800011f   Thumb Code     0  startup_stm32f10x_md.o(.text)
    SPI2_IRQHandler                          0x0800011f   Thumb Code     0  startup_stm32f10x_md.o(.text)
    TAMPER_IRQHandler                        0x0800011f   Thumb Code     0  startup_stm32f10x_md.o(.text)
    TIM1_BRK_IRQHandler                      0x0800011f   Thumb Code     0  startup_stm32f10x_md.o(.text)
    TIM1_CC_IRQHandler                       0x0800011f   Thumb Code     0  startup_stm32f10x_md.o(.text)
    TIM1_TRG_COM_IRQHandler                  0x0800011f   Thumb Code     0  startup_stm32f10x_md.o(.text)
    TIM1_UP_IRQHandler                       0x0800011f   Thumb Code     0  startup_stm32f10x_md.o(.text)
    TIM2_IRQHandler                          0x0800011f   Thumb Code     0  startup_stm32f10x_md.o(.text)
    TIM3_IRQHandler                          0x0800011f   Thumb Code     0  startup_stm32f10x_md.o(.text)
    TIM4_IRQHandler                          0x0800011f   Thumb Code     0  startup_stm32f10x_md.o(.text)
    USART1_IRQHandler                        0x0800011f   Thumb Code     0  startup_stm32f10x_md.o(.text)
    USART2_IRQHandler                        0x0800011f   Thumb Code     0  startup_stm32f10x_md.o(.text)
    USART3_IRQHandler                        0x0800011f   Thumb Code     0  startup_stm32f10x_md.o(.text)
    USBWakeUp_IRQHandler                     0x0800011f   Thumb Code     0  startup_stm32f10x_md.o(.text)
    USB_HP_CAN1_TX_IRQHandler                0x0800011f   Thumb Code     0  startup_stm32f10x_md.o(.text)
    USB_LP_CAN1_RX0_IRQHandler               0x0800011f   Thumb Code     0  startup_stm32f10x_md.o(.text)
    WWDG_IRQHandler                          0x0800011f   Thumb Code     0  startup_stm32f10x_md.o(.text)
    __scatterload                            0x08000129   Thumb Code    28  init.o(.text)
    __scatterload_rt2                        0x08000129   Thumb Code     0  init.o(.text)
    BusFault_Handler                         0x0800014d   Thumb Code     4  stm32f10x_it.o(i.BusFault_Handler)
    DebugMon_Handler                         0x08000151   Thumb Code     2  stm32f10x_it.o(i.DebugMon_Handler)
    Delay_ms                                 0x08000155   Thumb Code    42  main.o(i.Delay_ms)
    FLASH_ErasePage                          0x08000185   Thumb Code    72  stm32f10x_flash.o(i.FLASH_ErasePage)
    FLASH_GetBank1Status                     0x080001d1   Thumb Code    48  stm32f10x_flash.o(i.FLASH_GetBank1Status)
    FLASH_ProgramHalfWord                    0x08000205   Thumb Code    60  stm32f10x_flash.o(i.FLASH_ProgramHalfWord)
    FLASH_Unlock                             0x08000245   Thumb Code    12  stm32f10x_flash.o(i.FLASH_Unlock)
    FLASH_WaitForLastOperation               0x0800025d   Thumb Code    38  stm32f10x_flash.o(i.FLASH_WaitForLastOperation)
    Flash_Read                               0x08000283   Thumb Code    24  main.o(i.Flash_Read)
    Flash_Write                              0x0800029b   Thumb Code    62  main.o(i.Flash_Write)
    GPIOLed_Config                           0x080002d9   Thumb Code    38  main.o(i.GPIOLed_Config)
    GPIOUsart1_Config                        0x08000305   Thumb Code    62  my_usart.o(i.GPIOUsart1_Config)
    GPIO_Init                                0x08000349   Thumb Code   278  stm32f10x_gpio.o(i.GPIO_Init)
    GPIO_ResetBits                           0x0800045f   Thumb Code     4  stm32f10x_gpio.o(i.GPIO_ResetBits)
    GPIO_SetBits                             0x08000463   Thumb Code     4  stm32f10x_gpio.o(i.GPIO_SetBits)
    HardFault_Handler                        0x08000467   Thumb Code     4  stm32f10x_it.o(i.HardFault_Handler)
    MemManage_Handler                        0x0800046b   Thumb Code     4  stm32f10x_it.o(i.MemManage_Handler)
    NMI_Handler                              0x0800046f   Thumb Code     2  stm32f10x_it.o(i.NMI_Handler)
    PendSV_Handler                           0x08000471   Thumb Code     2  stm32f10x_it.o(i.PendSV_Handler)
    RCC_APB2PeriphClockCmd                   0x08000475   Thumb Code    26  stm32f10x_rcc.o(i.RCC_APB2PeriphClockCmd)
    RCC_GetClocksFreq                        0x08000495   Thumb Code   192  stm32f10x_rcc.o(i.RCC_GetClocksFreq)
    SVC_Handler                              0x08000569   Thumb Code     2  stm32f10x_it.o(i.SVC_Handler)
    SysTick_Handler                          0x08000655   Thumb Code     2  stm32f10x_it.o(i.SysTick_Handler)
    SystemInit                               0x08000659   Thumb Code    78  system_stm32f10x.o(i.SystemInit)
    USART1_Config                            0x080006b9   Thumb Code   136  my_usart.o(i.USART1_Config)
    USART_ClearFlag                          0x0800074d   Thumb Code    18  stm32f10x_usart.o(i.USART_ClearFlag)
    USART_Cmd                                0x0800075f   Thumb Code    24  stm32f10x_usart.o(i.USART_Cmd)
    USART_GetFlagStatus                      0x08000777   Thumb Code    26  stm32f10x_usart.o(i.USART_GetFlagStatus)
    USART_ITConfig                           0x08000791   Thumb Code    74  stm32f10x_usart.o(i.USART_ITConfig)
    USART_Init                               0x080007dd   Thumb Code   210  stm32f10x_usart.o(i.USART_Init)
    USART_SendData                           0x080008b5   Thumb Code     8  stm32f10x_usart.o(i.USART_SendData)
    UsageFault_Handler                       0x080008bd   Thumb Code     4  stm32f10x_it.o(i.UsageFault_Handler)
    __0printf$bare                           0x080008c1   Thumb Code     8  printfb.o(i.__0printf$bare)
    __1printf$bare                           0x080008c1   Thumb Code     0  printfb.o(i.__0printf$bare)
    __2printf                                0x080008c1   Thumb Code     0  printfb.o(i.__0printf$bare)
    __scatterload_copy                       0x080008d1   Thumb Code    14  handlers.o(i.__scatterload_copy)
    __scatterload_null                       0x080008df   Thumb Code     2  handlers.o(i.__scatterload_null)
    __scatterload_zeroinit                   0x080008e1   Thumb Code    14  handlers.o(i.__scatterload_zeroinit)
    fputc                                    0x08000911   Thumb Code    32  my_usart.o(i.fputc)
    main                                     0x08000935   Thumb Code   128  main.o(i.main)
    Region$$Table$$Base                      0x080009f8   Number         0  anon$$obj.o(Region$$Table)
    Region$$Table$$Limit                     0x08000a18   Number         0  anon$$obj.o(Region$$Table)
    u8DataWrite                              0x20000000   Data          10  main.o(.data)
    __stdout                                 0x20000020   Data           4  stdout.o(.data)
    __initial_sp                             0x20000428   Data           0  startup_stm32f10x_md.o(STACK)



==============================================================================

Memory Map of the image

  Image Entry point : 0x08000105

  Load Region LR_1 (Base: 0x08000000, Size: 0x00000a3c, Max: 0xffffffff, ABSOLUTE)

    Execution Region ER_RO (Exec base: 0x08000000, Load base: 0x08000000, Size: 0x00000a18, Max: 0xffffffff, ABSOLUTE)

    Exec Addr    Load Addr    Size         Type   Attr      Idx    E Section Name        Object

    0x08000000   0x08000000   0x000000ec   Data   RO          132    RESET               startup_stm32f10x_md.o
    0x080000ec   0x080000ec   0x00000000   Code   RO         1017  * .ARM.Collect$$$$00000000  mc_w.l(entry.o)
    0x080000ec   0x080000ec   0x00000004   Code   RO         1280    .ARM.Collect$$$$00000001  mc_w.l(entry2.o)
    0x080000f0   0x080000f0   0x00000004   Code   RO         1283    .ARM.Collect$$$$00000004  mc_w.l(entry5.o)
    0x080000f4   0x080000f4   0x00000000   Code   RO         1285    .ARM.Collect$$$$00000008  mc_w.l(entry7b.o)
    0x080000f4   0x080000f4   0x00000000   Code   RO         1287    .ARM.Collect$$$$0000000A  mc_w.l(entry8b.o)
    0x080000f4   0x080000f4   0x00000008   Code   RO         1288    .ARM.Collect$$$$0000000B  mc_w.l(entry9a.o)
    0x080000fc   0x080000fc   0x00000004   Code   RO         1295    .ARM.Collect$$$$0000000E  mc_w.l(entry12b.o)
    0x08000100   0x08000100   0x00000000   Code   RO         1290    .ARM.Collect$$$$0000000F  mc_w.l(entry10a.o)
    0x08000100   0x08000100   0x00000000   Code   RO         1292    .ARM.Collect$$$$00000011  mc_w.l(entry11a.o)
    0x08000100   0x08000100   0x00000004   Code   RO         1281    .ARM.Collect$$$$00002712  mc_w.l(entry2.o)
    0x08000104   0x08000104   0x00000024   Code   RO          133  * .text               startup_stm32f10x_md.o
    0x08000128   0x08000128   0x00000024   Code   RO         1312    .text               mc_w.l(init.o)
    0x0800014c   0x0800014c   0x00000004   Code   RO          211    i.BusFault_Handler  stm32f10x_it.o
    0x08000150   0x08000150   0x00000002   Code   RO          212    i.DebugMon_Handler  stm32f10x_it.o
    0x08000152   0x08000152   0x00000002   PAD
    0x08000154   0x08000154   0x00000030   Code   RO          137    i.Delay_ms          main.o
    0x08000184   0x08000184   0x0000004c   Code   RO          319    i.FLASH_ErasePage   stm32f10x_flash.o
    0x080001d0   0x080001d0   0x00000034   Code   RO          320    i.FLASH_GetBank1Status  stm32f10x_flash.o
    0x08000204   0x08000204   0x00000040   Code   RO          332    i.FLASH_ProgramHalfWord  stm32f10x_flash.o
    0x08000244   0x08000244   0x00000018   Code   RO          337    i.FLASH_Unlock      stm32f10x_flash.o
    0x0800025c   0x0800025c   0x00000026   Code   RO          341    i.FLASH_WaitForLastOperation  stm32f10x_flash.o
    0x08000282   0x08000282   0x00000018   Code   RO          138    i.Flash_Read        main.o
    0x0800029a   0x0800029a   0x0000003e   Code   RO          139    i.Flash_Write       main.o
    0x080002d8   0x080002d8   0x0000002c   Code   RO          140    i.GPIOLed_Config    main.o
    0x08000304   0x08000304   0x00000044   Code   RO          982    i.GPIOUsart1_Config  my_usart.o
    0x08000348   0x08000348   0x00000116   Code   RO          494    i.GPIO_Init         stm32f10x_gpio.o
    0x0800045e   0x0800045e   0x00000004   Code   RO          501    i.GPIO_ResetBits    stm32f10x_gpio.o
    0x08000462   0x08000462   0x00000004   Code   RO          502    i.GPIO_SetBits      stm32f10x_gpio.o
    0x08000466   0x08000466   0x00000004   Code   RO          213    i.HardFault_Handler  stm32f10x_it.o
    0x0800046a   0x0800046a   0x00000004   Code   RO          214    i.MemManage_Handler  stm32f10x_it.o
    0x0800046e   0x0800046e   0x00000002   Code   RO          215    i.NMI_Handler       stm32f10x_it.o
    0x08000470   0x08000470   0x00000002   Code   RO          216    i.PendSV_Handler    stm32f10x_it.o
    0x08000472   0x08000472   0x00000002   PAD
    0x08000474   0x08000474   0x00000020   Code   RO          606    i.RCC_APB2PeriphClockCmd  stm32f10x_rcc.o
    0x08000494   0x08000494   0x000000d4   Code   RO          614    i.RCC_GetClocksFreq  stm32f10x_rcc.o
    0x08000568   0x08000568   0x00000002   Code   RO          217    i.SVC_Handler       stm32f10x_it.o
    0x0800056a   0x0800056a   0x00000008   Code   RO           17    i.SetSysClock       system_stm32f10x.o
    0x08000572   0x08000572   0x00000002   PAD
    0x08000574   0x08000574   0x000000e0   Code   RO           18    i.SetSysClockTo72   system_stm32f10x.o
    0x08000654   0x08000654   0x00000002   Code   RO          218    i.SysTick_Handler   stm32f10x_it.o
    0x08000656   0x08000656   0x00000002   PAD
    0x08000658   0x08000658   0x00000060   Code   RO           20    i.SystemInit        system_stm32f10x.o
    0x080006b8   0x080006b8   0x00000094   Code   RO          983    i.USART1_Config     my_usart.o
    0x0800074c   0x0800074c   0x00000012   Code   RO          802    i.USART_ClearFlag   stm32f10x_usart.o
    0x0800075e   0x0800075e   0x00000018   Code   RO          806    i.USART_Cmd         stm32f10x_usart.o
    0x08000776   0x08000776   0x0000001a   Code   RO          809    i.USART_GetFlagStatus  stm32f10x_usart.o
    0x08000790   0x08000790   0x0000004a   Code   RO          812    i.USART_ITConfig    stm32f10x_usart.o
    0x080007da   0x080007da   0x00000002   PAD
    0x080007dc   0x080007dc   0x000000d8   Code   RO          813    i.USART_Init        stm32f10x_usart.o
    0x080008b4   0x080008b4   0x00000008   Code   RO          823    i.USART_SendData    stm32f10x_usart.o
    0x080008bc   0x080008bc   0x00000004   Code   RO          219    i.UsageFault_Handler  stm32f10x_it.o
    0x080008c0   0x080008c0   0x00000010   Code   RO         1021    i.__0printf$bare    mc_w.l(printfb.o)
    0x080008d0   0x080008d0   0x0000000e   Code   RO         1324    i.__scatterload_copy  mc_w.l(handlers.o)
    0x080008de   0x080008de   0x00000002   Code   RO         1325    i.__scatterload_null  mc_w.l(handlers.o)
    0x080008e0   0x080008e0   0x0000000e   Code   RO         1326    i.__scatterload_zeroinit  mc_w.l(handlers.o)
    0x080008ee   0x080008ee   0x00000022   Code   RO         1028    i._printf_core      mc_w.l(printfb.o)
    0x08000910   0x08000910   0x00000024   Code   RO          984    i.fputc             my_usart.o
    0x08000934   0x08000934   0x000000c4   Code   RO          141    i.main              main.o
    0x080009f8   0x080009f8   0x00000020   Data   RO         1322    Region$$Table       anon$$obj.o


    Execution Region ER_RW (Exec base: 0x20000000, Load base: 0x08000a18, Size: 0x00000024, Max: 0xffffffff, ABSOLUTE)

    Exec Addr    Load Addr    Size         Type   Attr      Idx    E Section Name        Object

    0x20000000   0x08000a18   0x0000000a   Data   RW          142    .data               main.o
    0x2000000a   0x08000a22   0x00000014   Data   RW          634    .data               stm32f10x_rcc.o
    0x2000001e   0x08000a36   0x00000002   PAD
    0x20000020   0x08000a38   0x00000004   Data   RW         1296    .data               mc_w.l(stdout.o)


    Execution Region ER_ZI (Exec base: 0x20000024, Load base: 0x08000a3c, Size: 0x00000404, Max: 0xffffffff, ABSOLUTE)

    Exec Addr    Load Addr    Size         Type   Attr      Idx    E Section Name        Object

    0x20000024   0x08000a3c   0x00000004   PAD
    0x20000028        -       0x00000400   Zero   RW          130    STACK               startup_stm32f10x_md.o


==============================================================================

Image component sizes


      Code (inc. data)   RO Data    RW Data    ZI Data      Debug   Object Name

         0          0          0          0          0       4532   core_cm3.o
       374         80          0         10          0       3792   main.o
       252         22          0          0          0      18883   my_usart.o
        36          8        236          0       1024        964   startup_stm32f10x_md.o
       254         24          0          0          0       3477   stm32f10x_flash.o
       286          0          0          0          0       3592   stm32f10x_gpio.o
        26          0          0          0          0       4266   stm32f10x_it.o
       244         26          0         20          0       4401   stm32f10x_rcc.o
       366          6          0          0          0       6271   stm32f10x_usart.o
       328         28          0          0          0     234597   system_stm32f10x.o

    ----------------------------------------------------------------------
      2176        194        268         32       1024     284775   Object Totals
         0          0         32          0          0          0   (incl. Generated)
        10          0          0          2          0          0   (incl. Padding)

    ----------------------------------------------------------------------

      Code (inc. data)   RO Data    RW Data    ZI Data      Debug   Library Member Name

         0          0          0          0          0          0   entry.o
         0          0          0          0          0          0   entry10a.o
         0          0          0          0          0          0   entry11a.o
         4          0          0          0          0          0   entry12b.o
         8          4          0          0          0          0   entry2.o
         4          0          0          0          0          0   entry5.o
         0          0          0          0          0          0   entry7b.o
         0          0          0          0          0          0   entry8b.o
         8          4          0          0          0          0   entry9a.o
        30          0          0          0          0          0   handlers.o
        36          8          0          0          0         68   init.o
        50          8          0          0          0        152   printfb.o
         0          0          0          4          0          0   stdout.o

    ----------------------------------------------------------------------
       140         24          0          4          4        220   Library Totals
         0          0          0          0          4          0   (incl. Padding)

    ----------------------------------------------------------------------

      Code (inc. data)   RO Data    RW Data    ZI Data      Debug   Library Name

       140         24          0          4          0        220   mc_w.l

    ----------------------------------------------------------------------
       140         24          0          4          4        220   Library Totals

    ----------------------------------------------------------------------

==============================================================================


      Code (inc. data)   RO Data    RW Data    ZI Data      Debug   

      2316        218        268         36       1028     283379   Grand Totals
      2316        218        268         36       1028     283379   ELF Image Totals
      2316        218        268         36          0          0   ROM Totals

==============================================================================

    Total RO  Size (Code + RO Data)                 2584 (   2.52kB)
    Total RW  Size (RW Data + ZI Data)              1064 (   1.04kB)
    Total ROM Size (Code + RO Data + RW Data)       2620 (   2.56kB)

==============================================================================

