Component: ARM Compiler 5.06 update 7 (build 960) Tool: armlink [4d3601]

==============================================================================

Section Cross References

    system_stm32f10x.o(i.SetSysClock) refers to system_stm32f10x.o(i.SetSysClockTo72) for SetSysClockTo72
    system_stm32f10x.o(i.SystemCoreClockUpdate) refers to system_stm32f10x.o(.data) for SystemCoreClock
    system_stm32f10x.o(i.SystemInit) refers to system_stm32f10x.o(i.SetSysClock) for SetSysClock
    startup_stm32f10x_md.o(RESET) refers to startup_stm32f10x_md.o(STACK) for __initial_sp
    startup_stm32f10x_md.o(RESET) refers to startup_stm32f10x_md.o(.text) for Reset_Handler
    startup_stm32f10x_md.o(RESET) refers to stm32f10x_it.o(i.NMI_Handler) for NMI_Handler
    startup_stm32f10x_md.o(RESET) refers to stm32f10x_it.o(i.HardFault_Handler) for HardFault_Handler
    startup_stm32f10x_md.o(RESET) refers to stm32f10x_it.o(i.MemManage_Handler) for MemManage_Handler
    startup_stm32f10x_md.o(RESET) refers to stm32f10x_it.o(i.BusFault_Handler) for BusFault_Handler
    startup_stm32f10x_md.o(RESET) refers to stm32f10x_it.o(i.UsageFault_Handler) for UsageFault_Handler
    startup_stm32f10x_md.o(RESET) refers to port.o(.emb_text) for SVC_Handler
    startup_stm32f10x_md.o(RESET) refers to stm32f10x_it.o(i.DebugMon_Handler) for DebugMon_Handler
    startup_stm32f10x_md.o(RESET) refers to port.o(i.SysTick_Handler) for SysTick_Handler
    startup_stm32f10x_md.o(RESET) refers to stm32f10x_it.o(i.USART1_IRQHandler) for USART1_IRQHandler
    startup_stm32f10x_md.o(.text) refers to system_stm32f10x.o(i.SystemInit) for SystemInit
    startup_stm32f10x_md.o(.text) refers to entry.o(.ARM.Collect$$$$00000000) for __main
    main.o(i.GPIOLed_Config) refers to stm32f10x_rcc.o(i.RCC_APB2PeriphClockCmd) for RCC_APB2PeriphClockCmd
    main.o(i.GPIOLed_Config) refers to stm32f10x_gpio.o(i.GPIO_Init) for GPIO_Init
    main.o(i.GPIONutNhan_Config) refers to stm32f10x_rcc.o(i.RCC_APB2PeriphClockCmd) for RCC_APB2PeriphClockCmd
    main.o(i.GPIONutNhan_Config) refers to stm32f10x_gpio.o(i.GPIO_Init) for GPIO_Init
    main.o(i.led_toggle) refers to stm32f10x_gpio.o(i.GPIO_ReadOutputDataBit) for GPIO_ReadOutputDataBit
    main.o(i.led_toggle) refers to stm32f10x_gpio.o(i.GPIO_ResetBits) for GPIO_ResetBits
    main.o(i.led_toggle) refers to stm32f10x_gpio.o(i.GPIO_SetBits) for GPIO_SetBits
    main.o(i.led_toggle_start) refers to timers.o(i.xTimerCreate) for xTimerCreate
    main.o(i.led_toggle_start) refers to tasks.o(i.xTaskGetTickCount) for xTaskGetTickCount
    main.o(i.led_toggle_start) refers to timers.o(i.xTimerGenericCommand) for xTimerGenericCommand
    main.o(i.led_toggle_start) refers to main.o(.data) for led_timer_handle
    main.o(i.led_toggle_start) refers to main.o(i.led_toggle) for led_toggle
    main.o(i.led_toggle_stop) refers to timers.o(i.xTimerGenericCommand) for xTimerGenericCommand
    main.o(i.led_toggle_stop) refers to main.o(.data) for led_timer_handle
    main.o(i.main) refers to main.o(i.GPIOLed_Config) for GPIOLed_Config
    main.o(i.main) refers to main.o(i.GPIONutNhan_Config) for GPIONutNhan_Config
    main.o(i.main) refers to my_usart.o(i.GPIOUsart1_Config) for GPIOUsart1_Config
    main.o(i.main) refers to my_usart.o(i.USART1_Config) for USART1_Config
    main.o(i.main) refers to queue.o(i.xQueueGenericCreate) for xQueueGenericCreate
    main.o(i.main) refers to tasks.o(i.xTaskCreate) for xTaskCreate
    main.o(i.main) refers to tasks.o(i.vTaskStartScheduler) for vTaskStartScheduler
    main.o(i.main) refers to my_usart.o(i.USART_PutString) for USART_PutString
    main.o(i.main) refers to main.o(.data) for command_queue
    main.o(i.main) refers to main.o(i.vTask1_menu_display) for vTask1_menu_display
    main.o(i.main) refers to main.o(i.vTask2_cmd_handling) for vTask2_cmd_handling
    main.o(i.main) refers to main.o(i.vTask3_cmd_processing) for vTask3_cmd_processing
    main.o(i.main) refers to main.o(i.vTask4_uart_write) for vTask4_uart_write
    main.o(i.make_led_off) refers to stm32f10x_gpio.o(i.GPIO_SetBits) for GPIO_SetBits
    main.o(i.make_led_on) refers to stm32f10x_gpio.o(i.GPIO_ResetBits) for GPIO_ResetBits
    main.o(i.read_led_status) refers to stm32f10x_gpio.o(i.GPIO_ReadOutputDataBit) for GPIO_ReadOutputDataBit
    main.o(i.read_led_status) refers to printf1.o(i.__0sprintf$1) for __2sprintf
    main.o(i.read_led_status) refers to queue.o(i.xQueueGenericSend) for xQueueGenericSend
    main.o(i.read_led_status) refers to main.o(.data) for uart_write_queue
    main.o(i.vTask1_menu_display) refers to queue.o(i.xQueueGenericSend) for xQueueGenericSend
    main.o(i.vTask1_menu_display) refers to tasks.o(i.xTaskGenericNotifyWait) for xTaskGenericNotifyWait
    main.o(i.vTask1_menu_display) refers to main.o(.data) for menu
    main.o(i.vTask2_cmd_handling) refers to tasks.o(i.xTaskGenericNotifyWait) for xTaskGenericNotifyWait
[...]
    printf4.o(i.__0sprintf$4) refers to printf4.o(i._printf_core) for _printf_core
    printf4.o(i.__0sprintf$4) refers to printf4.o(i._sputc) for _sputc
    printf4.o(i.__0vfprintf$4) refers to printf4.o(i._printf_core) for _printf_core
    printf4.o(i.__0vfprintf$4) refers to fputc.o(i.fputc) for fputc
    printf4.o(i.__0vprintf$4) refers to printf4.o(i._printf_core) for _printf_core
    printf4.o(i.__0vprintf$4) refers to fputc.o(i.fputc) for fputc
    printf4.o(i.__0vprintf$4) refers to stdout.o(.data) for __stdout
    printf4.o(i.__0vsnprintf$4) refers to printf4.o(i._printf_core) for _printf_core
    printf4.o(i.__0vsnprintf$4) refers to printf4.o(i._snputc) for _snputc
    printf4.o(i.__0vsprintf$4) refers to printf4.o(i._printf_core) for _printf_core
    printf4.o(i.__0vsprintf$4) refers to printf4.o(i._sputc) for _sputc
    printf4.o(i._printf_core) refers to uldiv.o(.text) for __aeabi_uldivmod
    printf5.o(i.__0fprintf$5) refers to printf5.o(i._printf_core) for _printf_core
    printf5.o(i.__0fprintf$5) refers to fputc.o(i.fputc) for fputc
    printf5.o(i.__0printf$5) refers to printf5.o(i._printf_core) for _printf_core
    printf5.o(i.__0printf$5) refers to fputc.o(i.fputc) for fputc
    printf5.o(i.__0printf$5) refers to stdout.o(.data) for __stdout
    printf5.o(i.__0snprintf$5) refers to printf5.o(i._printf_core) for _printf_core
    printf5.o(i.__0snprintf$5) refers to printf5.o(i._snputc) for _snputc
    printf5.o(i.__0sprintf$5) refers to printf5.o(i._printf_core) for _printf_core
    printf5.o(i.__0sprintf$5) refers to printf5.o(i._sputc) for _sputc
    printf5.o(i.__0vfprintf$5) refers to printf5.o(i._printf_core) for _printf_core
    printf5.o(i.__0vfprintf$5) refers to fputc.o(i.fputc) for fputc
    printf5.o(i.__0vprintf$5) refers to printf5.o(i._printf_core) for _printf_core
    printf5.o(i.__0vprintf$5) refers to fputc.o(i.fputc) for fputc
    printf5.o(i.__0vprintf$5) refers to stdout.o(.data) for __stdout
    printf5.o(i.__0vsnprintf$5) refers to printf5.o(i._printf_core) for _printf_core
    printf5.o(i.__0vsnprintf$5) refers to printf5.o(i._snputc) for _snputc
    printf5.o(i.__0vsprintf$5) refers to printf5.o(i._printf_core) for _printf_core
    printf5.o(i.__0vsprintf$5) refers to printf5.o(i._sputc) for _sputc
    printf5.o(i._printf_core) refers to uldiv.o(.text) for __aeabi_uldivmod
    printf6.o(i.__0fprintf$6) refers to printf6.o(i._printf_core) for _printf_core
    printf6.o(i.__0fprintf$6) refers to fputc.o(i.fputc) for fputc
    printf6.o(i.__0printf$6) refers to printf6.o(i._printf_core) for _printf_core
    printf6.o(i.__0printf$6) refers to fputc.o(i.fputc) for fputc
    printf6.o(i.__0printf$6) refers to stdout.o(.data) for __stdout
    printf6.o(i.__0snprintf$6) refers to printf6.o(i._printf_core) for _printf_core
    printf6.o(i.__0snprintf$6) refers to printf6.o(i._snputc) for _snputc
    printf6.o(i.__0sprintf$6) refers to printf6.o(i._printf_core) for _printf_core
    printf6.o(i.__0sprintf$6) refers to printf6.o(i._sputc) for _sputc
    printf6.o(i.__0vfprintf$6) refers to printf6.o(i._printf_core) for _printf_core
    printf6.o(i.__0vfprintf$6) refers to fputc.o(i.fputc) for fputc
    printf6.o(i.__0vprintf$6) refers to printf6.o(i._printf_core) for _printf_core
    printf6.o(i.__0vprintf$6) refers to fputc.o(i.fputc) for fputc
    printf6.o(i.__0vprintf$6) refers to stdout.o(.data) for __stdout
    printf6.o(i.__0vsnprintf$6) refers to printf6.o(i._printf_core) for _printf_core
    printf6.o(i.__0vsnprintf$6) refers to printf6.o(i._snputc) for _snputc
    printf6.o(i.__0vsprintf$6) refers to printf6.o(i._printf_core) for _printf_core
    printf6.o(i.__0vsprintf$6) refers to printf6.o(i._sputc) for _sputc
    printf6.o(i._printf_core) refers to printf6.o(i._printf_pre_padding) for _printf_pre_padding
    printf6.o(i._printf_core) refers to uidiv.o(.text) for __aeabi_uidivmod
    printf6.o(i._printf_core) refers to printf6.o(i._printf_post_padding) for _printf_post_padding
    printf7.o(i.__0fprintf$7) refers to printf7.o(i._printf_core) for _printf_core
    printf7.o(i.__0fprintf$7) refers to fputc.o(i.fputc) for fputc
    printf7.o(i.__0printf$7) refers to printf7.o(i._printf_core) for _printf_core
    printf7.o(i.__0printf$7) refers to fputc.o(i.fputc) for fputc
    printf7.o(i.__0printf$7) refers to stdout.o(.data) for __stdout
    printf7.o(i.__0snprintf$7) refers to printf7.o(i._printf_core) for _printf_core
    printf7.o(i.__0snprintf$7) refers to printf7.o(i._snputc) for _snputc
    printf7.o(i.__0sprintf$7) refers to printf7.o(i._printf_core) for _printf_core
    printf7.o(i.__0sprintf$7) refers to printf7.o(i._sputc) for _sputc
    printf7.o(i.__0vfprintf$7) refers to printf7.o(i._printf_core) for _printf_core
    printf7.o(i.__0vfprintf$7) refers to fputc.o(i.fputc) for fputc
    printf7.o(i.__0vprintf$7) refers to printf7.o(i._printf_core) for _printf_core
    printf7.o(i.__0vprintf$7) refers to fputc.o(i.fputc) for fputc
    printf7.o(i.__0vprintf$7) refers to stdout.o(.data) for __stdout
    printf7.o(i.__0vsnprintf$7) refers to printf7.o(i._printf_core) for _printf_core
    printf7.o(i.__0vsnprintf$7) refers to printf7.o(i._snputc) for _snputc
    printf7.o(i.__0vsprintf$7) refers to printf7.o(i._printf_core) for _printf_core
    printf7.o(i.__0vsprintf$7) refers to printf7.o(i._sputc) for _sputc
    printf7.o(i._printf_core) refers to printf7.o(i._printf_pre_padding) for _printf_pre_padding
    printf7.o(i._printf_core) refers to uldiv.o(.text) for __aeabi_uldivmod
    printf7.o(i._printf_core) refers to printf7.o(i._printf_post_padding) for _printf_post_padding
    printf8.o(i.__0fprintf$8) refers to printf8.o(i._printf_core) for _printf_core
    printf8.o(i.__0fprintf$8) refers to fputc.o(i.fputc) for fputc
    printf8.o(i.__0printf$8) refers to printf8.o(i._printf_core) for _printf_core
    printf8.o(i.__0printf$8) refers to fputc.o(i.fputc) for fputc
    printf8.o(i.__0printf$8) refers to stdout.o(.data) for __stdout
    printf8.o(i.__0snprintf$8) refers to printf8.o(i._printf_core) for _printf_core
    printf8.o(i.__0snprintf$8) refers to printf8.o(i._snputc) for _snputc
    printf8.o(i.__0sprintf$8) refers to printf8.o(i._printf_core) for _printf_core
    printf8.o(i.__0sprintf$8) refers to printf8.o(i._sputc) for _sputc
    printf8.o(i.__0vfprintf$8) refers to printf8.o(i._printf_core) for _printf_core
    printf8.o(i.__0vfprintf$8) refers to fputc.o(i.fputc) for fputc
    printf8.o(i.__0vprintf$8) refers to printf8.o(i._printf_core) for _printf_core
    printf8.o(i.__0vprintf$8) refers to fputc.o(i.fputc) for fputc
    printf8.o(i.__0vprintf$8) refers to stdout.o(.data) for __stdout
    printf8.o(i.__0vsnprintf$8) refers to printf8.o(i._printf_core) for _printf_core
    printf8.o(i.__0vsnprintf$8) refers to printf8.o(i._snputc) for _snputc
    printf8.o(i.__0vsprintf$8) refers to printf8.o(i._printf_core) for _printf_core
    printf8.o(i.__0vsprintf$8) refers to printf8.o(i._sputc) for _sputc
    printf8.o(i._printf_core) refers to printf8.o(i._printf_pre_padding) for _printf_pre_padding
    printf8.o(i._printf_core) refers to uldiv.o(.text) for __aeabi_uldivmod
    printf8.o(i._printf_core) refers to printf8.o(i._printf_post_padding) for _printf_post_padding
    printfa.o(i.__0fprintf) refers (Special) to iusefp.o(.text) for __I$use$fp
    printfa.o(i.__0fprintf) refers to printfa.o(i._printf_core) for _printf_core
    printfa.o(i.__0fprintf) refers to fputc.o(i.fputc) for fputc
    printfa.o(i.__0printf) refers (Special) to iusefp.o(.text) for __I$use$fp
    printfa.o(i.__0printf) refers to printfa.o(i._printf_core) for _printf_core
    printfa.o(i.__0printf) refers to fputc.o(i.fputc) for fputc
    printfa.o(i.__0printf) refers to stdout.o(.data) for __stdout
    printfa.o(i.__0snprintf) refers (Special) to iusefp.o(.text) for __I$use$fp
    printfa.o(i.__0snprintf) refers to printfa.o(i._printf_core) for _printf_core
    printfa.o(i.__0snprintf) refers to printfa.o(i._snputc) for _snputc
    printfa.o(i.__0sprintf) refers (Special) to iusefp.o(.text) for __I$use$fp
    printfa.o(i.__0sprintf) refers to printfa.o(i._printf_core) for _printf_core
    printfa.o(i.__0sprintf) refers to printfa.o(i._sputc) for _sputc
    printfa.o(i.__0vfprintf) refers (Special) to iusefp.o(.text) for __I$use$fp
    printfa.o(i.__0vfprintf) refers to printfa.o(i._printf_core) for _printf_core
    printfa.o(i.__0vfprintf) refers to fputc.o(i.fputc) for fputc
    printfa.o(i.__0vprintf) refers (Special) to iusefp.o(.text) for __I$use$fp
    printfa.o(i.__0vprintf) refers to printfa.o(i._printf_core) for _printf_core
    printfa.o(i.__0vprintf) refers to fputc.o(i.fputc) for fputc
    printfa.o(i.__0vprintf) refers to stdout.o(.data) for __stdout
    printfa.o(i.__0vsnprintf) refers (Special) to iusefp.o(.text) for __I$use$fp
    printfa.o(i.__0vsnprintf) refers to printfa.o(i._printf_core) for _printf_core
    printfa.o(i.__0vsnprintf) refers to printfa.o(i._snputc) for _snputc
    printfa.o(i.__0vsprintf) refers (Special) to iusefp.o(.text) for __I$use$fp
    printfa.o(i.__0vsprintf) refers to printfa.o(i._printf_core) for _printf_core
    printfa.o(i.__0vsprintf) refers to printfa.o(i._sputc) for _sputc
    printfa.o(i._fp_digits) refers (Special) to iusefp.o(.text) for __I$use$fp
    printfa.o(i._fp_digits) refers to dmul.o(.text) for __aeabi_dmul
    printfa.o(i._fp_digits) refers to ddiv.o(.text) for __aeabi_ddiv
    printfa.o(i._fp_digits) refers to cdrcmple.o(.text) for __aeabi_cdrcmple
    printfa.o(i._fp_digits) refers to dadd.o(.text) for __aeabi_dadd
    printfa.o(i._fp_digits) refers to dfixul.o(.text) for __aeabi_d2ulz
    printfa.o(i._fp_digits) refers to uldiv.o(.text) for __aeabi_uldivmod
    printfa.o(i._printf_core) refers (Special) to iusefp.o(.text) for __I$use$fp
    printfa.o(i._printf_core) refers to printfa.o(i._printf_pre_padding) for _printf_pre_padding
    printfa.o(i._printf_core) refers to uldiv.o(.text) for __aeabi_uldivmod
    printfa.o(i._printf_core) refers to printfa.o(i._printf_post_padding) for _printf_post_padding
    printfa.o(i._printf_core) refers to printfa.o(i._fp_digits) for _fp_digits
    printfa.o(i._printf_core) refers to uidiv.o(.text) for __aeabi_uidivmod
    printfa.o(i._printf_post_padding) refers (Special) to iusefp.o(.text) for __I$use$fp
    printfa.o(i._printf_pre_padding) refers (Special) to iusefp.o(.text) for __I$use$fp
    printfa.o(i._snputc) refers (Special) to iusefp.o(.text) for __I$use$fp
    printfa.o(i._sputc) refers (Special) to iusefp.o(.text) for __I$use$fp
    entry2.o(.ARM.Collect$$$$00000001) refers to entry2.o(.ARM.Collect$$$$00002712) for __lit__00000000
    entry2.o(.ARM.Collect$$$$00002712) refers to startup_stm32f10x_md.o(STACK) for __initial_sp
    entry2.o(__vectab_stack_and_reset_area) refers to startup_stm32f10x_md.o(STACK) for __initial_sp
    entry2.o(__vectab_stack_and_reset_area) refers to entry.o(.ARM.Collect$$$$00000000) for __main
    entry5.o(.ARM.Collect$$$$00000004) refers to init.o(.text) for __scatterload
    entry9a.o(.ARM.Collect$$$$0000000B) refers to main.o(i.main) for main
    entry9b.o(.ARM.Collect$$$$0000000C) refers to main.o(i.main) for main
    fputc.o(i.fputc) refers (Special) to iusesemip.o(.text) for __I$use$semihosting$fputc
    fputc.o(i.fputc) refers (Special) to semi.o(.text) for __semihosting_library_function
    uldiv.o(.text) refers to llushr.o(.text) for __aeabi_llsr
    uldiv.o(.text) refers to llshl.o(.text) for __aeabi_llsl
    dadd.o(.text) refers to llshl.o(.text) for __aeabi_llsl
    dadd.o(.text) refers to llsshr.o(.text) for __aeabi_lasr
    dadd.o(.text) refers to depilogue.o(.text) for _double_epilogue
    dmul.o(.text) refers to depilogue.o(.text) for _double_epilogue
    ddiv.o(.text) refers to depilogue.o(.text) for _double_round
    dfixul.o(.text) refers to llushr.o(.text) for __aeabi_llsr
    dfixul.o(.text) refers to llshl.o(.text) for __aeabi_llsl
    init.o(.text) refers to entry5.o(.ARM.Collect$$$$00000004) for __main_after_scatterload
    depilogue.o(.text) refers to llshl.o(.text) for __aeabi_llsl
    depilogue.o(.text) refers to llushr.o(.text) for __aeabi_llsr


==============================================================================

Removing Unused input sections from the image.

    Removing core_cm3.o(.emb_text), (32 bytes).
    Removing system_stm32f10x.o(i.SystemCoreClockUpdate), (164 bytes).
    Removing system_stm32f10x.o(.data), (20 bytes).
    Removing startup_stm32f10x_md.o(HEAP), (512 bytes).
    Removing main.o(i.read_rtc_info), (2 bytes).
    Removing misc.o(i.NVIC_Init), (112 bytes).
    Removing misc.o(i.NVIC_PriorityGroupConfig), (20 bytes).
    Removing misc.o(i.NVIC_SetVectorTable), (20 bytes).
    Removing misc.o(i.NVIC_SystemLPConfig), (32 bytes).
    Removing misc.o(i.SysTick_CLKSourceConfig), (40 bytes).
    Removing stm32f10x_exti.o(i.EXTI_ClearFlag), (12 bytes).
    Removing stm32f10x_exti.o(i.EXTI_ClearITPendingBit), (12 bytes).
    Removing stm32f10x_exti.o(i.EXTI_DeInit), (36 bytes).
    Removing stm32f10x_exti.o(i.EXTI_GenerateSWInterrupt), (16 bytes).
    Removing stm32f10x_exti.o(i.EXTI_GetFlagStatus), (24 bytes).
    Removing stm32f10x_exti.o(i.EXTI_GetITStatus), (40 bytes).
    Removing stm32f10x_exti.o(i.EXTI_Init), (148 bytes).
    Removing stm32f10x_exti.o(i.EXTI_StructInit), (16 bytes).
    Removing stm32f10x_gpio.o(i.GPIO_AFIODeInit), (20 bytes).
    Removing stm32f10x_gpio.o(i.GPIO_DeInit), (200 bytes).
    Removing stm32f10x_gpio.o(i.GPIO_ETH_MediaInterfaceConfig), (12 bytes).
    Removing stm32f10x_gpio.o(i.GPIO_EXTILineConfig), (64 bytes).
    Removing stm32f10x_gpio.o(i.GPIO_EventOutputCmd), (12 bytes).
    Removing stm32f10x_gpio.o(i.GPIO_EventOutputConfig), (32 bytes).
    Removing stm32f10x_gpio.o(i.GPIO_PinLockConfig), (18 bytes).
    Removing stm32f10x_gpio.o(i.GPIO_PinRemapConfig), (144 bytes).
    Removing stm32f10x_gpio.o(i.GPIO_ReadInputData), (8 bytes).
    Removing stm32f10x_gpio.o(i.GPIO_ReadInputDataBit), (18 bytes).
    Removing stm32f10x_gpio.o(i.GPIO_ReadOutputData), (8 bytes).
    Removing stm32f10x_gpio.o(i.GPIO_StructInit), (16 bytes).
    Removing stm32f10x_gpio.o(i.GPIO_Write), (4 bytes).
    Removing stm32f10x_gpio.o(i.GPIO_WriteBit), (10 bytes).
    Removing stm32f10x_rcc.o(i.RCC_ADCCLKConfig), (24 bytes).
    Removing stm32f10x_rcc.o(i.RCC_AHBPeriphClockCmd), (32 bytes).
    Removing stm32f10x_rcc.o(i.RCC_APB1PeriphClockCmd), (32 bytes).
    Removing stm32f10x_rcc.o(i.RCC_APB1PeriphResetCmd), (32 bytes).
    Removing stm32f10x_rcc.o(i.RCC_APB2PeriphResetCmd), (32 bytes).
    Removing stm32f10x_rcc.o(i.RCC_AdjustHSICalibrationValue), (24 bytes).
    Removing stm32f10x_rcc.o(i.RCC_BackupResetCmd), (12 bytes).
    Removing stm32f10x_rcc.o(i.RCC_ClearFlag), (20 bytes).
    Removing stm32f10x_rcc.o(i.RCC_ClearITPendingBit), (12 bytes).
    Removing stm32f10x_rcc.o(i.RCC_ClockSecuritySystemCmd), (12 bytes).
    Removing stm32f10x_rcc.o(i.RCC_DeInit), (76 bytes).
    Removing stm32f10x_rcc.o(i.RCC_GetFlagStatus), (60 bytes).
    Removing stm32f10x_rcc.o(i.RCC_GetITStatus), (24 bytes).
    Removing stm32f10x_rcc.o(i.RCC_GetSYSCLKSource), (16 bytes).
    Removing stm32f10x_rcc.o(i.RCC_HCLKConfig), (24 bytes).
    Removing stm32f10x_rcc.o(i.RCC_HSEConfig), (76 bytes).
    Removing stm32f10x_rcc.o(i.RCC_HSICmd), (12 bytes).
    Removing stm32f10x_rcc.o(i.RCC_ITConfig), (32 bytes).
    Removing stm32f10x_rcc.o(i.RCC_LSEConfig), (52 bytes).
    Removing stm32f10x_rcc.o(i.RCC_LSICmd), (12 bytes).
    Removing stm32f10x_rcc.o(i.RCC_MCOConfig), (12 bytes).
    Removing stm32f10x_rcc.o(i.RCC_PCLK1Config), (24 bytes).
    Removing stm32f10x_rcc.o(i.RCC_PCLK2Config), (24 bytes).
    Removing stm32f10x_rcc.o(i.RCC_PLLCmd), (12 bytes).
    Removing stm32f10x_rcc.o(i.RCC_PLLConfig), (28 bytes).
    Removing stm32f10x_rcc.o(i.RCC_RTCCLKCmd), (12 bytes).
    Removing stm32f10x_rcc.o(i.RCC_RTCCLKConfig), (16 bytes).
    Removing stm32f10x_rcc.o(i.RCC_SYSCLKConfig), (24 bytes).
    Removing stm32f10x_rcc.o(i.RCC_USBCLKConfig), (12 bytes).
    Removing stm32f10x_rcc.o(i.RCC_WaitForHSEStartUp), (56 bytes).
    Removing stm32f10x_usart.o(i.USART_ClearITPendingBit), (30 bytes).
    Removing stm32f10x_usart.o(i.USART_ClockInit), (34 bytes).
    Removing stm32f10x_usart.o(i.USART_ClockStructInit), (12 bytes).
    Removing stm32f10x_usart.o(i.USART_DMACmd), (18 bytes).
    Removing stm32f10x_usart.o(i.USART_DeInit), (156 bytes).
    Removing stm32f10x_usart.o(i.USART_GetITStatus), (84 bytes).
    Removing stm32f10x_usart.o(i.USART_HalfDuplexCmd), (24 bytes).
    Removing stm32f10x_usart.o(i.USART_IrDACmd), (24 bytes).
    Removing stm32f10x_usart.o(i.USART_IrDAConfig), (18 bytes).
    Removing stm32f10x_usart.o(i.USART_LINBreakDetectLengthConfig), (18 bytes).
    Removing stm32f10x_usart.o(i.USART_LINCmd), (24 bytes).
    Removing stm32f10x_usart.o(i.USART_OneBitMethodCmd), (24 bytes).
    Removing stm32f10x_usart.o(i.USART_OverSampling8Cmd), (22 bytes).
    Removing stm32f10x_usart.o(i.USART_ReceiverWakeUpCmd), (24 bytes).
    Removing stm32f10x_usart.o(i.USART_SendBreak), (10 bytes).
    Removing stm32f10x_usart.o(i.USART_SetAddress), (18 bytes).
    Removing stm32f10x_usart.o(i.USART_SetGuardTime), (16 bytes).
    Removing stm32f10x_usart.o(i.USART_SetPrescaler), (16 bytes).
    Removing stm32f10x_usart.o(i.USART_SmartCardCmd), (24 bytes).
    Removing stm32f10x_usart.o(i.USART_SmartCardNACKCmd), (24 bytes).
    Removing stm32f10x_usart.o(i.USART_StructInit), (24 bytes).
    Removing stm32f10x_usart.o(i.USART_WakeUpConfig), (18 bytes).
    Removing my_usart.o(i.USART_PutNumber), (64 bytes).
    Removing event_groups.o(i.prvTestWaitCondition), (30 bytes).
    Removing event_groups.o(i.vEventGroupClearBitsCallback), (16 bytes).
    Removing event_groups.o(i.vEventGroupDelete), (42 bytes).
    Removing event_groups.o(i.vEventGroupSetBitsCallback), (16 bytes).
    Removing event_groups.o(i.xEventGroupClearBits), (32 bytes).
    Removing event_groups.o(i.xEventGroupCreate), (26 bytes).
    Removing event_groups.o(i.xEventGroupGetBitsFromISR), (44 bytes).
    Removing event_groups.o(i.xEventGroupSetBits), (146 bytes).
    Removing event_groups.o(i.xEventGroupSync), (168 bytes).
    Removing event_groups.o(i.xEventGroupWaitBits), (204 bytes).
    Removing list.o(i.vListInsertEnd), (24 bytes).
    Removing queue.o(i.uxQueueMessagesWaiting), (18 bytes).
    Removing queue.o(i.uxQueueMessagesWaitingFromISR), (8 bytes).
    Removing queue.o(i.uxQueueSpacesAvailable), (24 bytes).
    Removing queue.o(i.vQueueDelete), (14 bytes).
    Removing queue.o(i.xQueueGiveFromISR), (120 bytes).
    Removing queue.o(i.xQueueIsQueueEmptyFromISR), (16 bytes).
    Removing queue.o(i.xQueueIsQueueFullFromISR), (22 bytes).
    Removing queue.o(i.xQueuePeek), (268 bytes).
    Removing queue.o(i.xQueuePeekFromISR), (74 bytes).
    Removing queue.o(i.xQueueReceiveFromISR), (130 bytes).
    Removing queue.o(i.xQueueSemaphoreTake), (240 bytes).
    Removing tasks.o(i.pcTaskGetName), (24 bytes).
    Removing tasks.o(i.prvTaskIsTaskSuspended), (64 bytes).
    Removing tasks.o(i.ulTaskGenericNotifyTake), (136 bytes).
    Removing tasks.o(i.ulTaskGenericNotifyValueClear), (64 bytes).
    Removing tasks.o(i.uxTaskGetNumberOfTasks), (12 bytes).
    Removing tasks.o(i.uxTaskPriorityGet), (36 bytes).
    Removing tasks.o(i.uxTaskPriorityGetFromISR), (56 bytes).
    Removing tasks.o(i.uxTaskResetEventItemValue), (28 bytes).
    Removing tasks.o(i.vTaskDelay), (52 bytes).
    Removing tasks.o(i.vTaskDelete), (204 bytes).
    Removing tasks.o(i.vTaskEndScheduler), (36 bytes).
    Removing tasks.o(i.vTaskGenericNotifyGiveFromISR), (336 bytes).
    Removing tasks.o(i.vTaskPlaceOnUnorderedEventList), (80 bytes).
    Removing tasks.o(i.vTaskPrioritySet), (284 bytes).
    Removing tasks.o(i.vTaskRemoveFromUnorderedEventList), (208 bytes).
    Removing tasks.o(i.vTaskResume), (172 bytes).
    Removing tasks.o(i.vTaskSetTimeOutState), (36 bytes).
    Removing tasks.o(i.vTaskSuspend), (216 bytes).
    Removing tasks.o(i.xTaskCatchUpTicks), (32 bytes).
    Removing tasks.o(i.xTaskDelayUntil), (116 bytes).
    Removing tasks.o(i.xTaskGenericNotify), (332 bytes).
    Removing tasks.o(i.xTaskGenericNotifyStateClear), (64 bytes).
    Removing tasks.o(i.xTaskGetTickCountFromISR), (12 bytes).
    Removing tasks.o(i.xTaskResumeFromISR), (216 bytes).
    Removing timers.o(i.pcTimerGetName), (8 bytes).
    Removing timers.o(i.pvTimerGetTimerID), (20 bytes).
    Removing timers.o(i.uxTimerGetReloadMode), (34 bytes).
    Removing timers.o(i.vTimerSetReloadMode), (46 bytes).
    Removing timers.o(i.vTimerSetTimerID), (20 bytes).
    Removing timers.o(i.xTimerGetExpiryTime), (8 bytes).
    Removing timers.o(i.xTimerGetPeriod), (8 bytes).
    Removing timers.o(i.xTimerGetTimerDaemonTaskHandle), (12 bytes).
    Removing timers.o(i.xTimerIsTimerActive), (34 bytes).
    Removing port.o(i.vPortEndScheduler), (2 bytes).
    Removing heap_4.o(i.vPortGetHeapStats), (128 bytes).
    Removing heap_4.o(i.vPortInitialiseBlocks), (2 bytes).
    Removing heap_4.o(i.xPortGetFreeHeapSize), (12 bytes).
    Removing heap_4.o(i.xPortGetMinimumEverFreeHeapSize), (12 bytes).
    Removing dadd.o(.text), (334 bytes).
    Removing dmul.o(.text), (228 bytes).
    Removing ddiv.o(.text), (222 bytes).
    Removing dfixul.o(.text), (48 bytes).
    Removing cdrcmple.o(.text), (48 bytes).
    Removing depilogue.o(.text), (186 bytes).

151 unused section(s) (total 9296 bytes) removed from the image.

==============================================================================

Image Symbol Table

    Local Symbols

    Symbol Name                              Value     Ov Type        Size  Object(Section)

    ../clib/../cmprslib/zerorunl2.c          0x00000000   Number         0  __dczerorl2.o ABSOLUTE
    ../clib/microlib/division.c              0x00000000   Number         0  uidiv.o ABSOLUTE
    ../clib/microlib/division.c              0x00000000   Number         0  uldiv.o ABSOLUTE
    ../clib/microlib/init/entry.s            0x00000000   Number         0  entry10a.o ABSOLUTE
    ../clib/microlib/init/entry.s            0x00000000   Number         0  entry11b.o ABSOLUTE
    ../clib/microlib/init/entry.s            0x00000000   Number         0  entry11a.o ABSOLUTE
    ../clib/microlib/init/entry.s            0x00000000   Number         0  entry10b.o ABSOLUTE
    ../clib/microlib/init/entry.s            0x00000000   Number         0  entry.o ABSOLUTE
    ../clib/microlib/init/entry.s            0x00000000   Number         0  entry9b.o ABSOLUTE
    ../clib/microlib/init/entry.s            0x00000000   Number         0  entry9a.o ABSOLUTE
    ../clib/microlib/init/entry.s            0x00000000   Number         0  entry8b.o ABSOLUTE
    ../clib/microlib/init/entry.s            0x00000000   Number         0  entry8a.o ABSOLUTE
    ../clib/microlib/init/entry.s            0x00000000   Number         0  entry7b.o ABSOLUTE
    ../clib/microlib/init/entry.s            0x00000000   Number         0  entry7a.o ABSOLUTE
    ../clib/microlib/init/entry.s            0x00000000   Number         0  entry5.o ABSOLUTE
    ../clib/microlib/init/entry.s            0x00000000   Number         0  entry2.o ABSOLUTE
    ../clib/microlib/init/entry.s            0x00000000   Number         0  entry12b.o ABSOLUTE
    ../clib/microlib/init/entry.s            0x00000000   Number         0  entry12a.o ABSOLUTE
    ../clib/microlib/longlong.c              0x00000000   Number         0  llshl.o ABSOLUTE
    ../clib/microlib/longlong.c              0x00000000   Number         0  llushr.o ABSOLUTE
    ../clib/microlib/longlong.c              0x00000000   Number         0  llsshr.o ABSOLUTE
    ../clib/microlib/printf/printf.c         0x00000000   Number         0  printf6.o ABSOLUTE
    ../clib/microlib/printf/printf.c         0x00000000   Number         0  printf7.o ABSOLUTE
    ../clib/microlib/printf/printf.c         0x00000000   Number         0  printf8.o ABSOLUTE
    ../clib/microlib/printf/printf.c         0x00000000   Number         0  printf0.o ABSOLUTE
    ../clib/microlib/printf/printf.c         0x00000000   Number         0  printfb.o ABSOLUTE
    ../clib/microlib/printf/printf.c         0x00000000   Number         0  printfa.o ABSOLUTE
    ../clib/microlib/printf/printf.c         0x00000000   Number         0  printf1.o ABSOLUTE
    ../clib/microlib/printf/printf.c         0x00000000   Number         0  printf2.o ABSOLUTE
    ../clib/microlib/printf/printf.c         0x00000000   Number         0  printf3.o ABSOLUTE
    ../clib/microlib/printf/printf.c         0x00000000   Number         0  printf4.o ABSOLUTE
    ../clib/microlib/printf/printf.c         0x00000000   Number         0  printf5.o ABSOLUTE
    ../clib/microlib/printf/stubs.s          0x00000000   Number         0  stubs.o ABSOLUTE
    ../clib/microlib/stdio/fputc.c           0x00000000   Number         0  fputc.o ABSOLUTE
    ../clib/microlib/stdio/semi.s            0x00000000   Number         0  semi.o ABSOLUTE
    ../clib/microlib/stdio/streams.c         0x00000000   Number         0  stdout.o ABSOLUTE
    ../clib/microlib/string/memcpy.c         0x00000000   Number         0  memcpya.o ABSOLUTE
    ../clib/microlib/string/memcpy.c         0x00000000   Number         0  memcpyb.o ABSOLUTE
    ../clib/microlib/stubs.s                 0x00000000   Number         0  iusefp.o ABSOLUTE
    ../clib/microlib/stubs.s                 0x00000000   Number         0  iusesemip.o ABSOLUTE
    ../fplib/microlib/fpadd.c                0x00000000   Number         0  dadd.o ABSOLUTE
    ../fplib/microlib/fpdiv.c                0x00000000   Number         0  ddiv.o ABSOLUTE
    ../fplib/microlib/fpepilogue.c           0x00000000   Number         0  depilogue.o ABSOLUTE
    ../fplib/microlib/fpfix.c                0x00000000   Number         0  dfixul.o ABSOLUTE
    ../fplib/microlib/fpmul.c                0x00000000   Number         0  dmul.o ABSOLUTE
    ..\..\FreeRTOS\croutine.c                0x00000000   Number         0  croutine.o ABSOLUTE
    ..\..\FreeRTOS\event_groups.c            0x00000000   Number         0  event_groups.o ABSOLUTE
    ..\..\FreeRTOS\list.c                    0x00000000   Number         0  list.o ABSOLUTE
    ..\..\FreeRTOS\portable\MemMang\heap_4.c 0x00000000   Number         0  heap_4.o ABSOLUTE
    ..\..\FreeRTOS\portable\RVDS\ARM_CM3\port.c 0x00000000   Number         0  port.o ABSOLUTE
    ..\..\FreeRTOS\queue.c                   0x00000000   Number         0  queue.o ABSOLUTE
    ..\..\FreeRTOS\tasks.c                   0x00000000   Number         0  tasks.o ABSOLUTE
    ..\..\FreeRTOS\timers.c                  0x00000000   Number         0  timers.o ABSOLUTE
    ..\..\Libraries\CMSIS\CM3\CoreSupport\core_cm3.c 0x00000000   Number         0  core_cm3.o ABSOLUTE
    ..\..\Libraries\CMSIS\CM3\DeviceSupport\ST\STM32F10x\startup\arm\startup_stm32f10x_md.s 0x00000000   Number         0  startup_stm32f10x_md.o ABSOLUTE
    ..\..\Libraries\CMSIS\CM3\DeviceSupport\ST\STM32F10x\system_stm32f10x.c 0x00000000   Number         0  system_stm32f10x.o ABSOLUTE
    ..\..\Libraries\STM32F10x_StdPeriph_Driver\src\misc.c 0x00000000   Number         0  misc.o ABSOLUTE
    ..\..\Libraries\STM32F10x_StdPeriph_Driver\src\stm32f10x_exti.c 0x00000000   Number         0  stm32f10x_exti.o ABSOLUTE
    ..\..\Libraries\STM32F10x_StdPeriph_Driver\src\stm32f10x_gpio.c 0x00000000   Number         0  stm32f10x_gpio.o ABSOLUTE
    ..\..\Libraries\STM32F10x_StdPeriph_Driver\src\stm32f10x_rcc.c 0x00000000   Number         0  stm32f10x_rcc.o ABSOLUTE
    ..\..\Libraries\STM32F10x_StdPeriph_Driver\src\stm32f10x_usart.c 0x00000000   Number         0  stm32f10x_usart.o ABSOLUTE
    ..\..\User_Lib\my_usart.c                0x00000000   Number         0  my_usart.o ABSOLUTE
    ..\\..\\FreeRTOS\\portable\\RVDS\\ARM_CM3\\port.c 0x00000000   Number         0  port.o ABSOLUTE
    ..\\..\\Libraries\\CMSIS\\CM3\\CoreSupport\\core_cm3.c 0x00000000   Number         0  core_cm3.o ABSOLUTE
    ..\main.c                                0x00000000   Number         0  main.o ABSOLUTE
    ..\stm32f10x_it.c                        0x00000000   Number         0  stm32f10x_it.o ABSOLUTE
    cdrcmple.s                               0x00000000   Number         0  cdrcmple.o ABSOLUTE
    dc.s                                     0x00000000   Number         0  dc.o ABSOLUTE
    handlers.s                               0x00000000   Number         0  handlers.o ABSOLUTE
    init.s                                   0x00000000   Number         0  init.o ABSOLUTE
    RESET                                    0x08000000   Section      236  startup_stm32f10x_md.o(RESET)
    .ARM.Collect$$$$00000000                 0x080000ec   Section        0  entry.o(.ARM.Collect$$$$00000000)
    .ARM.Collect$$$$00000001                 0x080000ec   Section        4  entry2.o(.ARM.Collect$$$$00000001)
    .ARM.Collect$$$$00000004                 0x080000f0   Section        4  entry5.o(.ARM.Collect$$$$00000004)
    .ARM.Collect$$$$00000008                 0x080000f4   Section        0  entry7b.o(.ARM.Collect$$$$00000008)
    .ARM.Collect$$$$0000000A                 0x080000f4   Section        0  entry8b.o(.ARM.Collect$$$$0000000A)
    .ARM.Collect$$$$0000000B                 0x080000f4   Section        8  entry9a.o(.ARM.Collect$$$$0000000B)
    .ARM.Collect$$$$0000000E                 0x080000fc   Section        4  entry12b.o(.ARM.Collect$$$$0000000E)
    .ARM.Collect$$$$0000000F                 0x08000100   Section        0  entry10a.o(.ARM.Collect$$$$0000000F)
    .ARM.Collect$$$$00000011                 0x08000100   Section        0  entry11a.o(.ARM.Collect$$$$00000011)
    .ARM.Collect$$$$00002712                 0x08000100   Section        4  entry2.o(.ARM.Collect$$$$00002712)
    __lit__00000000                          0x08000100   Data           4  entry2.o(.ARM.Collect$$$$00002712)
    .emb_text                                0x08000104   Section      150  port.o(.emb_text)
    .text                                    0x0800019c   Section       36  startup_stm32f10x_md.o(.text)
    .text                                    0x080001c0   Section        0  memcpya.o(.text)
    .text                                    0x080001e4   Section        0  uidiv.o(.text)
    .text                                    0x08000210   Section       36  init.o(.text)
    .text                                    0x08000234   Section        0  __dczerorl2.o(.text)
    i.BusFault_Handler                       0x0800028a   Section        0  stm32f10x_it.o(i.BusFault_Handler)
    i.DebugMon_Handler                       0x0800028e   Section        0  stm32f10x_it.o(i.DebugMon_Handler)
    i.GPIOLed_Config                         0x08000290   Section        0  main.o(i.GPIOLed_Config)
    GPIOLed_Config                           0x08000291   Thumb Code    38  main.o(i.GPIOLed_Config)
    i.GPIONutNhan_Config                     0x080002bc   Section        0  main.o(i.GPIONutNhan_Config)
    GPIONutNhan_Config                       0x080002bd   Thumb Code    32  main.o(i.GPIONutNhan_Config)
    i.GPIOUsart1_Config                      0x080002e0   Section        0  my_usart.o(i.GPIOUsart1_Config)
    i.GPIO_Init                              0x08000324   Section        0  stm32f10x_gpio.o(i.GPIO_Init)
    i.GPIO_ReadOutputDataBit                 0x0800043a   Section        0  stm32f10x_gpio.o(i.GPIO_ReadOutputDataBit)
    i.GPIO_ResetBits                         0x0800044c   Section        0  stm32f10x_gpio.o(i.GPIO_ResetBits)
    i.GPIO_SetBits                           0x08000450   Section        0  stm32f10x_gpio.o(i.GPIO_SetBits)
    i.HardFault_Handler                      0x08000454   Section        0  stm32f10x_it.o(i.HardFault_Handler)
    i.MemManage_Handler                      0x08000458   Section        0  stm32f10x_it.o(i.MemManage_Handler)
    i.NMI_Handler                            0x0800045c   Section        0  stm32f10x_it.o(i.NMI_Handler)
    i.RCC_APB2PeriphClockCmd                 0x08000460   Section        0  stm32f10x_rcc.o(i.RCC_APB2PeriphClockCmd)
    i.RCC_GetClocksFreq                      0x08000480   Section        0  stm32f10x_rcc.o(i.RCC_GetClocksFreq)
    i.SetSysClock                            0x08000554   Section        0  system_stm32f10x.o(i.SetSysClock)
    SetSysClock                              0x08000555   Thumb Code     8  system_stm32f10x.o(i.SetSysClock)
    i.SetSysClockTo72                        0x0800055c   Section        0  system_stm32f10x.o(i.SetSysClockTo72)
    SetSysClockTo72                          0x0800055d   Thumb Code   214  system_stm32f10x.o(i.SetSysClockTo72)
    i.SysTick_Handler                        0x0800063c   Section        0  port.o(i.SysTick_Handler)
    i.SystemInit                             0x08000670   Section        0  system_stm32f10x.o(i.SystemInit)
    i.USART1_Config                          0x080006d0   Section        0  my_usart.o(i.USART1_Config)
    i.USART1_IRQHandler                      0x08000764   Section        0  stm32f10x_it.o(i.USART1_IRQHandler)
    i.USART_ClearFlag                        0x080007ec   Section        0  stm32f10x_usart.o(i.USART_ClearFlag)
    i.USART_Cmd                              0x080007fe   Section        0  stm32f10x_usart.o(i.USART_Cmd)
    i.USART_GetFlagStatus                    0x08000816   Section        0  stm32f10x_usart.o(i.USART_GetFlagStatus)
    i.USART_ITConfig                         0x08000830   Section        0  stm32f10x_usart.o(i.USART_ITConfig)
    i.USART_Init                             0x0800087c   Section        0  stm32f10x_usart.o(i.USART_Init)
    i.USART_PutChar                          0x08000954   Section        0  my_usart.o(i.USART_PutChar)
    i.USART_PutString                        0x08000972   Section        0  my_usart.o(i.USART_PutString)
    i.USART_ReceiveData                      0x0800098c   Section        0  stm32f10x_usart.o(i.USART_ReceiveData)
    i.USART_SendData                         0x08000996   Section        0  stm32f10x_usart.o(i.USART_SendData)
    i.UsageFault_Handler                     0x0800099e   Section        0  stm32f10x_it.o(i.UsageFault_Handler)
    i.__0sprintf$1                           0x080009a4   Section        0  printf1.o(i.__0sprintf$1)
    i.__scatterload_copy                     0x080009cc   Section       14  handlers.o(i.__scatterload_copy)
    i.__scatterload_null                     0x080009da   Section        2  handlers.o(i.__scatterload_null)
    i.__scatterload_zeroinit                 0x080009dc   Section       14  handlers.o(i.__scatterload_zeroinit)
    i._printf_core                           0x080009ec   Section        0  printf1.o(i._printf_core)
    _printf_core                             0x080009ed   Thumb Code   336  printf1.o(i._printf_core)
    i._sputc                                 0x08000b40   Section        0  printf1.o(i._sputc)
    _sputc                                   0x08000b41   Thumb Code    10  printf1.o(i._sputc)
    i.getArguments                           0x08000b4a   Section        0  main.o(i.getArguments)
    i.getCommandcode                         0x08000b4c   Section        0  main.o(i.getCommandcode)
    i.led_toggle                             0x08000b58   Section        0  main.o(i.led_toggle)
    i.led_toggle_start                       0x08000b84   Section        0  main.o(i.led_toggle_start)
    i.led_toggle_stop                        0x08000bf0   Section        0  main.o(i.led_toggle_stop)
    i.main                                   0x08000c0c   Section        0  main.o(i.main)
    i.make_led_off                           0x08000d3c   Section        0  main.o(i.make_led_off)
    i.make_led_on                            0x08000d50   Section        0  main.o(i.make_led_on)
    i.print_error_message                    0x08000d64   Section        0  main.o(i.print_error_message)
    i.prvAddCurrentTaskToDelayedList         0x08000d68   Section        0  tasks.o(i.prvAddCurrentTaskToDelayedList)
    prvAddCurrentTaskToDelayedList           0x08000d69   Thumb Code   164  tasks.o(i.prvAddCurrentTaskToDelayedList)
    i.prvAddNewTaskToReadyList               0x08000e28   Section        0  tasks.o(i.prvAddNewTaskToReadyList)
    prvAddNewTaskToReadyList                 0x08000e29   Thumb Code   200  tasks.o(i.prvAddNewTaskToReadyList)
    i.prvCheckForValidListAndQueue           0x08000f0c   Section        0  timers.o(i.prvCheckForValidListAndQueue)
    prvCheckForValidListAndQueue             0x08000f0d   Thumb Code    56  timers.o(i.prvCheckForValidListAndQueue)
    i.prvCheckTasksWaitingTermination        0x08000f58   Section        0  tasks.o(i.prvCheckTasksWaitingTermination)
    prvCheckTasksWaitingTermination          0x08000f59   Thumb Code    60  tasks.o(i.prvCheckTasksWaitingTermination)
    i.prvCopyDataFromQueue                   0x08000fa0   Section        0  queue.o(i.prvCopyDataFromQueue)
    prvCopyDataFromQueue                     0x08000fa1   Thumb Code    42  queue.o(i.prvCopyDataFromQueue)
    i.prvCopyDataToQueue                     0x08000fca   Section        0  queue.o(i.prvCopyDataToQueue)
    prvCopyDataToQueue                       0x08000fcb   Thumb Code   106  queue.o(i.prvCopyDataToQueue)
    i.prvDeleteTCB                           0x08001034   Section        0  tasks.o(i.prvDeleteTCB)
    prvDeleteTCB                             0x08001035   Thumb Code    18  tasks.o(i.prvDeleteTCB)
    i.prvGetNextExpireTime                   0x08001048   Section        0  timers.o(i.prvGetNextExpireTime)
    prvGetNextExpireTime                     0x08001049   Thumb Code    36  timers.o(i.prvGetNextExpireTime)
    i.prvHeapInit                            0x08001070   Section        0  heap_4.o(i.prvHeapInit)
    prvHeapInit                              0x08001071   Thumb Code    98  heap_4.o(i.prvHeapInit)
    i.prvIdleTask                            0x080010ec   Section        0  tasks.o(i.prvIdleTask)
    prvIdleTask                              0x080010ed   Thumb Code    32  tasks.o(i.prvIdleTask)
    i.prvInitialiseNewQueue                  0x08001114   Section        0  queue.o(i.prvInitialiseNewQueue)
    prvInitialiseNewQueue                    0x08001115   Thumb Code    38  queue.o(i.prvInitialiseNewQueue)
    i.prvInitialiseNewTask                   0x0800113a   Section        0  tasks.o(i.prvInitialiseNewTask)
    prvInitialiseNewTask                     0x0800113b   Thumb Code   138  tasks.o(i.prvInitialiseNewTask)
    i.prvInitialiseNewTimer                  0x080011c4   Section        0  timers.o(i.prvInitialiseNewTimer)
    prvInitialiseNewTimer                    0x080011c5   Thumb Code    56  timers.o(i.prvInitialiseNewTimer)
    i.prvInitialiseTaskLists                 0x080011fc   Section        0  tasks.o(i.prvInitialiseTaskLists)
    prvInitialiseTaskLists                   0x080011fd   Thumb Code    70  tasks.o(i.prvInitialiseTaskLists)
    i.prvInsertBlockIntoFreeList             0x08001264   Section        0  heap_4.o(i.prvInsertBlockIntoFreeList)
    prvInsertBlockIntoFreeList               0x08001265   Thumb Code    96  heap_4.o(i.prvInsertBlockIntoFreeList)
    i.prvInsertTimerInActiveList             0x080012cc   Section        0  timers.o(i.prvInsertTimerInActiveList)
    prvInsertTimerInActiveList               0x080012cd   Thumb Code    80  timers.o(i.prvInsertTimerInActiveList)
    i.prvIsQueueEmpty                        0x08001324   Section        0  queue.o(i.prvIsQueueEmpty)
    prvIsQueueEmpty                          0x08001325   Thumb Code    26  queue.o(i.prvIsQueueEmpty)
    i.prvIsQueueFull                         0x0800133e   Section        0  queue.o(i.prvIsQueueFull)
    prvIsQueueFull                           0x0800133f   Thumb Code    30  queue.o(i.prvIsQueueFull)
    i.prvProcessExpiredTimer                 0x0800135c   Section        0  timers.o(i.prvProcessExpiredTimer)
    prvProcessExpiredTimer                   0x0800135d   Thumb Code    62  timers.o(i.prvProcessExpiredTimer)
    i.prvProcessReceivedCommands             0x080013a0   Section        0  timers.o(i.prvProcessReceivedCommands)
    prvProcessReceivedCommands               0x080013a1   Thumb Code   244  timers.o(i.prvProcessReceivedCommands)
    i.prvProcessTimerOrBlockTask             0x08001498   Section        0  timers.o(i.prvProcessTimerOrBlockTask)
    prvProcessTimerOrBlockTask               0x08001499   Thumb Code   102  timers.o(i.prvProcessTimerOrBlockTask)
    i.prvReloadTimer                         0x0800150c   Section        0  timers.o(i.prvReloadTimer)
    prvReloadTimer                           0x0800150d   Thumb Code    40  timers.o(i.prvReloadTimer)
    i.prvResetNextTaskUnblockTime            0x08001534   Section        0  tasks.o(i.prvResetNextTaskUnblockTime)
    prvResetNextTaskUnblockTime              0x08001535   Thumb Code    40  tasks.o(i.prvResetNextTaskUnblockTime)
    i.prvSampleTimeNow                       0x08001564   Section        0  timers.o(i.prvSampleTimeNow)
    prvSampleTimeNow                         0x08001565   Thumb Code    40  timers.o(i.prvSampleTimeNow)
    i.prvSwitchTimerLists                    0x08001590   Section        0  timers.o(i.prvSwitchTimerLists)
    prvSwitchTimerLists                      0x08001591   Thumb Code    58  timers.o(i.prvSwitchTimerLists)
    i.prvTaskExitError                       0x080015d4   Section        0  port.o(i.prvTaskExitError)
    prvTaskExitError                         0x080015d5   Thumb Code    22  port.o(i.prvTaskExitError)
    i.prvTimerTask                           0x080015ea   Section        0  timers.o(i.prvTimerTask)
    prvTimerTask                             0x080015eb   Thumb Code    26  timers.o(i.prvTimerTask)
    i.prvUnlockQueue                         0x08001604   Section        0  queue.o(i.prvUnlockQueue)
    prvUnlockQueue                           0x08001605   Thumb Code   126  queue.o(i.prvUnlockQueue)
    i.pvPortMalloc                           0x08001684   Section        0  heap_4.o(i.pvPortMalloc)
    i.pxPortInitialiseStack                  0x08001780   Section        0  port.o(i.pxPortInitialiseStack)
    i.read_led_status                        0x080017a4   Section        0  main.o(i.read_led_status)
    i.uxListRemove                           0x080017f4   Section        0  list.o(i.uxListRemove)
    i.vListInitialise                        0x0800181c   Section        0  list.o(i.vListInitialise)
    i.vListInitialiseItem                    0x08001836   Section        0  list.o(i.vListInitialiseItem)
    i.vListInsert                            0x0800183c   Section        0  list.o(i.vListInsert)
    i.vPortEnterCritical                     0x08001870   Section        0  port.o(i.vPortEnterCritical)
    i.vPortExitCritical                      0x08001894   Section        0  port.o(i.vPortExitCritical)
    i.vPortFree                              0x080018b4   Section        0  heap_4.o(i.vPortFree)
    i.vPortSetupTimerInterrupt               0x0800190c   Section        0  port.o(i.vPortSetupTimerInterrupt)
    i.vQueueWaitForMessageRestricted         0x08001924   Section        0  queue.o(i.vQueueWaitForMessageRestricted)
    i.vTask1_menu_display                    0x08001970   Section        0  main.o(i.vTask1_menu_display)
    i.vTask2_cmd_handling                    0x080019a4   Section        0  main.o(i.vTask2_cmd_handling)
    i.vTask3_cmd_processing                  0x080019f8   Section        0  main.o(i.vTask3_cmd_processing)
    i.vTask4_uart_write                      0x08001a6c   Section        0  main.o(i.vTask4_uart_write)
    i.vTaskInternalSetTimeOutState           0x08001a94   Section        0  tasks.o(i.vTaskInternalSetTimeOutState)
    i.vTaskMissedYield                       0x08001aac   Section        0  tasks.o(i.vTaskMissedYield)
    i.vTaskPlaceOnEventList                  0x08001ab8   Section        0  tasks.o(i.vTaskPlaceOnEventList)
    i.vTaskPlaceOnEventListRestricted        0x08001ad8   Section        0  tasks.o(i.vTaskPlaceOnEventListRestricted)
    i.vTaskStartScheduler                    0x08001b24   Section        0  tasks.o(i.vTaskStartScheduler)
    i.vTaskSuspendAll                        0x08001b9c   Section        0  tasks.o(i.vTaskSuspendAll)
    i.vTaskSwitchContext                     0x08001bac   Section        0  tasks.o(i.vTaskSwitchContext)
    i.xPortStartScheduler                    0x08001c0c   Section        0  port.o(i.xPortStartScheduler)
    i.xQueueGenericCreate                    0x08001c40   Section        0  queue.o(i.xQueueGenericCreate)
    i.xQueueGenericReset                     0x08001c8c   Section        0  queue.o(i.xQueueGenericReset)
    i.xQueueGenericSend                      0x08001d2c   Section        0  queue.o(i.xQueueGenericSend)
    i.xQueueGenericSendFromISR               0x08001e44   Section        0  queue.o(i.xQueueGenericSendFromISR)
    i.xQueueReceive                          0x08001ed0   Section        0  queue.o(i.xQueueReceive)
    i.xTaskCheckForTimeOut                   0x08001fd4   Section        0  tasks.o(i.xTaskCheckForTimeOut)
    i.xTaskCreate                            0x08002034   Section        0  tasks.o(i.xTaskCreate)
    i.xTaskGenericNotifyFromISR              0x08002094   Section        0  tasks.o(i.xTaskGenericNotifyFromISR)
    i.xTaskGenericNotifyWait                 0x0800228c   Section        0  tasks.o(i.xTaskGenericNotifyWait)
    i.xTaskGetSchedulerState                 0x08002338   Section        0  tasks.o(i.xTaskGetSchedulerState)
    i.xTaskGetTickCount                      0x08002358   Section        0  tasks.o(i.xTaskGetTickCount)
    i.xTaskIncrementTick                     0x08002364   Section        0  tasks.o(i.xTaskIncrementTick)
    i.xTaskRemoveFromEventList               0x080024f4   Section        0  tasks.o(i.xTaskRemoveFromEventList)
    i.xTaskResumeAll                         0x080025fc   Section        0  tasks.o(i.xTaskResumeAll)
    i.xTimerCreate                           0x08002758   Section        0  timers.o(i.xTimerCreate)
    i.xTimerCreateTimerTask                  0x08002790   Section        0  timers.o(i.xTimerCreateTimerTask)
    i.xTimerGenericCommand                   0x080027cc   Section        0  timers.o(i.xTimerGenericCommand)
    .data                                    0x20000000   Section      249  main.o(.data)
    .data                                    0x200000f9   Section       20  stm32f10x_rcc.o(.data)
    APBAHBPrescTable                         0x200000f9   Data          16  stm32f10x_rcc.o(.data)
    ADCPrescTable                            0x20000109   Data           4  stm32f10x_rcc.o(.data)
    .data                                    0x20000110   Section       64  tasks.o(.data)
    pxDelayedTaskList                        0x20000114   Data           4  tasks.o(.data)
    pxOverflowDelayedTaskList                0x20000118   Data           4  tasks.o(.data)
    uxDeletedTasksWaitingCleanUp             0x2000011c   Data           4  tasks.o(.data)
    uxCurrentNumberOfTasks                   0x20000120   Data           4  tasks.o(.data)
    xTickCount                               0x20000124   Data           4  tasks.o(.data)
    uxTopReadyPriority                       0x20000128   Data           4  tasks.o(.data)
    xSchedulerRunning                        0x2000012c   Data           4  tasks.o(.data)
    xPendedTicks                             0x20000130   Data           4  tasks.o(.data)
    xYieldPending                            0x20000134   Data           4  tasks.o(.data)
    xNumOfOverflows                          0x20000138   Data           4  tasks.o(.data)
    uxTaskNumber                             0x2000013c   Data           4  tasks.o(.data)
    xNextTaskUnblockTime                     0x20000140   Data           4  tasks.o(.data)
    xIdleTaskHandle                          0x20000144   Data           4  tasks.o(.data)
    uxSchedulerSuspended                     0x2000014c   Data           4  tasks.o(.data)
    .data                                    0x20000150   Section       20  timers.o(.data)
    pxCurrentTimerList                       0x20000150   Data           4  timers.o(.data)
    pxOverflowTimerList                      0x20000154   Data           4  timers.o(.data)
    xTimerQueue                              0x20000158   Data           4  timers.o(.data)
    xTimerTaskHandle                         0x2000015c   Data           4  timers.o(.data)
    xLastTime                                0x20000160   Data           4  timers.o(.data)
    .data                                    0x20000164   Section        4  port.o(.data)
    uxCriticalNesting                        0x20000164   Data           4  port.o(.data)
    .data                                    0x20000168   Section       32  heap_4.o(.data)
    xStart                                   0x20000168   Data           8  heap_4.o(.data)
    pxEnd                                    0x20000170   Data           4  heap_4.o(.data)
    xFreeBytesRemaining                      0x20000174   Data           4  heap_4.o(.data)
    xMinimumEverFreeBytesRemaining           0x20000178   Data           4  heap_4.o(.data)
    xNumberOfSuccessfulAllocations           0x2000017c   Data           4  heap_4.o(.data)
    xNumberOfSuccessfulFrees                 0x20000180   Data           4  heap_4.o(.data)
    xBlockAllocatedBit                       0x20000184   Data           4  heap_4.o(.data)
    .bss                                     0x20000188   Section       20  main.o(.bss)
    .bss                                     0x2000019c   Section      200  tasks.o(.bss)
    pxReadyTasksLists                        0x2000019c   Data         100  tasks.o(.bss)
    xDelayedTaskList1                        0x20000200   Data          20  tasks.o(.bss)
    xDelayedTaskList2                        0x20000214   Data          20  tasks.o(.bss)
    xPendingReadyList                        0x20000228   Data          20  tasks.o(.bss)
    xTasksWaitingTermination                 0x2000023c   Data          20  tasks.o(.bss)
    xSuspendedTaskList                       0x20000250   Data          20  tasks.o(.bss)
    .bss                                     0x20000264   Section       40  timers.o(.bss)
    xActiveTimerList1                        0x20000264   Data          20  timers.o(.bss)
    xActiveTimerList2                        0x20000278   Data          20  timers.o(.bss)
    .bss                                     0x2000028c   Section    18432  heap_4.o(.bss)
    ucHeap                                   0x2000028c   Data       18432  heap_4.o(.bss)
    STACK                                    0x20004a90   Section     1024  startup_stm32f10x_md.o(STACK)

    Global Symbols

    Symbol Name                              Value     Ov Type        Size  Object(Section)

    BuildAttributes$$THM_ISAv4$P$D$K$B$S$PE$A:L22UL41UL21$X:L11$S22US41US21$IEEE1$IW$USESV6$~STKCKD$USESV7$~SHL$OSPACE$ROPI$EBA8$MICROLIB$REQ8$PRES8$EABIv2 0x00000000   Number         0  anon$$obj.o ABSOLUTE
    __ARM_use_no_argv                        0x00000000   Number         0  main.o ABSOLUTE
    _printf_a                                0x00000000   Number         0  stubs.o ABSOLUTE
    _printf_c                                0x00000000   Number         0  stubs.o ABSOLUTE
    _printf_charcount                        0x00000000   Number         0  stubs.o ABSOLUTE
    _printf_d                                0x00000000   Number         0  stubs.o ABSOLUTE
    _printf_e                                0x00000000   Number         0  stubs.o ABSOLUTE
    _printf_f                                0x00000000   Number         0  stubs.o ABSOLUTE
    _printf_flags                            0x00000000   Number         0  stubs.o ABSOLUTE
    _printf_fp_dec                           0x00000000   Number         0  stubs.o ABSOLUTE
    _printf_fp_hex                           0x00000000   Number         0  stubs.o ABSOLUTE
    _printf_g                                0x00000000   Number         0  stubs.o ABSOLUTE
    _printf_i                                0x00000000   Number         0  stubs.o ABSOLUTE
    _printf_int_dec                          0x00000000   Number         0  stubs.o ABSOLUTE
    _printf_l                                0x00000000   Number         0  stubs.o ABSOLUTE
    _printf_lc                               0x00000000   Number         0  stubs.o ABSOLUTE
    _printf_ll                               0x00000000   Number         0  stubs.o ABSOLUTE
    _printf_lld                              0x00000000   Number         0  stubs.o ABSOLUTE
    _printf_lli                              0x00000000   Number         0  stubs.o ABSOLUTE
    _printf_llo                              0x00000000   Number         0  stubs.o ABSOLUTE
    _printf_llu                              0x00000000   Number         0  stubs.o ABSOLUTE
    _printf_llx                              0x00000000   Number         0  stubs.o ABSOLUTE
    _printf_longlong_dec                     0x00000000   Number         0  stubs.o ABSOLUTE
    _printf_longlong_hex                     0x00000000   Number         0  stubs.o ABSOLUTE
    _printf_longlong_oct                     0x00000000   Number         0  stubs.o ABSOLUTE
    _printf_ls                               0x00000000   Number         0  stubs.o ABSOLUTE
    _printf_mbtowc                           0x00000000   Number         0  stubs.o ABSOLUTE
    _printf_n                                0x00000000   Number         0  stubs.o ABSOLUTE
    _printf_o                                0x00000000   Number         0  stubs.o ABSOLUTE
    _printf_p                                0x00000000   Number         0  stubs.o ABSOLUTE
    _printf_percent                          0x00000000   Number         0  stubs.o ABSOLUTE
    _printf_pre_padding                      0x00000000   Number         0  stubs.o ABSOLUTE
    _printf_return_value                     0x00000000   Number         0  stubs.o ABSOLUTE
    _printf_s                                0x00000000   Number         0  stubs.o ABSOLUTE
    _printf_sizespec                         0x00000000   Number         0  stubs.o ABSOLUTE
    _printf_str                              0x00000000   Number         0  stubs.o ABSOLUTE
    _printf_truncate_signed                  0x00000000   Number         0  stubs.o ABSOLUTE
    _printf_truncate_unsigned                0x00000000   Number         0  stubs.o ABSOLUTE
    _printf_u                                0x00000000   Number         0  stubs.o ABSOLUTE
    _printf_wc                               0x00000000   Number         0  stubs.o ABSOLUTE
    _printf_wctomb                           0x00000000   Number         0  stubs.o ABSOLUTE
    _printf_widthprec                        0x00000000   Number         0  stubs.o ABSOLUTE
    _printf_x                                0x00000000   Number         0  stubs.o ABSOLUTE
    __arm_fini_                               - Undefined Weak Reference
    __cpp_initialize__aeabi_                  - Undefined Weak Reference
    __cxa_finalize                            - Undefined Weak Reference
    _clock_init                               - Undefined Weak Reference
    _microlib_exit                            - Undefined Weak Reference
    __Vectors_Size                           0x000000ec   Number         0  startup_stm32f10x_md.o ABSOLUTE
    __Vectors                                0x08000000   Data           4  startup_stm32f10x_md.o(RESET)
    __Vectors_End                            0x080000ec   Data           0  startup_stm32f10x_md.o(RESET)
    __main                                   0x080000ed   Thumb Code     0  entry.o(.ARM.Collect$$$$00000000)
    _main_stk                                0x080000ed   Thumb Code     0  entry2.o(.ARM.Collect$$$$00000001)
    _main_scatterload                        0x080000f1   Thumb Code     0  entry5.o(.ARM.Collect$$$$00000004)
    __main_after_scatterload                 0x080000f5   Thumb Code     0  entry5.o(.ARM.Collect$$$$00000004)
    _main_clock                              0x080000f5   Thumb Code     0  entry7b.o(.ARM.Collect$$$$00000008)
    _main_cpp_init                           0x080000f5   Thumb Code     0  entry8b.o(.ARM.Collect$$$$0000000A)
    _main_init                               0x080000f5   Thumb Code     0  entry9a.o(.ARM.Collect$$$$0000000B)
    __rt_lib_shutdown_fini                   0x080000fd   Thumb Code     0  entry12b.o(.ARM.Collect$$$$0000000E)
    __rt_final_cpp                           0x08000101   Thumb Code     0  entry10a.o(.ARM.Collect$$$$0000000F)
    __rt_final_exit                          0x08000101   Thumb Code     0  entry11a.o(.ARM.Collect$$$$00000011)
    SVC_Handler                              0x08000105   Thumb Code    32  port.o(.emb_text)
    __asm___6_port_c_39a90d8d__prvStartFirstTask 0x08000129   Thumb Code    28  port.o(.emb_text)
    PendSV_Handler                           0x08000149   Thumb Code    72  port.o(.emb_text)
    vPortGetIPSR                             0x08000195   Thumb Code     6  port.o(.emb_text)
    Reset_Handler                            0x0800019d   Thumb Code     8  startup_stm32f10x_md.o(.text)
    ADC1_2_IRQHandler                        0x080001b7   Thumb Code     0  startup_stm32f10x_md.o(.text)
    CAN1_RX1_IRQHandler                      0x080001b7   Thumb Code     0  startup_stm32f10x_md.o(.text)
    CAN1_SCE_IRQHandler                      0x080001b7   Thumb Code     0  startup_stm32f10x_md.o(.text)
    DMA1_Channel1_IRQHandler                 0x080001b7   Thumb Code     0  startup_stm32f10x_md.o(.text)
    DMA1_Channel2_IRQHandler                 0x080001b7   Thumb Code     0  startup_stm32f10x_md.o(.text)
    DMA1_Channel3_IRQHandler                 0x080001b7   Thumb Code     0  startup_stm32f10x_md.o(.text)
    DMA1_Channel4_IRQHandler                 0x080001b7   Thumb Code     0  startup_stm32f10x_md.o(.text)
    DMA1_Channel5_IRQHandler                 0x080001b7   Thumb Code     0  startup_stm32f10x_md.o(.text)
    DMA1_Channel6_IRQHandler                 0x080001b7   Thumb Code     0  startup_stm32f10x_md.o(.text)
    DMA1_Channel7_IRQHandler                 0x080001b7   Thumb Code     0  startup_stm32f10x_md.o(.text)
    EXTI0_IRQHandler                         0x080001b7   Thumb Code     0  startup_stm32f10x_md.o(.text)
    EXTI15_10_IRQHandler                     0x080001b7   Thumb Code     0  startup_stm32f10x_md.o(.text)
    EXTI1_IRQHandler                         0x080001b7   Thumb Code     0  startup_stm32f10x_md.o(.text)
    EXTI2_IRQHandler                         0x080001b7   Thumb Code     0  startup_stm32f10x_md.o(.text)
    EXTI3_IRQHandler                         0x080001b7   Thumb Code     0  startup_stm32f10x_md.o(.text)
    EXTI4_IRQHandler                         0x080001b7   Thumb Code     0  startup_stm32f10x_md.o(.text)
    EXTI9_5_IRQHandler                       0x080001b7   Thumb Code     0  startup_stm32f10x_md.o(.text)
    FLASH_IRQHandler                         0x080001b7   Thumb Code     0  startup_stm32f10x_md.o(.text)
    I2C1_ER_IRQHandler                       0x080001b7   Thumb Code     0  startup_stm32f10x_md.o(.text)
    I2C1_EV_IRQHandler                       0x080001b7   Thumb Code     0  startup_stm32f10x_md.o(.text)
    I2C2_ER_IRQHandler                       0x080001b7   Thumb Code     0  startup_stm32f10x_md.o(.text)
    I2C2_EV_IRQHandler                       0x080001b7   Thumb Code     0  startup_stm32f10x_md.o(.text)
    PVD_IRQHandler                           0x080001b7   Thumb Code     0  startup_stm32f10x_md.o(.text)
    RCC_IRQHandler                           0x080001b7   Thumb Code     0  startup_stm32f10x_md.o(.text)
    RTCAlarm_IRQHandler                      0x080001b7   Thumb Code     0  startup_stm32f10x_md.o(.text)
    RTC_IRQHandler                           0x080001b7   Thumb Code     0  startup_stm32f10x_md.o(.text)
    SPI1_IRQHandler                          0x080001b7   Thumb Code     0  startup_stm32f10x_md.o(.text)
    SPI2_IRQHandler                          0x080001b7   Thumb Code     0  startup_stm32f10x_md.o(.text)
    TAMPER_IRQHandler                        0x080001b7   Thumb Code     0  startup_stm32f10x_md.o(.text)
    TIM1_BRK_IRQHandler                      0x080001b7   Thumb Code     0  startup_stm32f10x_md.o(.text)
    TIM1_CC_IRQHandler                       0x080001b7   Thumb Code     0  startup_stm32f10x_md.o(.text)
    TIM1_TRG_COM_IRQHandler                  0x080001b7   Thumb Code     0  startup_stm32f10x_md.o(.text)
    TIM1_UP_IRQHandler                       0x080001b7   Thumb Code     0  startup_stm32f10x_md.o(.text)
    TIM2_IRQHandler                          0x080001b7   Thumb Code     0  startup_stm32f10x_md.o(.text)
    TIM3_IRQHandler                          0x080001b7   Thumb Code     0  startup_stm32f10x_md.o(.text)
    TIM4_IRQHandler                          0x080001b7   Thumb Code     0  startup_stm32f10x_md.o(.text)
    USART2_IRQHandler                        0x080001b7   Thumb Code     0  startup_stm32f10x_md.o(.text)
    USART3_IRQHandler                        0x080001b7   Thumb Code     0  startup_stm32f10x_md.o(.text)
    USBWakeUp_IRQHandler                     0x080001b7   Thumb Code     0  startup_stm32f10x_md.o(.text)
    USB_HP_CAN1_TX_IRQHandler                0x080001b7   Thumb Code     0  startup_stm32f10x_md.o(.text)
    USB_LP_CAN1_RX0_IRQHandler               0x080001b7   Thumb Code     0  startup_stm32f10x_md.o(.text)
    WWDG_IRQHandler                          0x080001b7   Thumb Code     0  startup_stm32f10x_md.o(.text)
    __aeabi_memcpy                           0x080001c1   Thumb Code    36  memcpya.o(.text)
    __aeabi_memcpy4                          0x080001c1   Thumb Code     0  memcpya.o(.text)
    __aeabi_memcpy8                          0x080001c1   Thumb Code     0  memcpya.o(.text)
    __aeabi_uidiv                            0x080001e5   Thumb Code     0  uidiv.o(.text)
    __aeabi_uidivmod                         0x080001e5   Thumb Code    44  uidiv.o(.text)
    __scatterload                            0x08000211   Thumb Code    28  init.o(.text)
    __scatterload_rt2                        0x08000211   Thumb Code     0  init.o(.text)
    __decompress                             0x08000235   Thumb Code     0  __dczerorl2.o(.text)
    __decompress1                            0x08000235   Thumb Code    86  __dczerorl2.o(.text)
    BusFault_Handler                         0x0800028b   Thumb Code     4  stm32f10x_it.o(i.BusFault_Handler)
    DebugMon_Handler                         0x0800028f   Thumb Code     2  stm32f10x_it.o(i.DebugMon_Handler)
    GPIOUsart1_Config                        0x080002e1   Thumb Code    62  my_usart.o(i.GPIOUsart1_Config)
    GPIO_Init                                0x08000325   Thumb Code   278  stm32f10x_gpio.o(i.GPIO_Init)
    GPIO_ReadOutputDataBit                   0x0800043b   Thumb Code    18  stm32f10x_gpio.o(i.GPIO_ReadOutputDataBit)
    GPIO_ResetBits                           0x0800044d   Thumb Code     4  stm32f10x_gpio.o(i.GPIO_ResetBits)
    GPIO_SetBits                             0x08000451   Thumb Code     4  stm32f10x_gpio.o(i.GPIO_SetBits)
    HardFault_Handler                        0x08000455   Thumb Code     4  stm32f10x_it.o(i.HardFault_Handler)
    MemManage_Handler                        0x08000459   Thumb Code     4  stm32f10x_it.o(i.MemManage_Handler)
    NMI_Handler                              0x0800045d   Thumb Code     2  stm32f10x_it.o(i.NMI_Handler)
    RCC_APB2PeriphClockCmd                   0x08000461   Thumb Code    26  stm32f10x_rcc.o(i.RCC_APB2PeriphClockCmd)
    RCC_GetClocksFreq                        0x08000481   Thumb Code   192  stm32f10x_rcc.o(i.RCC_GetClocksFreq)
    SysTick_Handler                          0x0800063d   Thumb Code    46  port.o(i.SysTick_Handler)
    SystemInit                               0x08000671   Thumb Code    78  system_stm32f10x.o(i.SystemInit)
    USART1_Config                            0x080006d1   Thumb Code   136  my_usart.o(i.USART1_Config)
    USART1_IRQHandler                        0x08000765   Thumb Code   110  stm32f10x_it.o(i.USART1_IRQHandler)
    USART_ClearFlag                          0x080007ed   Thumb Code    18  stm32f10x_usart.o(i.USART_ClearFlag)
    USART_Cmd                                0x080007ff   Thumb Code    24  stm32f10x_usart.o(i.USART_Cmd)
    USART_GetFlagStatus                      0x08000817   Thumb Code    26  stm32f10x_usart.o(i.USART_GetFlagStatus)
    USART_ITConfig                           0x08000831   Thumb Code    74  stm32f10x_usart.o(i.USART_ITConfig)
    USART_Init                               0x0800087d   Thumb Code   210  stm32f10x_usart.o(i.USART_Init)
    USART_PutChar                            0x08000955   Thumb Code    30  my_usart.o(i.USART_PutChar)
    USART_PutString                          0x08000973   Thumb Code    26  my_usart.o(i.USART_PutString)
    USART_ReceiveData                        0x0800098d   Thumb Code    10  stm32f10x_usart.o(i.USART_ReceiveData)
    USART_SendData                           0x08000997   Thumb Code     8  stm32f10x_usart.o(i.USART_SendData)
    UsageFault_Handler                       0x0800099f   Thumb Code     4  stm32f10x_it.o(i.UsageFault_Handler)
    __0sprintf$1                             0x080009a5   Thumb Code    34  printf1.o(i.__0sprintf$1)
    __1sprintf$1                             0x080009a5   Thumb Code     0  printf1.o(i.__0sprintf$1)
    __2sprintf                               0x080009a5   Thumb Code     0  printf1.o(i.__0sprintf$1)
    __scatterload_copy                       0x080009cd   Thumb Code    14  handlers.o(i.__scatterload_copy)
    __scatterload_null                       0x080009db   Thumb Code     2  handlers.o(i.__scatterload_null)
    __scatterload_zeroinit                   0x080009dd   Thumb Code    14  handlers.o(i.__scatterload_zeroinit)
    getArguments                             0x08000b4b   Thumb Code     2  main.o(i.getArguments)
    getCommandcode                           0x08000b4d   Thumb Code    10  main.o(i.getCommandcode)
    led_toggle                               0x08000b59   Thumb Code    40  main.o(i.led_toggle)
    led_toggle_start                         0x08000b85   Thumb Code    86  main.o(i.led_toggle_start)
    led_toggle_stop                          0x08000bf1   Thumb Code    24  main.o(i.led_toggle_stop)
    main                                     0x08000c0d   Thumb Code   166  main.o(i.main)
    make_led_off                             0x08000d3d   Thumb Code    14  main.o(i.make_led_off)
    make_led_on                              0x08000d51   Thumb Code    14  main.o(i.make_led_on)
    print_error_message                      0x08000d65   Thumb Code     2  main.o(i.print_error_message)
    pvPortMalloc                             0x08001685   Thumb Code   228  heap_4.o(i.pvPortMalloc)
    pxPortInitialiseStack                    0x08001781   Thumb Code    30  port.o(i.pxPortInitialiseStack)
    read_led_status                          0x080017a5   Thumb Code    48  main.o(i.read_led_status)
    uxListRemove                             0x080017f5   Thumb Code    40  list.o(i.uxListRemove)
    vListInitialise                          0x0800181d   Thumb Code    26  list.o(i.vListInitialise)
    vListInitialiseItem                      0x08001837   Thumb Code     6  list.o(i.vListInitialiseItem)
    vListInsert                              0x0800183d   Thumb Code    52  list.o(i.vListInsert)
    vPortEnterCritical                       0x08001871   Thumb Code    30  port.o(i.vPortEnterCritical)
    vPortExitCritical                        0x08001895   Thumb Code    28  port.o(i.vPortExitCritical)
    vPortFree                                0x080018b5   Thumb Code    74  heap_4.o(i.vPortFree)
    vPortSetupTimerInterrupt                 0x0800190d   Thumb Code    20  port.o(i.vPortSetupTimerInterrupt)
    vQueueWaitForMessageRestricted           0x08001925   Thumb Code    74  queue.o(i.vQueueWaitForMessageRestricted)
    vTask1_menu_display                      0x08001971   Thumb Code    42  main.o(i.vTask1_menu_display)
    vTask2_cmd_handling                      0x080019a5   Thumb Code    76  main.o(i.vTask2_cmd_handling)
    vTask3_cmd_processing                    0x080019f9   Thumb Code   110  main.o(i.vTask3_cmd_processing)
    vTask4_uart_write                        0x08001a6d   Thumb Code    32  main.o(i.vTask4_uart_write)
    vTaskInternalSetTimeOutState             0x08001a95   Thumb Code    14  tasks.o(i.vTaskInternalSetTimeOutState)
    vTaskMissedYield                         0x08001aad   Thumb Code     8  tasks.o(i.vTaskMissedYield)
    vTaskPlaceOnEventList                    0x08001ab9   Thumb Code    28  tasks.o(i.vTaskPlaceOnEventList)
    vTaskPlaceOnEventListRestricted          0x08001ad9   Thumb Code    70  tasks.o(i.vTaskPlaceOnEventListRestricted)
    vTaskStartScheduler                      0x08001b25   Thumb Code    86  tasks.o(i.vTaskStartScheduler)
    vTaskSuspendAll                          0x08001b9d   Thumb Code    12  tasks.o(i.vTaskSuspendAll)
    vTaskSwitchContext                       0x08001bad   Thumb Code    76  tasks.o(i.vTaskSwitchContext)
    xPortStartScheduler                      0x08001c0d   Thumb Code    42  port.o(i.xPortStartScheduler)
    xQueueGenericCreate                      0x08001c41   Thumb Code    76  queue.o(i.xQueueGenericCreate)
    xQueueGenericReset                       0x08001c8d   Thumb Code   156  queue.o(i.xQueueGenericReset)
    xQueueGenericSend                        0x08001d2d   Thumb Code   276  queue.o(i.xQueueGenericSend)
    xQueueGenericSendFromISR                 0x08001e45   Thumb Code   138  queue.o(i.xQueueGenericSendFromISR)
    xQueueReceive                            0x08001ed1   Thumb Code   256  queue.o(i.xQueueReceive)
    xTaskCheckForTimeOut                     0x08001fd5   Thumb Code    88  tasks.o(i.xTaskCheckForTimeOut)
    xTaskCreate                              0x08002035   Thumb Code    96  tasks.o(i.xTaskCreate)
    xTaskGenericNotifyFromISR                0x08002095   Thumb Code   480  tasks.o(i.xTaskGenericNotifyFromISR)
    xTaskGenericNotifyWait                   0x0800228d   Thumb Code   164  tasks.o(i.xTaskGenericNotifyWait)
    xTaskGetSchedulerState                   0x08002339   Thumb Code    24  tasks.o(i.xTaskGetSchedulerState)
    xTaskGetTickCount                        0x08002359   Thumb Code     6  tasks.o(i.xTaskGetTickCount)
    xTaskIncrementTick                       0x08002365   Thumb Code   356  tasks.o(i.xTaskIncrementTick)
    xTaskRemoveFromEventList                 0x080024f5   Thumb Code   240  tasks.o(i.xTaskRemoveFromEventList)
    xTaskResumeAll                           0x080025fd   Thumb Code   310  tasks.o(i.xTaskResumeAll)
    xTimerCreate                             0x08002759   Thumb Code    54  timers.o(i.xTimerCreate)
    xTimerCreateTimerTask                    0x08002791   Thumb Code    40  timers.o(i.xTimerCreateTimerTask)
    xTimerGenericCommand                     0x080027cd   Thumb Code   102  timers.o(i.xTimerGenericCommand)
    Region$$Table$$Base                      0x08002838   Number         0  anon$$obj.o(Region$$Table)
    Region$$Table$$Limit                     0x08002858   Number         0  anon$$obj.o(Region$$Table)
    RxCounter                                0x20000000   Data           1  main.o(.data)
    xTaskHandle1                             0x20000004   Data           4  main.o(.data)
    xTaskHandle2                             0x20000008   Data           4  main.o(.data)
    xTaskHandle3                             0x2000000c   Data           4  main.o(.data)
    xTaskHandle4                             0x20000010   Data           4  main.o(.data)
    led_timer_handle                         0x20000014   Data           4  main.o(.data)
    command_queue                            0x20000018   Data           4  main.o(.data)
    uart_write_queue                         0x2000001c   Data           4  main.o(.data)
    menu                                     0x20000020   Data         217  main.o(.data)
    pxCurrentTCB                             0x20000110   Data           4  tasks.o(.data)
    uxTopUsedPriority                        0x20000148   Data           4  tasks.o(.data)
    RxBuffer                                 0x20000188   Data          20  main.o(.bss)
    __initial_sp                             0x20004e90   Data           0  startup_stm32f10x_md.o(STACK)



==============================================================================

Memory Map of the image

  Image Entry point : 0x0800019d

  Load Region LR_1 (Base: 0x08000000, Size: 0x000029e0, Max: 0xffffffff, ABSOLUTE, COMPRESSED[0x000028e0])

    Execution Region ER_RO (Exec base: 0x08000000, Load base: 0x08000000, Size: 0x00002858, Max: 0xffffffff, ABSOLUTE)

    Exec Addr    Load Addr    Size         Type   Attr      Idx    E Section Name        Object

    0x08000000   0x08000000   0x000000ec   Data   RO          132    RESET               startup_stm32f10x_md.o
    0x080000ec   0x080000ec   0x00000000   Code   RO         1846  * .ARM.Collect$$$$00000000  mc_w.l(entry.o)
    0x080000ec   0x080000ec   0x00000004   Code   RO         2114    .ARM.Collect$$$$00000001  mc_w.l(entry2.o)
    0x080000f0   0x080000f0   0x00000004   Code   RO         2117    .ARM.Collect$$$$00000004  mc_w.l(entry5.o)
    0x080000f4   0x080000f4   0x00000000   Code   RO         2119    .ARM.Collect$$$$00000008  mc_w.l(entry7b.o)
    0x080000f4   0x080000f4   0x00000000   Code   RO         2121    .ARM.Collect$$$$0000000A  mc_w.l(entry8b.o)
    0x080000f4   0x080000f4   0x00000008   Code   RO         2122    .ARM.Collect$$$$0000000B  mc_w.l(entry9a.o)
    0x080000fc   0x080000fc   0x00000004   Code   RO         2129    .ARM.Collect$$$$0000000E  mc_w.l(entry12b.o)
    0x08000100   0x08000100   0x00000000   Code   RO         2124    .ARM.Collect$$$$0000000F  mc_w.l(entry10a.o)
    0x08000100   0x08000100   0x00000000   Code   RO         2126    .ARM.Collect$$$$00000011  mc_w.l(entry11a.o)
    0x08000100   0x08000100   0x00000004   Code   RO         2115    .ARM.Collect$$$$00002712  mc_w.l(entry2.o)
    0x08000104   0x08000104   0x00000096   Code   RO         1720    .emb_text           port.o
    0x0800019a   0x0800019a   0x00000002   PAD
    0x0800019c   0x0800019c   0x00000024   Code   RO          133  * .text               startup_stm32f10x_md.o
    0x080001c0   0x080001c0   0x00000024   Code   RO         1849    .text               mc_w.l(memcpya.o)
    0x080001e4   0x080001e4   0x0000002c   Code   RO         2133    .text               mc_w.l(uidiv.o)
    0x08000210   0x08000210   0x00000024   Code   RO         2148    .text               mc_w.l(init.o)
    0x08000234   0x08000234   0x00000056   Code   RO         2168    .text               mc_w.l(__dczerorl2.o)
    0x0800028a   0x0800028a   0x00000004   Code   RO          309    i.BusFault_Handler  stm32f10x_it.o
    0x0800028e   0x0800028e   0x00000002   Code   RO          310    i.DebugMon_Handler  stm32f10x_it.o
    0x08000290   0x08000290   0x0000002c   Code   RO          137    i.GPIOLed_Config    main.o
    0x080002bc   0x080002bc   0x00000024   Code   RO          138    i.GPIONutNhan_Config  main.o
    0x080002e0   0x080002e0   0x00000044   Code   RO          949    i.GPIOUsart1_Config  my_usart.o
    0x08000324   0x08000324   0x00000116   Code   RO          461    i.GPIO_Init         stm32f10x_gpio.o
    0x0800043a   0x0800043a   0x00000012   Code   RO          467    i.GPIO_ReadOutputDataBit  stm32f10x_gpio.o
    0x0800044c   0x0800044c   0x00000004   Code   RO          468    i.GPIO_ResetBits    stm32f10x_gpio.o
    0x08000450   0x08000450   0x00000004   Code   RO          469    i.GPIO_SetBits      stm32f10x_gpio.o
    0x08000454   0x08000454   0x00000004   Code   RO          311    i.HardFault_Handler  stm32f10x_it.o
    0x08000458   0x08000458   0x00000004   Code   RO          312    i.MemManage_Handler  stm32f10x_it.o
    0x0800045c   0x0800045c   0x00000002   Code   RO          313    i.NMI_Handler       stm32f10x_it.o
    0x0800045e   0x0800045e   0x00000002   PAD
    0x08000460   0x08000460   0x00000020   Code   RO          573    i.RCC_APB2PeriphClockCmd  stm32f10x_rcc.o
    0x08000480   0x08000480   0x000000d4   Code   RO          581    i.RCC_GetClocksFreq  stm32f10x_rcc.o
    0x08000554   0x08000554   0x00000008   Code   RO           17    i.SetSysClock       system_stm32f10x.o
    0x0800055c   0x0800055c   0x000000e0   Code   RO           18    i.SetSysClockTo72   system_stm32f10x.o
    0x0800063c   0x0800063c   0x00000034   Code   RO         1721    i.SysTick_Handler   port.o
    0x08000670   0x08000670   0x00000060   Code   RO           20    i.SystemInit        system_stm32f10x.o
    0x080006d0   0x080006d0   0x00000094   Code   RO          950    i.USART1_Config     my_usart.o
    0x08000764   0x08000764   0x00000088   Code   RO          314    i.USART1_IRQHandler  stm32f10x_it.o
    0x080007ec   0x080007ec   0x00000012   Code   RO          769    i.USART_ClearFlag   stm32f10x_usart.o
    0x080007fe   0x080007fe   0x00000018   Code   RO          773    i.USART_Cmd         stm32f10x_usart.o
    0x08000816   0x08000816   0x0000001a   Code   RO          776    i.USART_GetFlagStatus  stm32f10x_usart.o
    0x08000830   0x08000830   0x0000004a   Code   RO          779    i.USART_ITConfig    stm32f10x_usart.o
    0x0800087a   0x0800087a   0x00000002   PAD
    0x0800087c   0x0800087c   0x000000d8   Code   RO          780    i.USART_Init        stm32f10x_usart.o
    0x08000954   0x08000954   0x0000001e   Code   RO          951    i.USART_PutChar     my_usart.o
    0x08000972   0x08000972   0x0000001a   Code   RO          953    i.USART_PutString   my_usart.o
    0x0800098c   0x0800098c   0x0000000a   Code   RO          787    i.USART_ReceiveData  stm32f10x_usart.o
    0x08000996   0x08000996   0x00000008   Code   RO          790    i.USART_SendData    stm32f10x_usart.o
    0x0800099e   0x0800099e   0x00000004   Code   RO          315    i.UsageFault_Handler  stm32f10x_it.o
    0x080009a2   0x080009a2   0x00000002   PAD
    0x080009a4   0x080009a4   0x00000028   Code   RO         1900    i.__0sprintf$1      mc_w.l(printf1.o)
    0x080009cc   0x080009cc   0x0000000e   Code   RO         2162    i.__scatterload_copy  mc_w.l(handlers.o)
    0x080009da   0x080009da   0x00000002   Code   RO         2163    i.__scatterload_null  mc_w.l(handlers.o)
    0x080009dc   0x080009dc   0x0000000e   Code   RO         2164    i.__scatterload_zeroinit  mc_w.l(handlers.o)
    0x080009ea   0x080009ea   0x00000002   PAD
    0x080009ec   0x080009ec   0x00000154   Code   RO         1905    i._printf_core      mc_w.l(printf1.o)
    0x08000b40   0x08000b40   0x0000000a   Code   RO         1907    i._sputc            mc_w.l(printf1.o)
    0x08000b4a   0x08000b4a   0x00000002   Code   RO          139    i.getArguments      main.o
    0x08000b4c   0x08000b4c   0x0000000a   Code   RO          140    i.getCommandcode    main.o
    0x08000b56   0x08000b56   0x00000002   PAD
    0x08000b58   0x08000b58   0x0000002c   Code   RO          141    i.led_toggle        main.o
    0x08000b84   0x08000b84   0x0000006c   Code   RO          142    i.led_toggle_start  main.o
    0x08000bf0   0x08000bf0   0x0000001c   Code   RO          143    i.led_toggle_stop   main.o
    0x08000c0c   0x08000c0c   0x00000130   Code   RO          144    i.main              main.o
    0x08000d3c   0x08000d3c   0x00000014   Code   RO          145    i.make_led_off      main.o
    0x08000d50   0x08000d50   0x00000014   Code   RO          146    i.make_led_on       main.o
    0x08000d64   0x08000d64   0x00000002   Code   RO          147    i.print_error_message  main.o
    0x08000d66   0x08000d66   0x00000002   PAD
    0x08000d68   0x08000d68   0x000000c0   Code   RO         1278    i.prvAddCurrentTaskToDelayedList  tasks.o
    0x08000e28   0x08000e28   0x000000e4   Code   RO         1279    i.prvAddNewTaskToReadyList  tasks.o
    0x08000f0c   0x08000f0c   0x0000004c   Code   RO         1582    i.prvCheckForValidListAndQueue  timers.o
    0x08000f58   0x08000f58   0x00000048   Code   RO         1280    i.prvCheckTasksWaitingTermination  tasks.o
    0x08000fa0   0x08000fa0   0x0000002a   Code   RO         1133    i.prvCopyDataFromQueue  queue.o
    0x08000fca   0x08000fca   0x0000006a   Code   RO         1134    i.prvCopyDataToQueue  queue.o
    0x08001034   0x08001034   0x00000012   Code   RO         1281    i.prvDeleteTCB      tasks.o
    0x08001046   0x08001046   0x00000002   PAD
    0x08001048   0x08001048   0x00000028   Code   RO         1583    i.prvGetNextExpireTime  timers.o
    0x08001070   0x08001070   0x0000007c   Code   RO         1791    i.prvHeapInit       heap_4.o
    0x080010ec   0x080010ec   0x00000028   Code   RO         1282    i.prvIdleTask       tasks.o
    0x08001114   0x08001114   0x00000026   Code   RO         1135    i.prvInitialiseNewQueue  queue.o
    0x0800113a   0x0800113a   0x0000008a   Code   RO         1283    i.prvInitialiseNewTask  tasks.o
    0x080011c4   0x080011c4   0x00000038   Code   RO         1584    i.prvInitialiseNewTimer  timers.o
    0x080011fc   0x080011fc   0x00000068   Code   RO         1284    i.prvInitialiseTaskLists  tasks.o
    0x08001264   0x08001264   0x00000068   Code   RO         1792    i.prvInsertBlockIntoFreeList  heap_4.o
    0x080012cc   0x080012cc   0x00000058   Code   RO         1585    i.prvInsertTimerInActiveList  timers.o
    0x08001324   0x08001324   0x0000001a   Code   RO         1136    i.prvIsQueueEmpty   queue.o
    0x0800133e   0x0800133e   0x0000001e   Code   RO         1137    i.prvIsQueueFull    queue.o
    0x0800135c   0x0800135c   0x00000044   Code   RO         1586    i.prvProcessExpiredTimer  timers.o
    0x080013a0   0x080013a0   0x000000f8   Code   RO         1587    i.prvProcessReceivedCommands  timers.o
    0x08001498   0x08001498   0x00000074   Code   RO         1588    i.prvProcessTimerOrBlockTask  timers.o
    0x0800150c   0x0800150c   0x00000028   Code   RO         1589    i.prvReloadTimer    timers.o
    0x08001534   0x08001534   0x00000030   Code   RO         1285    i.prvResetNextTaskUnblockTime  tasks.o
    0x08001564   0x08001564   0x0000002c   Code   RO         1590    i.prvSampleTimeNow  timers.o
    0x08001590   0x08001590   0x00000044   Code   RO         1591    i.prvSwitchTimerLists  timers.o
    0x080015d4   0x080015d4   0x00000016   Code   RO         1722    i.prvTaskExitError  port.o
    0x080015ea   0x080015ea   0x0000001a   Code   RO         1592    i.prvTimerTask      timers.o
    0x08001604   0x08001604   0x0000007e   Code   RO         1138    i.prvUnlockQueue    queue.o
    0x08001682   0x08001682   0x00000002   PAD
    0x08001684   0x08001684   0x000000fc   Code   RO         1793    i.pvPortMalloc      heap_4.o
    0x08001780   0x08001780   0x00000024   Code   RO         1723    i.pxPortInitialiseStack  port.o
    0x080017a4   0x080017a4   0x00000050   Code   RO          148    i.read_led_status   main.o
    0x080017f4   0x080017f4   0x00000028   Code   RO         1094    i.uxListRemove      list.o
    0x0800181c   0x0800181c   0x0000001a   Code   RO         1095    i.vListInitialise   list.o
    0x08001836   0x08001836   0x00000006   Code   RO         1096    i.vListInitialiseItem  list.o
    0x0800183c   0x0800183c   0x00000034   Code   RO         1097    i.vListInsert       list.o
    0x08001870   0x08001870   0x00000024   Code   RO         1725    i.vPortEnterCritical  port.o
    0x08001894   0x08001894   0x00000020   Code   RO         1726    i.vPortExitCritical  port.o
    0x080018b4   0x080018b4   0x00000058   Code   RO         1794    i.vPortFree         heap_4.o
    0x0800190c   0x0800190c   0x00000018   Code   RO         1727    i.vPortSetupTimerInterrupt  port.o
    0x08001924   0x08001924   0x0000004a   Code   RO         1143    i.vQueueWaitForMessageRestricted  queue.o
    0x0800196e   0x0800196e   0x00000002   PAD
    0x08001970   0x08001970   0x00000034   Code   RO          150    i.vTask1_menu_display  main.o
    0x080019a4   0x080019a4   0x00000054   Code   RO          151    i.vTask2_cmd_handling  main.o
    0x080019f8   0x080019f8   0x00000074   Code   RO          152    i.vTask3_cmd_processing  main.o
    0x08001a6c   0x08001a6c   0x00000028   Code   RO          153    i.vTask4_uart_write  main.o
    0x08001a94   0x08001a94   0x00000018   Code   RO         1297    i.vTaskInternalSetTimeOutState  tasks.o
    0x08001aac   0x08001aac   0x0000000c   Code   RO         1298    i.vTaskMissedYield  tasks.o
    0x08001ab8   0x08001ab8   0x00000020   Code   RO         1299    i.vTaskPlaceOnEventList  tasks.o
    0x08001ad8   0x08001ad8   0x0000004c   Code   RO         1300    i.vTaskPlaceOnEventListRestricted  tasks.o
    0x08001b24   0x08001b24   0x00000078   Code   RO         1306    i.vTaskStartScheduler  tasks.o
    0x08001b9c   0x08001b9c   0x00000010   Code   RO         1308    i.vTaskSuspendAll   tasks.o
    0x08001bac   0x08001bac   0x00000060   Code   RO         1309    i.vTaskSwitchContext  tasks.o
    0x08001c0c   0x08001c0c   0x00000034   Code   RO         1728    i.xPortStartScheduler  port.o
    0x08001c40   0x08001c40   0x0000004c   Code   RO         1144    i.xQueueGenericCreate  queue.o
    0x08001c8c   0x08001c8c   0x000000a0   Code   RO         1145    i.xQueueGenericReset  queue.o
    0x08001d2c   0x08001d2c   0x00000118   Code   RO         1146    i.xQueueGenericSend  queue.o
    0x08001e44   0x08001e44   0x0000008a   Code   RO         1147    i.xQueueGenericSendFromISR  queue.o
    0x08001ece   0x08001ece   0x00000002   PAD
    0x08001ed0   0x08001ed0   0x00000104   Code   RO         1153    i.xQueueReceive     queue.o
    0x08001fd4   0x08001fd4   0x00000060   Code   RO         1311    i.xTaskCheckForTimeOut  tasks.o
    0x08002034   0x08002034   0x00000060   Code   RO         1312    i.xTaskCreate       tasks.o
    0x08002094   0x08002094   0x000001f8   Code   RO         1315    i.xTaskGenericNotifyFromISR  tasks.o
    0x0800228c   0x0800228c   0x000000ac   Code   RO         1317    i.xTaskGenericNotifyWait  tasks.o
    0x08002338   0x08002338   0x00000020   Code   RO         1318    i.xTaskGetSchedulerState  tasks.o
    0x08002358   0x08002358   0x0000000c   Code   RO         1319    i.xTaskGetTickCount  tasks.o
    0x08002364   0x08002364   0x00000190   Code   RO         1321    i.xTaskIncrementTick  tasks.o
    0x080024f4   0x080024f4   0x00000108   Code   RO         1322    i.xTaskRemoveFromEventList  tasks.o
    0x080025fc   0x080025fc   0x0000015c   Code   RO         1323    i.xTaskResumeAll    tasks.o
    0x08002758   0x08002758   0x00000036   Code   RO         1597    i.xTimerCreate      timers.o
    0x0800278e   0x0800278e   0x00000002   PAD
    0x08002790   0x08002790   0x0000003c   Code   RO         1598    i.xTimerCreateTimerTask  timers.o
    0x080027cc   0x080027cc   0x0000006c   Code   RO         1599    i.xTimerGenericCommand  timers.o
    0x08002838   0x08002838   0x00000020   Data   RO         2160    Region$$Table       anon$$obj.o


    Execution Region ER_RW (Exec base: 0x20000000, Load base: 0x08002858, Size: 0x00000188, Max: 0xffffffff, ABSOLUTE, COMPRESSED[0x00000088])

    Exec Addr    Load Addr    Size         Type   Attr      Idx    E Section Name        Object

    0x20000000   COMPRESSED   0x000000f9   Data   RW          155    .data               main.o
    0x200000f9   COMPRESSED   0x00000014   Data   RW          601    .data               stm32f10x_rcc.o
    0x2000010d   COMPRESSED   0x00000003   PAD
    0x20000110   COMPRESSED   0x00000040   Data   RW         1326    .data               tasks.o
    0x20000150   COMPRESSED   0x00000014   Data   RW         1605    .data               timers.o
    0x20000164   COMPRESSED   0x00000004   Data   RW         1729    .data               port.o
    0x20000168   COMPRESSED   0x00000020   Data   RW         1800    .data               heap_4.o


    Execution Region ER_ZI (Exec base: 0x20000188, Load base: 0x080028e0, Size: 0x00004d08, Max: 0xffffffff, ABSOLUTE)

    Exec Addr    Load Addr    Size         Type   Attr      Idx    E Section Name        Object

    0x20000188        -       0x00000014   Zero   RW          154    .bss                main.o
    0x2000019c        -       0x000000c8   Zero   RW         1325    .bss                tasks.o
    0x20000264        -       0x00000028   Zero   RW         1604    .bss                timers.o
    0x2000028c        -       0x00004800   Zero   RW         1799    .bss                heap_4.o
    0x20004a8c   0x080028e0   0x00000004   PAD
    0x20004a90        -       0x00000400   Zero   RW          130    STACK               startup_stm32f10x_md.o


==============================================================================

Image component sizes


      Code (inc. data)   RO Data    RW Data    ZI Data      Debug   Object Name

         0          0          0          0          0       4532   core_cm3.o
         0          0          0          0          0      14472   event_groups.o
       568         72          0         32      18432       3939   heap_4.o
       124          0          0          0          0       2633   list.o
       990        254          0        249         20      27348   main.o
       272         18          0          0          0      17857   my_usart.o
       404         48          0          4          0       8996   port.o
      1356         12          0          0          0      13179   queue.o
        36          8        236          0       1024        888   startup_stm32f10x_md.o
       304          0          0          0          0       3945   stm32f10x_gpio.o
       156         26          0          0          0       2969   stm32f10x_it.o
       244         26          0         20          0       4097   stm32f10x_rcc.o
       376          6          0          0          0       6331   stm32f10x_usart.o
       328         28          0          0          0     227501   system_stm32f10x.o
      3140        366          0         64        200      32222   tasks.o
      1092        106          0         20         40      12846   timers.o

    ----------------------------------------------------------------------
      9412        970        268        392      19720     383755   Object Totals
         0          0         32          0          0          0   (incl. Generated)
        22          0          0          3          4          0   (incl. Padding)

    ----------------------------------------------------------------------

      Code (inc. data)   RO Data    RW Data    ZI Data      Debug   Library Member Name

        86          0          0          0          0          0   __dczerorl2.o
         0          0          0          0          0          0   entry.o
         0          0          0          0          0          0   entry10a.o
         0          0          0          0          0          0   entry11a.o
         4          0          0          0          0          0   entry12b.o
         8          4          0          0          0          0   entry2.o
         4          0          0          0          0          0   entry5.o
         0          0          0          0          0          0   entry7b.o
         0          0          0          0          0          0   entry8b.o
         8          4          0          0          0          0   entry9a.o
        30          0          0          0          0          0   handlers.o
        36          8          0          0          0         68   init.o
        36          0          0          0          0         68   memcpya.o
       390         10          0          0          0        252   printf1.o
        44          0          0          0          0         80   uidiv.o

    ----------------------------------------------------------------------
       648         26          0          0          0        468   Library Totals
         2          0          0          0          0          0   (incl. Padding)

    ----------------------------------------------------------------------

      Code (inc. data)   RO Data    RW Data    ZI Data      Debug   Library Name

       646         26          0          0          0        468   mc_w.l

    ----------------------------------------------------------------------
       648         26          0          0          0        468   Library Totals

    ----------------------------------------------------------------------

==============================================================================


      Code (inc. data)   RO Data    RW Data    ZI Data      Debug   

     10060        996        268        392      19720     378839   Grand Totals
     10060        996        268        136      19720     378839   ELF Image Totals (compressed)
     10060        996        268        136          0          0   ROM Totals

==============================================================================

    Total RO  Size (Code + RO Data)                10328 (  10.09kB)
    Total RW  Size (RW Data + ZI Data)             20112 (  19.64kB)
    Total ROM Size (Code + RO Data + RW Data)      10464 (  10.22kB)

==============================================================================

